Archive member included to satisfy reference by file (symbol)

c:/altera/16.0/nios2eds/bin/gnu/h-x86_64-mingw32/bin/../lib/gcc/nios2-elf/5.2.0/mno-hw-mul\libgcc.a(_fixunssfsi.o)
                              obj/default/types.o (__fixunssfsi)
c:/altera/16.0/nios2eds/bin/gnu/h-x86_64-mingw32/bin/../lib/gcc/nios2-elf/5.2.0/mno-hw-mul\libgcc.a(lib2-divmod.o)
                              obj/default/main.o (__modsi3)
c:/altera/16.0/nios2eds/bin/gnu/h-x86_64-mingw32/bin/../lib/gcc/nios2-elf/5.2.0/mno-hw-mul\libgcc.a(addsf3.o)
                              obj/default/main.o (__addsf3)
c:/altera/16.0/nios2eds/bin/gnu/h-x86_64-mingw32/bin/../lib/gcc/nios2-elf/5.2.0/mno-hw-mul\libgcc.a(divsf3.o)
                              obj/default/main.o (__divsf3)
c:/altera/16.0/nios2eds/bin/gnu/h-x86_64-mingw32/bin/../lib/gcc/nios2-elf/5.2.0/mno-hw-mul\libgcc.a(eqsf2.o)
                              obj/default/main.o (__eqsf2)
c:/altera/16.0/nios2eds/bin/gnu/h-x86_64-mingw32/bin/../lib/gcc/nios2-elf/5.2.0/mno-hw-mul\libgcc.a(gesf2.o)
                              obj/default/main.o (__gesf2)
c:/altera/16.0/nios2eds/bin/gnu/h-x86_64-mingw32/bin/../lib/gcc/nios2-elf/5.2.0/mno-hw-mul\libgcc.a(lesf2.o)
                              obj/default/types.o (__ltsf2)
c:/altera/16.0/nios2eds/bin/gnu/h-x86_64-mingw32/bin/../lib/gcc/nios2-elf/5.2.0/mno-hw-mul\libgcc.a(mulsf3.o)
                              obj/default/formula.o (__mulsf3)
c:/altera/16.0/nios2eds/bin/gnu/h-x86_64-mingw32/bin/../lib/gcc/nios2-elf/5.2.0/mno-hw-mul\libgcc.a(subsf3.o)
                              obj/default/formula.o (__subsf3)
c:/altera/16.0/nios2eds/bin/gnu/h-x86_64-mingw32/bin/../lib/gcc/nios2-elf/5.2.0/mno-hw-mul\libgcc.a(fixsfsi.o)
                              c:/altera/16.0/nios2eds/bin/gnu/h-x86_64-mingw32/bin/../lib/gcc/nios2-elf/5.2.0/mno-hw-mul\libgcc.a(_fixunssfsi.o) (__fixsfsi)
c:/altera/16.0/nios2eds/bin/gnu/h-x86_64-mingw32/bin/../lib/gcc/nios2-elf/5.2.0/mno-hw-mul\libgcc.a(floatsisf.o)
                              obj/default/main.o (__floatsisf)
c:/altera/16.0/nios2eds/bin/gnu/h-x86_64-mingw32/bin/../lib/gcc/nios2-elf/5.2.0/mno-hw-mul\libgcc.a(floatunsisf.o)
                              obj/default/main.o (__floatunsisf)
c:/altera/16.0/nios2eds/bin/gnu/h-x86_64-mingw32/bin/../lib/gcc/nios2-elf/5.2.0/mno-hw-mul\libgcc.a(adddf3.o)
                              obj/default/types.o (__adddf3)
c:/altera/16.0/nios2eds/bin/gnu/h-x86_64-mingw32/bin/../lib/gcc/nios2-elf/5.2.0/mno-hw-mul\libgcc.a(ledf2.o)
                              obj/default/main.o (__ltdf2)
c:/altera/16.0/nios2eds/bin/gnu/h-x86_64-mingw32/bin/../lib/gcc/nios2-elf/5.2.0/mno-hw-mul\libgcc.a(muldf3.o)
                              obj/default/types.o (__muldf3)
c:/altera/16.0/nios2eds/bin/gnu/h-x86_64-mingw32/bin/../lib/gcc/nios2-elf/5.2.0/mno-hw-mul\libgcc.a(subdf3.o)
                              obj/default/types.o (__subdf3)
c:/altera/16.0/nios2eds/bin/gnu/h-x86_64-mingw32/bin/../lib/gcc/nios2-elf/5.2.0/mno-hw-mul\libgcc.a(extendsfdf2.o)
                              obj/default/formula.o (__extendsfdf2)
c:/altera/16.0/nios2eds/bin/gnu/h-x86_64-mingw32/bin/../lib/gcc/nios2-elf/5.2.0/mno-hw-mul\libgcc.a(truncdfsf2.o)
                              obj/default/types.o (__truncdfsf2)
c:/altera/16.0/nios2eds/bin/gnu/h-x86_64-mingw32/bin/../lib/gcc/nios2-elf/5.2.0/mno-hw-mul\libgcc.a(_clzsi2.o)
                              c:/altera/16.0/nios2eds/bin/gnu/h-x86_64-mingw32/bin/../lib/gcc/nios2-elf/5.2.0/mno-hw-mul\libgcc.a(addsf3.o) (__clzsi2)
c:/altera/16.0/nios2eds/bin/gnu/h-x86_64-mingw32/bin/../lib/gcc/nios2-elf/5.2.0/mno-hw-mul\libgcc.a(lib2-mul.o)
                              c:/altera/16.0/nios2eds/bin/gnu/h-x86_64-mingw32/bin/../lib/gcc/nios2-elf/5.2.0/mno-hw-mul\libgcc.a(mulsf3.o) (__mulsi3)
c:/altera/16.0/nios2eds/bin/gnu/h-x86_64-mingw32/bin/../lib/gcc/nios2-elf/5.2.0/mno-hw-mul\libgcc.a(_clz.o)
                              c:/altera/16.0/nios2eds/bin/gnu/h-x86_64-mingw32/bin/../lib/gcc/nios2-elf/5.2.0/mno-hw-mul\libgcc.a(_clzsi2.o) (__clz_tab)
../neural_bsp//newlib/nios2-elf/lib\libc.a(lib_a-atoi.o)
                              obj/default/main.o (atoi)
../neural_bsp//newlib/nios2-elf/lib\libc.a(lib_a-calloc.o)
                              obj/default/types.o (calloc)
../neural_bsp//newlib/nios2-elf/lib\libc.a(lib_a-callocr.o)
                              ../neural_bsp//newlib/nios2-elf/lib\libc.a(lib_a-calloc.o) (_calloc_r)
../neural_bsp//newlib/nios2-elf/lib\libc.a(lib_a-drand48.o)
                              obj/default/types.o (drand48)
../neural_bsp//newlib/nios2-elf/lib\libc.a(lib_a-erand48.o)
                              ../neural_bsp//newlib/nios2-elf/lib\libc.a(lib_a-drand48.o) (_erand48_r)
../neural_bsp//newlib/nios2-elf/lib\libc.a(lib_a-getc.o)
                              obj/default/main.o (getc)
../neural_bsp//newlib/nios2-elf/lib\libc.a(lib_a-impure.o)
                              obj/default/main.o (_impure_ptr)
[...]
Memory Configuration

Name             Origin             Length             Attributes
onchip_memory2_0 0x0000000000000000 0x0000000000000010
reset            0x0000000010000000 0x0000000000000020
sdram            0x0000000010000020 0x0000000007ffffe0
*default*        0x0000000000000000 0xffffffffffffffff

Linker script and memory map

LOAD ../neural_bsp//obj/HAL/src/crt0.o
LOAD obj/default/formula.o
LOAD obj/default/main.o
LOAD obj/default/types.o
LOAD c:/altera/16.0/nios2eds/bin/gnu/h-x86_64-mingw32/bin/../lib/gcc/nios2-elf/5.2.0/../../../../../H-x86_64-mingw32/nios2-elf/lib/mno-hw-mul\libstdc++.a
LOAD ../neural_bsp//newlib/nios2-elf/lib\libm.a
LOAD c:/altera/16.0/nios2eds/bin/gnu/h-x86_64-mingw32/bin/../lib/gcc/nios2-elf/5.2.0/mno-hw-mul\libgcc.a
START GROUP
LOAD ../neural_bsp//newlib/nios2-elf/lib\libc.a
LOAD c:/altera/16.0/nios2eds/bin/gnu/h-x86_64-mingw32/bin/../lib/gcc/nios2-elf/5.2.0/mno-hw-mul\libgcc.a
LOAD ../neural_bsp/\libhal_bsp.a
LOAD ../neural_bsp//newlib/nios2-elf/lib\libm.a
END GROUP
LOAD c:/altera/16.0/nios2eds/bin/gnu/h-x86_64-mingw32/bin/../lib/gcc/nios2-elf/5.2.0/mno-hw-mul\libgcc.a
                0x0000000000000000                __alt_mem_onchip_memory2_0 = 0x0
                0x0000000010000000                __alt_mem_sdram = 0x10000000

.entry          0x0000000010000000       0x20
 *(.entry)
 .entry         0x0000000010000000       0x20 ../neural_bsp//obj/HAL/src/crt0.o
                0x0000000010000000                __reset

.exceptions     0x0000000010000020      0x210
                0x0000000010000020                PROVIDE (__ram_exceptions_start, ABSOLUTE (.))
                0x0000000010000020                . = ALIGN (0x20)
 *(.irq)
 *(.exceptions.entry.label)
 .exceptions.entry.label
                0x0000000010000020        0x0 ../neural_bsp/\libhal_bsp.a(alt_irq_entry.o)
                0x0000000010000020                alt_irq_entry
 .exceptions.entry.label
                0x0000000010000020        0x0 ../neural_bsp/\libhal_bsp.a(alt_exception_entry.o)
                0x0000000010000020                alt_exception
 *(.exceptions.entry.user)
 *(.exceptions.entry.ecc_fatal)
 *(.exceptions.entry)
 .exceptions.entry
                0x0000000010000020       0x54 ../neural_bsp/\libhal_bsp.a(alt_exception_entry.o)
 *(.exceptions.irqtest.user)
 *(.exceptions.irqtest)
 .exceptions.irqtest
                0x0000000010000074       0x10 ../neural_bsp/\libhal_bsp.a(alt_irq_entry.o)
 *(.exceptions.irqhandler.user)
 *(.exceptions.irqhandler)
 .exceptions.irqhandler
                0x0000000010000084        0x4 ../neural_bsp/\libhal_bsp.a(alt_irq_entry.o)
 *(.exceptions.irqreturn.user)
 *(.exceptions.irqreturn)
 .exceptions.irqreturn
                0x0000000010000088        0x4 ../neural_bsp/\libhal_bsp.a(alt_irq_entry.o)
 *(.exceptions.notirq.label)
 .exceptions.notirq.label
                0x000000001000008c        0x0 ../neural_bsp/\libhal_bsp.a(alt_irq_entry.o)
 *(.exceptions.notirq.user)
 *(.exceptions.notirq)
 .exceptions.notirq
                0x000000001000008c        0x8 ../neural_bsp/\libhal_bsp.a(alt_exception_entry.o)
 *(.exceptions.soft.user)
 *(.exceptions.soft)
 *(.exceptions.unknown.user)
 *(.exceptions.unknown)
 .exceptions.unknown
                0x0000000010000094       0x14 ../neural_bsp/\libhal_bsp.a(alt_exception_entry.o)
 *(.exceptions.exit.label)
 .exceptions.exit.label
                0x00000000100000a8        0x0 ../neural_bsp/\libhal_bsp.a(alt_irq_entry.o)
 .exceptions.exit.label
                0x00000000100000a8        0x0 ../neural_bsp/\libhal_bsp.a(alt_exception_entry.o)
 *(.exceptions.exit.user)
 *(.exceptions.exit)
 .exceptions.exit
                0x00000000100000a8       0x54 ../neural_bsp/\libhal_bsp.a(alt_exception_entry.o)
 *(.exceptions)
 .exceptions    0x00000000100000fc       0xd4 ../neural_bsp/\libhal_bsp.a(alt_irq_handler.o)
                0x00000000100000fc                alt_irq_handler
 .exceptions    0x00000000100001d0       0x60 ../neural_bsp/\libhal_bsp.a(alt_instruction_exception_entry.o)
                0x00000000100001d0                alt_instruction_exception_entry
                0x0000000010000230                PROVIDE (__ram_exceptions_end, ABSOLUTE (.))
                0x0000000010000020                PROVIDE (__flash_exceptions_start, LOADADDR (.exceptions))

.text           0x0000000010000230    0x18530
                [!provide]                        PROVIDE (stext, ABSOLUTE (.))
 *(.interp)
 *(.hash)
 *(.dynsym)
 *(.dynstr)
 *(.gnu.version)
 *(.gnu.version_d)
 *(.gnu.version_r)
 *(.rel.init)
 *(.rela.init)
 *(.rel.text .rel.text.* .rel.gnu.linkonce.t.*)
 *(.rela.text .rela.text.* .rela.gnu.linkonce.t.*)
 *(.rel.fini)
 *(.rela.fini)
 *(.rel.rodata .rel.rodata.* .rel.gnu.linkonce.r.*)
 *(.rela.rodata .rela.rodata.* .rela.gnu.linkonce.r.*)
 *(.rel.data .rel.data.* .rel.gnu.linkonce.d.*)
 *(.rela.data .rela.data.* .rela.gnu.linkonce.d.*)
 *(.rel.tdata .rel.tdata.* .rel.gnu.linkonce.td.*)
 *(.rela.tdata .rela.tdata.* .rela.gnu.linkonce.td.*)
 *(.rel.tbss .rel.tbss.* .rel.gnu.linkonce.tb.*)
 *(.rela.tbss .rela.tbss.* .rela.gnu.linkonce.tb.*)
 *(.rel.ctors)
 *(.rela.ctors)
 *(.rel.dtors)
 *(.rela.dtors)
 *(.rel.got)
 *(.rela.got)
 *(.rel.sdata .rel.sdata.* .rel.gnu.linkonce.s.*)
 *(.rela.sdata .rela.sdata.* .rela.gnu.linkonce.s.*)
 *(.rel.sbss .rel.sbss.* .rel.gnu.linkonce.sb.*)
 *(.rela.sbss .rela.sbss.* .rela.gnu.linkonce.sb.*)
 *(.rel.sdata2 .rel.sdata2.* .rel.gnu.linkonce.s2.*)
 *(.rela.sdata2 .rela.sdata2.* .rela.gnu.linkonce.s2.*)
 *(.rel.sbss2 .rel.sbss2.* .rel.gnu.linkonce.sb2.*)
 *(.rela.sbss2 .rela.sbss2.* .rela.gnu.linkonce.sb2.*)
 *(.rel.bss .rel.bss.* .rel.gnu.linkonce.b.*)
 *(.rela.bss .rela.bss.* .rela.gnu.linkonce.b.*)
 *(.rel.plt)
 *(.rela.plt)
 *(.rel.dyn)
 *(.init)
 *(.plt)
 *(.text .stub .text.* .gnu.linkonce.t.*)
 .text          0x0000000010000230       0x3c ../neural_bsp//obj/HAL/src/crt0.o
                0x0000000010000230                _start
 .text          0x000000001000026c      0x274 obj/default/formula.o
                0x000000001000026c                sigmoid
                0x00000000100002a4                inv_sigmoid
                0x00000000100002dc                err
                0x0000000010000364                inv_err
                0x00000000100003a8                debug
 .text          0x00000000100004e0      0x89c obj/default/main.o
                0x00000000100004e0                parse_training_data
                0x0000000010000638                parse_testing_data
                0x000000001000076c                main
 .text          0x0000000010000d7c     0x15bc obj/default/types.o
                0x0000000010000d7c                init_array
                0x0000000010000df0                insert_array
                0x0000000010000ee8                get_array_value
                0x0000000010000f48                free_array
                0x0000000010000f9c                print_array
                0x0000000010001040                print_float_array
                0x00000000100010d0                dot_product_1
                0x00000000100011e4                dot_product_2
                0x00000000100012b4                init_layer_1
                0x0000000010001568                eval_layer_1
                0x00000000100016a4                backprop_layer_1
                0x00000000100019a0                free_layer_1
                0x0000000010001b0c                init_layer_2
                0x0000000010001e00                eval_layer_2
                0x0000000010001f1c                backprop_layer_2
                0x00000000100021d4                free_layer_2
 .text          0x0000000010002338       0x60 c:/altera/16.0/nios2eds/bin/gnu/h-x86_64-mingw32/bin/../lib/gcc/nios2-elf/5.2.0/mno-hw-mul\libgcc.a(_fixunssfsi.o)
                0x0000000010002338                __fixunssfsi
 .text          0x0000000010002398      0x1b4 c:/altera/16.0/nios2eds/bin/gnu/h-x86_64-mingw32/bin/../lib/gcc/nios2-elf/5.2.0/mno-hw-mul\libgcc.a(lib2-divmod.o)
                0x0000000010002398                __divsi3
                0x000000001000241c                __modsi3
                0x0000000010002490                __udivsi3
                0x00000000100024f4                __umodsi3
 .text          0x000000001000254c      0x4c8 c:/altera/16.0/nios2eds/bin/gnu/h-x86_64-mingw32/bin/../lib/gcc/nios2-elf/5.2.0/mno-hw-mul\libgcc.a(addsf3.o)
                0x000000001000254c                __addsf3
 .text          0x0000000010002a14      0x440 c:/altera/16.0/nios2eds/bin/gnu/h-x86_64-mingw32/bin/../lib/gcc/nios2-elf/5.2.0/mno-hw-mul\libgcc.a(divsf3.o)
                0x0000000010002a14                __divsf3
 .text          0x0000000010002e54       0x78 c:/altera/16.0/nios2eds/bin/gnu/h-x86_64-mingw32/bin/../lib/gcc/nios2-elf/5.2.0/mno-hw-mul\libgcc.a(eqsf2.o)
                0x0000000010002e54                __eqsf2
                0x0000000010002e54                __nesf2
 .text          0x0000000010002ecc       0xbc c:/altera/16.0/nios2eds/bin/gnu/h-x86_64-mingw32/bin/../lib/gcc/nios2-elf/5.2.0/mno-hw-mul\libgcc.a(gesf2.o)
                0x0000000010002ecc                __gesf2
                0x0000000010002ecc                __gtsf2
 .text          0x0000000010002f88       0xc8 c:/altera/16.0/nios2eds/bin/gnu/h-x86_64-mingw32/bin/../lib/gcc/nios2-elf/5.2.0/mno-hw-mul\libgcc.a(lesf2.o)
                0x0000000010002f88                __ltsf2
                0x0000000010002f88                __lesf2
 .text          0x0000000010003050      0x430 c:/altera/16.0/nios2eds/bin/gnu/h-x86_64-mingw32/bin/../lib/gcc/nios2-elf/5.2.0/mno-hw-mul\libgcc.a(mulsf3.o)
                0x0000000010003050                __mulsf3
 .text          0x0000000010003480      0x4e4 c:/altera/16.0/nios2eds/bin/gnu/h-x86_64-mingw32/bin/../lib/gcc/nios2-elf/5.2.0/mno-hw-mul\libgcc.a(subsf3.o)
                0x0000000010003480                __subsf3
 .text          0x0000000010003964       0x70 c:/altera/16.0/nios2eds/bin/gnu/h-x86_64-mingw32/bin/../lib/gcc/nios2-elf/5.2.0/mno-hw-mul\libgcc.a(fixsfsi.o)
                0x0000000010003964                __fixsfsi
 .text          0x00000000100039d4      0x124 c:/altera/16.0/nios2eds/bin/gnu/h-x86_64-mingw32/bin/../lib/gcc/nios2-elf/5.2.0/mno-hw-mul\libgcc.a(floatsisf.o)
                0x00000000100039d4                __floatsisf
 .text          0x0000000010003af8       0xf0 c:/altera/16.0/nios2eds/bin/gnu/h-x86_64-mingw32/bin/../lib/gcc/nios2-elf/5.2.0/mno-hw-mul\libgcc.a(floatunsisf.o)
                0x0000000010003af8                __floatunsisf
 .text          0x0000000010003be8      0x8ac c:/altera/16.0/nios2eds/bin/gnu/h-x86_64-mingw32/bin/../lib/gcc/nios2-elf/5.2.0/mno-hw-mul\libgcc.a(adddf3.o)
                0x0000000010003be8                __adddf3
 .text          0x0000000010004494       0xf4 c:/altera/16.0/nios2eds/bin/gnu/h-x86_64-mingw32/bin/../lib/gcc/nios2-elf/5.2.0/mno-hw-mul\libgcc.a(ledf2.o)
                0x0000000010004494                __ledf2
                0x0000000010004494                __ltdf2
 .text          0x0000000010004588      0x868 c:/altera/16.0/nios2eds/bin/gnu/h-x86_64-mingw32/bin/../lib/gcc/nios2-elf/5.2.0/mno-hw-mul\libgcc.a(muldf3.o)
                0x0000000010004588                __muldf3
 .text          0x0000000010004df0      0x8fc c:/altera/16.0/nios2eds/bin/gnu/h-x86_64-mingw32/bin/../lib/gcc/nios2-elf/5.2.0/mno-hw-mul\libgcc.a(subdf3.o)
                0x0000000010004df0                __subdf3
 .text          0x00000000100056ec      0x110 c:/altera/16.0/nios2eds/bin/gnu/h-x86_64-mingw32/bin/../lib/gcc/nios2-elf/5.2.0/mno-hw-mul\libgcc.a(extendsfdf2.o)
                0x00000000100056ec                __extendsfdf2
 .text          0x00000000100057fc      0x1a8 c:/altera/16.0/nios2eds/bin/gnu/h-x86_64-mingw32/bin/../lib/gcc/nios2-elf/5.2.0/mno-hw-mul\libgcc.a(truncdfsf2.o)
                0x00000000100057fc                __truncdfsf2
 .text          0x00000000100059a4       0x64 c:/altera/16.0/nios2eds/bin/gnu/h-x86_64-mingw32/bin/../lib/gcc/nios2-elf/5.2.0/mno-hw-mul\libgcc.a(_clzsi2.o)
                0x00000000100059a4                __clzsi2
 .text          0x0000000010005a08       0x28 c:/altera/16.0/nios2eds/bin/gnu/h-x86_64-mingw32/bin/../lib/gcc/nios2-elf/5.2.0/mno-hw-mul\libgcc.a(lib2-mul.o)
                0x0000000010005a08                __mulsi3
 .text          0x0000000010005a30        0x0 c:/altera/16.0/nios2eds/bin/gnu/h-x86_64-mingw32/bin/../lib/gcc/nios2-elf/5.2.0/mno-hw-mul\libgcc.a(_clz.o)
 .text          0x0000000010005a30        0x0 ../neural_bsp//newlib/nios2-elf/lib\libc.a(lib_a-atoi.o)
 .text.atoi     0x0000000010005a30       0x38 ../neural_bsp//newlib/nios2-elf/lib\libc.a(lib_a-atoi.o)
                0x0000000010005a30                atoi
 .text._atoi_r  0x0000000010005a68       0x40 ../neural_bsp//newlib/nios2-elf/lib\libc.a(lib_a-atoi.o)
                0x0000000010005a68                _atoi_r
 .text          0x0000000010005aa8        0x0 ../neural_bsp//newlib/nios2-elf/lib\libc.a(lib_a-calloc.o)
 .text.calloc   0x0000000010005aa8       0x48 ../neural_bsp//newlib/nios2-elf/lib\libc.a(lib_a-calloc.o)
                0x0000000010005aa8                calloc
 .text          0x0000000010005af0        0x0 ../neural_bsp//newlib/nios2-elf/lib\libc.a(lib_a-callocr.o)
 .text._calloc_r
                0x0000000010005af0      0x164 ../neural_bsp//newlib/nios2-elf/lib\libc.a(lib_a-callocr.o)
                0x0000000010005af0                _calloc_r
 .text          0x0000000010005c54        0x0 ../neural_bsp//newlib/nios2-elf/lib\libc.a(lib_a-drand48.o)
 .text._drand48_r
                0x0000000010005c54       0x54 ../neural_bsp//newlib/nios2-elf/lib\libc.a(lib_a-drand48.o)
                0x0000000010005c54                _drand48_r
 .text.drand48  0x0000000010005ca8       0x50 ../neural_bsp//newlib/nios2-elf/lib\libc.a(lib_a-drand48.o)
                0x0000000010005ca8                drand48
 .text          0x0000000010005cf8        0x0 ../neural_bsp//newlib/nios2-elf/lib\libc.a(lib_a-erand48.o)
 .text._erand48_r
                0x0000000010005cf8      0x144 ../neural_bsp//newlib/nios2-elf/lib\libc.a(lib_a-erand48.o)
                0x0000000010005cf8                _erand48_r
 .text.erand48  0x0000000010005e3c       0x58 ../neural_bsp//newlib/nios2-elf/lib\libc.a(lib_a-erand48.o)
                0x0000000010005e3c                erand48
 .text          0x0000000010005e94        0x0 ../neural_bsp//newlib/nios2-elf/lib\libc.a(lib_a-getc.o)
 .text._getc_r  0x0000000010005e94       0x98 ../neural_bsp//newlib/nios2-elf/lib\libc.a(lib_a-getc.o)
                0x0000000010005e94                _getc_r
 .text.getc     0x0000000010005f2c       0xa4 ../neural_bsp//newlib/nios2-elf/lib\libc.a(lib_a-getc.o)
                0x0000000010005f2c                getc
 .text          0x0000000010005fd0        0x0 ../neural_bsp//newlib/nios2-elf/lib\libc.a(lib_a-impure.o)
 .text          0x0000000010005fd0        0x0 ../neural_bsp//newlib/nios2-elf/lib\libc.a(lib_a-malloc.o)
 .text.malloc   0x0000000010005fd0       0x40 ../neural_bsp//newlib/nios2-elf/lib\libc.a(lib_a-malloc.o)
                0x0000000010005fd0                malloc
 .text.free     0x0000000010006010       0x44 ../neural_bsp//newlib/nios2-elf/lib\libc.a(lib_a-malloc.o)
                0x0000000010006010                free
 .text          0x0000000010006054        0x0 ../neural_bsp//newlib/nios2-elf/lib\libc.a(lib_a-mallocr.o)
 .text.malloc_extend_top
                0x0000000010006054      0x3b4 ../neural_bsp//newlib/nios2-elf/lib\libc.a(lib_a-mallocr.o)
 .text._malloc_r
                0x0000000010006408      0xb7c ../neural_bsp//newlib/nios2-elf/lib\libc.a(lib_a-mallocr.o)
                0x0000000010006408                _malloc_r
 .text          0x0000000010006f84        0x0 ../neural_bsp//newlib/nios2-elf/lib\libc.a(lib_a-memset.o)
 .text.memset   0x0000000010006f84      0x1c4 ../neural_bsp//newlib/nios2-elf/lib\libc.a(lib_a-memset.o)
                0x0000000010006f84                memset
 .text          0x0000000010007148        0x0 ../neural_bsp//newlib/nios2-elf/lib\libc.a(lib_a-printf.o)
 .text._printf_r
                0x0000000010007148       0x64 ../neural_bsp//newlib/nios2-elf/lib\libc.a(lib_a-printf.o)
                0x0000000010007148                _printf_r
 .text.printf   0x00000000100071ac       0x78 ../neural_bsp//newlib/nios2-elf/lib\libc.a(lib_a-printf.o)
                0x00000000100071ac                printf
 .text          0x0000000010007224        0x0 ../neural_bsp//newlib/nios2-elf/lib\libc.a(lib_a-putchar.o)
 .text._putchar_r
                0x0000000010007224       0x44 ../neural_bsp//newlib/nios2-elf/lib\libc.a(lib_a-putchar.o)
                0x0000000010007224                _putchar_r
 .text.putchar  0x0000000010007268       0x50 ../neural_bsp//newlib/nios2-elf/lib\libc.a(lib_a-putchar.o)
                0x0000000010007268                putchar
 .text          0x00000000100072b8        0x0 ../neural_bsp//newlib/nios2-elf/lib\libc.a(lib_a-puts.o)
 .text._puts_r  0x00000000100072b8      0x118 ../neural_bsp//newlib/nios2-elf/lib\libc.a(lib_a-puts.o)
                0x00000000100072b8                _puts_r
 .text.puts     0x00000000100073d0       0x40 ../neural_bsp//newlib/nios2-elf/lib\libc.a(lib_a-puts.o)
                0x00000000100073d0                puts
 .text          0x0000000010007410        0x0 ../neural_bsp//newlib/nios2-elf/lib\libc.a(lib_a-rand48.o)
 .text.__dorand48
                0x0000000010007410      0x1b8 ../neural_bsp//newlib/nios2-elf/lib\libc.a(lib_a-rand48.o)
                0x0000000010007410                __dorand48
 .text          0x00000000100075c8        0x0 ../neural_bsp//newlib/nios2-elf/lib\libc.a(lib_a-realloc.o)
 .text.realloc  0x00000000100075c8       0x48 ../neural_bsp//newlib/nios2-elf/lib\libc.a(lib_a-realloc.o)
                0x00000000100075c8                realloc
 .text          0x0000000010007610        0x0 ../neural_bsp//newlib/nios2-elf/lib\libc.a(lib_a-reallocr.o)
 .text._realloc_r
                0x0000000010007610      0xbf0 ../neural_bsp//newlib/nios2-elf/lib\libc.a(lib_a-reallocr.o)
                0x0000000010007610                _realloc_r
 .text          0x0000000010008200        0x0 ../neural_bsp//newlib/nios2-elf/lib\libc.a(lib_a-rget.o)
 .text.__srget_r
                0x0000000010008200       0x90 ../neural_bsp//newlib/nios2-elf/lib\libc.a(lib_a-rget.o)
                0x0000000010008200                __srget_r
 .text.__srget  0x0000000010008290       0x40 ../neural_bsp//newlib/nios2-elf/lib\libc.a(lib_a-rget.o)
                0x0000000010008290                __srget
 .text          0x00000000100082d0        0x0 ../neural_bsp//newlib/nios2-elf/lib\libc.a(lib_a-s_ldexp.o)
 .text.ldexp    0x00000000100082d0       0xcc ../neural_bsp//newlib/nios2-elf/lib\libc.a(lib_a-s_ldexp.o)
                0x00000000100082d0                ldexp
 .text          0x000000001000839c        0x0 ../neural_bsp//newlib/nios2-elf/lib\libc.a(lib_a-s_scalbn.o)
 .text.scalbn   0x000000001000839c      0x3a8 ../neural_bsp//newlib/nios2-elf/lib\libc.a(lib_a-s_scalbn.o)
                0x000000001000839c                scalbn
 .text          0x0000000010008744        0x0 ../neural_bsp//newlib/nios2-elf/lib\libc.a(lib_a-sbrkr.o)
 .text._sbrk_r  0x0000000010008744       0x78 ../neural_bsp//newlib/nios2-elf/lib\libc.a(lib_a-sbrkr.o)
                0x0000000010008744                _sbrk_r
 .text          0x00000000100087bc        0x0 ../neural_bsp//newlib/nios2-elf/lib\libc.a(lib_a-srand48.o)
 .text._srand48_r
                0x00000000100087bc       0x88 ../neural_bsp//newlib/nios2-elf/lib\libc.a(lib_a-srand48.o)
                0x00000000100087bc                _srand48_r
 .text.srand48  0x0000000010008844       0x44 ../neural_bsp//newlib/nios2-elf/lib\libc.a(lib_a-srand48.o)
                0x0000000010008844                srand48
 .text          0x0000000010008888        0x0 ../neural_bsp//newlib/nios2-elf/lib\libc.a(lib_a-strlen.o)
 .text.strlen   0x0000000010008888       0xf4 ../neural_bsp//newlib/nios2-elf/lib\libc.a(lib_a-strlen.o)
                0x0000000010008888                strlen
 .text          0x000000001000897c        0x0 ../neural_bsp//newlib/nios2-elf/lib\libc.a(lib_a-strtol.o)
 .text._strtol_r
                0x000000001000897c      0x2ec ../neural_bsp//newlib/nios2-elf/lib\libc.a(lib_a-strtol.o)
                0x000000001000897c                _strtol_r
 .text.strtol   0x0000000010008c68       0x50 ../neural_bsp//newlib/nios2-elf/lib\libc.a(lib_a-strtol.o)
                0x0000000010008c68                strtol
 .text          0x0000000010008cb8        0x0 ../neural_bsp//newlib/nios2-elf/lib\libc.a(lib_a-time.o)
 .text.time     0x0000000010008cb8       0x68 ../neural_bsp//newlib/nios2-elf/lib\libc.a(lib_a-time.o)
                0x0000000010008cb8                time
 .text          0x0000000010008d20        0x0 ../neural_bsp//newlib/nios2-elf/lib\libc.a(lib_a-vfprintf.o)
 .text.__sbprintf
                0x0000000010008d20       0xf0 ../neural_bsp//newlib/nios2-elf/lib\libc.a(lib_a-vfprintf.o)
 .text.__vfprintf_internal
                0x0000000010008e10       0x58 ../neural_bsp//newlib/nios2-elf/lib\libc.a(lib_a-vfprintf.o)
                0x0000000010008e10                __vfprintf_internal
 .text.___vfprintf_internal_r
                0x0000000010008e68     0x20e8 ../neural_bsp//newlib/nios2-elf/lib\libc.a(lib_a-vfprintf.o)
                0x0000000010008e68                ___vfprintf_internal_r
 .text.cvt      0x000000001000af50      0x20c ../neural_bsp//newlib/nios2-elf/lib\libc.a(lib_a-vfprintf.o)
 .text.exponent
                0x000000001000b15c      0x140 ../neural_bsp//newlib/nios2-elf/lib\libc.a(lib_a-vfprintf.o)
 .text          0x000000001000b29c        0x0 ../neural_bsp//newlib/nios2-elf/lib\libc.a(lib_a-wsetup.o)
 .text.__swsetup_r
                0x000000001000b29c      0x1a8 ../neural_bsp//newlib/nios2-elf/lib\libc.a(lib_a-wsetup.o)
                0x000000001000b29c                __swsetup_r
 .text          0x000000001000b444        0x0 ../neural_bsp//newlib/nios2-elf/lib\libc.a(lib_a-ctype_.o)
 .text          0x000000001000b444        0x0 ../neural_bsp//newlib/nios2-elf/lib\libc.a(lib_a-dtoa.o)
 .text.quorem   0x000000001000b444      0x3c4 ../neural_bsp//newlib/nios2-elf/lib\libc.a(lib_a-dtoa.o)
 .text._dtoa_r  0x000000001000b808     0x1b78 ../neural_bsp//newlib/nios2-elf/lib\libc.a(lib_a-dtoa.o)
                0x000000001000b808                _dtoa_r
 .text          0x000000001000d380        0x0 ../neural_bsp//newlib/nios2-elf/lib\libc.a(lib_a-errno.o)
 .text.__errno  0x000000001000d380       0x28 ../neural_bsp//newlib/nios2-elf/lib\libc.a(lib_a-errno.o)
                0x000000001000d380                __errno
 .text          0x000000001000d3a8        0x0 ../neural_bsp//newlib/nios2-elf/lib\libc.a(lib_a-fflush.o)
 .text.__sflush_r
                0x000000001000d3a8      0x304 ../neural_bsp//newlib/nios2-elf/lib\libc.a(lib_a-fflush.o)
                0x000000001000d3a8                __sflush_r
 .text._fflush_r
                0x000000001000d6ac       0x88 ../neural_bsp//newlib/nios2-elf/lib\libc.a(lib_a-fflush.o)
                0x000000001000d6ac                _fflush_r
 .text.fflush   0x000000001000d734       0x64 ../neural_bsp//newlib/nios2-elf/lib\libc.a(lib_a-fflush.o)
                0x000000001000d734                fflush
 .text          0x000000001000d798        0x0 ../neural_bsp//newlib/nios2-elf/lib\libc.a(lib_a-findfp.o)
 .text.std      0x000000001000d798       0xf4 ../neural_bsp//newlib/nios2-elf/lib\libc.a(lib_a-findfp.o)
 .text.__sfmoreglue
                0x000000001000d88c       0xbc ../neural_bsp//newlib/nios2-elf/lib\libc.a(lib_a-findfp.o)
                0x000000001000d88c                __sfmoreglue
 .text.__sfp    0x000000001000d948      0x1ac ../neural_bsp//newlib/nios2-elf/lib\libc.a(lib_a-findfp.o)
                0x000000001000d948                __sfp
 .text._cleanup_r
                0x000000001000daf4       0x44 ../neural_bsp//newlib/nios2-elf/lib\libc.a(lib_a-findfp.o)
                0x000000001000daf4                _cleanup_r
 .text._cleanup
                0x000000001000db38       0x3c ../neural_bsp//newlib/nios2-elf/lib\libc.a(lib_a-findfp.o)
                0x000000001000db38                _cleanup
 .text.__sinit  0x000000001000db74       0xd8 ../neural_bsp//newlib/nios2-elf/lib\libc.a(lib_a-findfp.o)
                0x000000001000db74                __sinit
 .text.__sfp_lock_acquire
                0x000000001000dc4c       0x20 ../neural_bsp//newlib/nios2-elf/lib\libc.a(lib_a-findfp.o)
                0x000000001000dc4c                __sfp_lock_acquire
 .text.__sfp_lock_release
                0x000000001000dc6c       0x20 ../neural_bsp//newlib/nios2-elf/lib\libc.a(lib_a-findfp.o)
                0x000000001000dc6c                __sfp_lock_release
 .text.__sinit_lock_acquire
                0x000000001000dc8c       0x20 ../neural_bsp//newlib/nios2-elf/lib\libc.a(lib_a-findfp.o)
                0x000000001000dc8c                __sinit_lock_acquire
 .text.__sinit_lock_release
                0x000000001000dcac       0x20 ../neural_bsp//newlib/nios2-elf/lib\libc.a(lib_a-findfp.o)
                0x000000001000dcac                __sinit_lock_release
 .text.__fp_lock
                0x000000001000dccc       0x24 ../neural_bsp//newlib/nios2-elf/lib\libc.a(lib_a-findfp.o)
 .text.__fp_unlock
                0x000000001000dcf0       0x24 ../neural_bsp//newlib/nios2-elf/lib\libc.a(lib_a-findfp.o)
 .text.__fp_lock_all
                0x000000001000dd14       0x48 ../neural_bsp//newlib/nios2-elf/lib\libc.a(lib_a-findfp.o)
                0x000000001000dd14                __fp_lock_all
 .text.__fp_unlock_all
                0x000000001000dd5c       0x48 ../neural_bsp//newlib/nios2-elf/lib\libc.a(lib_a-findfp.o)
                0x000000001000dd5c                __fp_unlock_all
 .text          0x000000001000dda4        0x0 ../neural_bsp//newlib/nios2-elf/lib\libc.a(lib_a-freer.o)
 .text._free_r  0x000000001000dda4      0x570 ../neural_bsp//newlib/nios2-elf/lib\libc.a(lib_a-freer.o)
                0x000000001000dda4                _free_r
 .text._malloc_trim_r
                0x000000001000e314      0x1d8 ../neural_bsp//newlib/nios2-elf/lib\libc.a(lib_a-freer.o)
                0x000000001000e314                _malloc_trim_r
 .text          0x000000001000e4ec        0x0 ../neural_bsp//newlib/nios2-elf/lib\libc.a(lib_a-fvwrite.o)
 .text.__sfvwrite_r
                0x000000001000e4ec      0x5e8 ../neural_bsp//newlib/nios2-elf/lib\libc.a(lib_a-fvwrite.o)
                0x000000001000e4ec                __sfvwrite_r
 .text          0x000000001000ead4        0x0 ../neural_bsp//newlib/nios2-elf/lib\libc.a(lib_a-fwalk.o)
 .text._fwalk   0x000000001000ead4       0xd8 ../neural_bsp//newlib/nios2-elf/lib\libc.a(lib_a-fwalk.o)
                0x000000001000ead4                _fwalk
 .text._fwalk_reent
                0x000000001000ebac       0xdc ../neural_bsp//newlib/nios2-elf/lib\libc.a(lib_a-fwalk.o)
                0x000000001000ebac                _fwalk_reent
 .text          0x000000001000ec88        0x0 ../neural_bsp//newlib/nios2-elf/lib\libc.a(lib_a-gettimeofdayr.o)
 .text._gettimeofday_r
                0x000000001000ec88       0x80 ../neural_bsp//newlib/nios2-elf/lib\libc.a(lib_a-gettimeofdayr.o)
                0x000000001000ec88                _gettimeofday_r
 .text          0x000000001000ed08        0x0 ../neural_bsp//newlib/nios2-elf/lib\libc.a(lib_a-int_errno.o)
 .text          0x000000001000ed08        0x0 ../neural_bsp//newlib/nios2-elf/lib\libc.a(lib_a-locale.o)
 .text._setlocale_r
                0x000000001000ed08       0x84 ../neural_bsp//newlib/nios2-elf/lib\libc.a(lib_a-locale.o)
                0x000000001000ed08                _setlocale_r
 .text.__locale_charset
                0x000000001000ed8c       0x24 ../neural_bsp//newlib/nios2-elf/lib\libc.a(lib_a-locale.o)
                0x000000001000ed8c                __locale_charset
 .text.__locale_mb_cur_max
                0x000000001000edb0       0x20 ../neural_bsp//newlib/nios2-elf/lib\libc.a(lib_a-locale.o)
                0x000000001000edb0                __locale_mb_cur_max
 .text.__locale_msgcharset
                0x000000001000edd0       0x24 ../neural_bsp//newlib/nios2-elf/lib\libc.a(lib_a-locale.o)
                0x000000001000edd0                __locale_msgcharset
 .text.__locale_cjk_lang
                0x000000001000edf4       0x20 ../neural_bsp//newlib/nios2-elf/lib\libc.a(lib_a-locale.o)
                0x000000001000edf4                __locale_cjk_lang
 .text._localeconv_r
                0x000000001000ee14       0x28 ../neural_bsp//newlib/nios2-elf/lib\libc.a(lib_a-locale.o)
                0x000000001000ee14                _localeconv_r
 .text.setlocale
                0x000000001000ee3c       0x48 ../neural_bsp//newlib/nios2-elf/lib\libc.a(lib_a-locale.o)
                0x000000001000ee3c                setlocale
 .text.localeconv
                0x000000001000ee84       0x38 ../neural_bsp//newlib/nios2-elf/lib\libc.a(lib_a-locale.o)
                0x000000001000ee84                localeconv
 .text          0x000000001000eebc        0x0 ../neural_bsp//newlib/nios2-elf/lib\libc.a(lib_a-makebuf.o)
 .text.__smakebuf_r
                0x000000001000eebc      0x22c ../neural_bsp//newlib/nios2-elf/lib\libc.a(lib_a-makebuf.o)
                0x000000001000eebc                __smakebuf_r
 .text          0x000000001000f0e8        0x0 ../neural_bsp//newlib/nios2-elf/lib\libc.a(lib_a-memchr.o)
 .text.memchr   0x000000001000f0e8      0x1bc ../neural_bsp//newlib/nios2-elf/lib\libc.a(lib_a-memchr.o)
                0x000000001000f0e8                memchr
 .text          0x000000001000f2a4        0x0 ../neural_bsp//newlib/nios2-elf/lib\libc.a(lib_a-memcpy.o)
 .text.memcpy   0x000000001000f2a4      0x188 ../neural_bsp//newlib/nios2-elf/lib\libc.a(lib_a-memcpy.o)
                0x000000001000f2a4                memcpy
 .text          0x000000001000f42c        0x0 ../neural_bsp//newlib/nios2-elf/lib\libc.a(lib_a-memmove.o)
 .text.memmove  0x000000001000f42c      0x208 ../neural_bsp//newlib/nios2-elf/lib\libc.a(lib_a-memmove.o)
                0x000000001000f42c                memmove
 .text          0x000000001000f634        0x0 ../neural_bsp//newlib/nios2-elf/lib\libc.a(lib_a-mprec.o)
 .text._Balloc  0x000000001000f634      0x130 ../neural_bsp//newlib/nios2-elf/lib\libc.a(lib_a-mprec.o)
                0x000000001000f634                _Balloc
 .text._Bfree   0x000000001000f764       0x7c ../neural_bsp//newlib/nios2-elf/lib\libc.a(lib_a-mprec.o)
                0x000000001000f764                _Bfree
 .text.__multadd
                0x000000001000f7e0      0x1ac ../neural_bsp//newlib/nios2-elf/lib\libc.a(lib_a-mprec.o)
                0x000000001000f7e0                __multadd
 .text.__s2b    0x000000001000f98c      0x18c ../neural_bsp//newlib/nios2-elf/lib\libc.a(lib_a-mprec.o)
                0x000000001000f98c                __s2b
 .text.__hi0bits
                0x000000001000fb18       0x90 ../neural_bsp//newlib/nios2-elf/lib\libc.a(lib_a-mprec.o)
                0x000000001000fb18                __hi0bits
 .text.__lo0bits
                0x000000001000fba8       0xec ../neural_bsp//newlib/nios2-elf/lib\libc.a(lib_a-mprec.o)
                0x000000001000fba8                __lo0bits
 .text.__i2b    0x000000001000fc94       0x58 ../neural_bsp//newlib/nios2-elf/lib\libc.a(lib_a-mprec.o)
                0x000000001000fc94                __i2b
 .text.__multiply
                0x000000001000fcec      0x3f0 ../neural_bsp//newlib/nios2-elf/lib\libc.a(lib_a-mprec.o)
                0x000000001000fcec                __multiply
 .text.__pow5mult
                0x00000000100100dc      0x178 ../neural_bsp//newlib/nios2-elf/lib\libc.a(lib_a-mprec.o)
                0x00000000100100dc                __pow5mult
 .text.__lshift
                0x0000000010010254      0x1f8 ../neural_bsp//newlib/nios2-elf/lib\libc.a(lib_a-mprec.o)
                0x0000000010010254                __lshift
 .text.__mcmp   0x000000001001044c      0x114 ../neural_bsp//newlib/nios2-elf/lib\libc.a(lib_a-mprec.o)
                0x000000001001044c                __mcmp
 .text.__mdiff  0x0000000010010560      0x2a4 ../neural_bsp//newlib/nios2-elf/lib\libc.a(lib_a-mprec.o)
                0x0000000010010560                __mdiff
 .text.__ulp    0x0000000010010804       0xcc ../neural_bsp//newlib/nios2-elf/lib\libc.a(lib_a-mprec.o)
                0x0000000010010804                __ulp
 .text.__b2d    0x00000000100108d0      0x204 ../neural_bsp//newlib/nios2-elf/lib\libc.a(lib_a-mprec.o)
                0x00000000100108d0                __b2d
 .text.__d2b    0x0000000010010ad4      0x240 ../neural_bsp//newlib/nios2-elf/lib\libc.a(lib_a-mprec.o)
                0x0000000010010ad4                __d2b
 .text.__ratio  0x0000000010010d14      0x11c ../neural_bsp//newlib/nios2-elf/lib\libc.a(lib_a-mprec.o)
                0x0000000010010d14                __ratio
 .text._mprec_log10
                0x0000000010010e30       0xb0 ../neural_bsp//newlib/nios2-elf/lib\libc.a(lib_a-mprec.o)
                0x0000000010010e30                _mprec_log10
 .text.__copybits
                0x0000000010010ee0       0xd0 ../neural_bsp//newlib/nios2-elf/lib\libc.a(lib_a-mprec.o)
                0x0000000010010ee0                __copybits
 .text.__any_on
                0x0000000010010fb0      0x134 ../neural_bsp//newlib/nios2-elf/lib\libc.a(lib_a-mprec.o)
                0x0000000010010fb0                __any_on
 .text          0x00000000100110e4        0x0 ../neural_bsp//newlib/nios2-elf/lib\libc.a(lib_a-putc.o)
 .text._putc_r  0x00000000100110e4      0x104 ../neural_bsp//newlib/nios2-elf/lib\libc.a(lib_a-putc.o)
                0x00000000100110e4                _putc_r
 .text.putc     0x00000000100111e8      0x110 ../neural_bsp//newlib/nios2-elf/lib\libc.a(lib_a-putc.o)
                0x00000000100111e8                putc
 .text          0x00000000100112f8        0x0 ../neural_bsp//newlib/nios2-elf/lib\libc.a(lib_a-refill.o)
 .text.lflush   0x00000000100112f8       0x50 ../neural_bsp//newlib/nios2-elf/lib\libc.a(lib_a-refill.o)
 .text.__srefill_r
                0x0000000010011348      0x25c ../neural_bsp//newlib/nios2-elf/lib\libc.a(lib_a-refill.o)
                0x0000000010011348                __srefill_r
 .text          0x00000000100115a4        0x0 ../neural_bsp//newlib/nios2-elf/lib\libc.a(lib_a-s_copysign.o)
 .text.copysign
                0x00000000100115a4       0xb4 ../neural_bsp//newlib/nios2-elf/lib\libc.a(lib_a-s_copysign.o)
                0x00000000100115a4                copysign
 .text          0x0000000010011658        0x0 ../neural_bsp//newlib/nios2-elf/lib\libc.a(lib_a-s_finite.o)
 .text.finite   0x0000000010011658       0x58 ../neural_bsp//newlib/nios2-elf/lib\libc.a(lib_a-s_finite.o)
                0x0000000010011658                finite
 .text          0x00000000100116b0        0x0 ../neural_bsp//newlib/nios2-elf/lib\libc.a(lib_a-s_fpclassify.o)
 .text.__fpclassifyd
                0x00000000100116b0      0x104 ../neural_bsp//newlib/nios2-elf/lib\libc.a(lib_a-s_fpclassify.o)
                0x00000000100116b0                __fpclassifyd
 .text          0x00000000100117b4        0x0 ../neural_bsp//newlib/nios2-elf/lib\libc.a(lib_a-stdio.o)
 .text.__sread  0x00000000100117b4       0x9c ../neural_bsp//newlib/nios2-elf/lib\libc.a(lib_a-stdio.o)
                0x00000000100117b4                __sread
 .text.__seofread
                0x0000000010011850       0x30 ../neural_bsp//newlib/nios2-elf/lib\libc.a(lib_a-stdio.o)
                0x0000000010011850                __seofread
 .text.__swrite
                0x0000000010011880       0xb4 ../neural_bsp//newlib/nios2-elf/lib\libc.a(lib_a-stdio.o)
                0x0000000010011880                __swrite
 .text.__sseek  0x0000000010011934       0xa0 ../neural_bsp//newlib/nios2-elf/lib\libc.a(lib_a-stdio.o)
                0x0000000010011934                __sseek
 .text.__sclose
                0x00000000100119d4       0x54 ../neural_bsp//newlib/nios2-elf/lib\libc.a(lib_a-stdio.o)
                0x00000000100119d4                __sclose
 .text          0x0000000010011a28        0x0 ../neural_bsp//newlib/nios2-elf/lib\libc.a(lib_a-strcmp.o)
 .text.strcmp   0x0000000010011a28      0x140 ../neural_bsp//newlib/nios2-elf/lib\libc.a(lib_a-strcmp.o)
                0x0000000010011a28                strcmp
 .text          0x0000000010011b68        0x0 ../neural_bsp//newlib/nios2-elf/lib\libc.a(lib_a-vfiprintf.o)
 .text.__sprint_r
                0x0000000010011b68      0x13c ../neural_bsp//newlib/nios2-elf/lib\libc.a(lib_a-vfiprintf.o)
                0x0000000010011b68                __sprint_r
 .text.__sbprintf
                0x0000000010011ca4       0xf0 ../neural_bsp//newlib/nios2-elf/lib\libc.a(lib_a-vfiprintf.o)
 .text.__vfiprintf_internal
                0x0000000010011d94       0x58 ../neural_bsp//newlib/nios2-elf/lib\libc.a(lib_a-vfiprintf.o)
                0x0000000010011d94                __vfiprintf_internal
 .text.___vfiprintf_internal_r
                0x0000000010011dec     0x12dc ../neural_bsp//newlib/nios2-elf/lib\libc.a(lib_a-vfiprintf.o)
                0x0000000010011dec                ___vfiprintf_internal_r
 .text          0x00000000100130c8        0x0 ../neural_bsp//newlib/nios2-elf/lib\libc.a(lib_a-wbuf.o)
 .text.__swbuf_r
                0x00000000100130c8      0x168 ../neural_bsp//newlib/nios2-elf/lib\libc.a(lib_a-wbuf.o)
                0x00000000100130c8                __swbuf_r
 .text.__swbuf  0x0000000010013230       0x48 ../neural_bsp//newlib/nios2-elf/lib\libc.a(lib_a-wbuf.o)
                0x0000000010013230                __swbuf
 .text          0x0000000010013278        0x0 ../neural_bsp//newlib/nios2-elf/lib\libc.a(lib_a-writer.o)
 .text._write_r
                0x0000000010013278       0x88 ../neural_bsp//newlib/nios2-elf/lib\libc.a(lib_a-writer.o)
                0x0000000010013278                _write_r
 .text          0x0000000010013300        0x0 ../neural_bsp//newlib/nios2-elf/lib\libc.a(closer.o)
 .text._close_r
                0x0000000010013300       0x78 ../neural_bsp//newlib/nios2-elf/lib\libc.a(closer.o)
                0x0000000010013300                _close_r
 .text          0x0000000010013378        0x0 ../neural_bsp//newlib/nios2-elf/lib\libc.a(lib_a-fclose.o)
 .text._fclose_r
                0x0000000010013378      0x12c ../neural_bsp//newlib/nios2-elf/lib\libc.a(lib_a-fclose.o)
                0x0000000010013378                _fclose_r
 .text.fclose   0x00000000100134a4       0x40 ../neural_bsp//newlib/nios2-elf/lib\libc.a(lib_a-fclose.o)
                0x00000000100134a4                fclose
 .text          0x00000000100134e4        0x0 ../neural_bsp//newlib/nios2-elf/lib\libc.a(lib_a-fputwc.o)
 .text.__fputwc
                0x00000000100134e4      0x1f4 ../neural_bsp//newlib/nios2-elf/lib\libc.a(lib_a-fputwc.o)
                0x00000000100134e4                __fputwc
 .text._fputwc_r
                0x00000000100136d8       0x88 ../neural_bsp//newlib/nios2-elf/lib\libc.a(lib_a-fputwc.o)
                0x00000000100136d8                _fputwc_r
 .text.fputwc   0x0000000010013760       0x70 ../neural_bsp//newlib/nios2-elf/lib\libc.a(lib_a-fputwc.o)
                0x0000000010013760                fputwc
 .text          0x00000000100137d0        0x0 ../neural_bsp//newlib/nios2-elf/lib\libc.a(lib_a-fstatr.o)
 .text._fstat_r
                0x00000000100137d0       0x80 ../neural_bsp//newlib/nios2-elf/lib\libc.a(lib_a-fstatr.o)
                0x00000000100137d0                _fstat_r
 .text          0x0000000010013850        0x0 ../neural_bsp//newlib/nios2-elf/lib\libc.a(lib_a-isattyr.o)
 .text._isatty_r
                0x0000000010013850       0x78 ../neural_bsp//newlib/nios2-elf/lib\libc.a(lib_a-isattyr.o)
                0x0000000010013850                _isatty_r
 .text          0x00000000100138c8        0x0 ../neural_bsp//newlib/nios2-elf/lib\libc.a(lib_a-lseekr.o)
 .text._lseek_r
                0x00000000100138c8       0x88 ../neural_bsp//newlib/nios2-elf/lib\libc.a(lib_a-lseekr.o)
                0x00000000100138c8                _lseek_r
 .text          0x0000000010013950        0x0 ../neural_bsp//newlib/nios2-elf/lib\libc.a(lib_a-readr.o)
 .text._read_r  0x0000000010013950       0x88 ../neural_bsp//newlib/nios2-elf/lib\libc.a(lib_a-readr.o)
                0x0000000010013950                _read_r
 .text          0x00000000100139d8        0x0 ../neural_bsp//newlib/nios2-elf/lib\libc.a(lib_a-wcrtomb.o)
 .text._wcrtomb_r
                0x00000000100139d8       0xe4 ../neural_bsp//newlib/nios2-elf/lib\libc.a(lib_a-wcrtomb.o)
                0x00000000100139d8                _wcrtomb_r
 .text.wcrtomb  0x0000000010013abc       0xf0 ../neural_bsp//newlib/nios2-elf/lib\libc.a(lib_a-wcrtomb.o)
                0x0000000010013abc                wcrtomb
 .text          0x0000000010013bac        0x0 ../neural_bsp//newlib/nios2-elf/lib\libc.a(lib_a-wctomb_r.o)
 .text._wctomb_r
                0x0000000010013bac       0x64 ../neural_bsp//newlib/nios2-elf/lib\libc.a(lib_a-wctomb_r.o)
                0x0000000010013bac                _wctomb_r
 .text.__ascii_wctomb
                0x0000000010013c10       0x78 ../neural_bsp//newlib/nios2-elf/lib\libc.a(lib_a-wctomb_r.o)
                0x0000000010013c10                __ascii_wctomb
 .text          0x0000000010013c88      0x5fc c:/altera/16.0/nios2eds/bin/gnu/h-x86_64-mingw32/bin/../lib/gcc/nios2-elf/5.2.0/mno-hw-mul\libgcc.a(_udivdi3.o)
                0x0000000010013c88                __udivdi3
 .text          0x0000000010014284      0x5c4 c:/altera/16.0/nios2eds/bin/gnu/h-x86_64-mingw32/bin/../lib/gcc/nios2-elf/5.2.0/mno-hw-mul\libgcc.a(_umoddi3.o)
                0x0000000010014284                __umoddi3
 .text          0x0000000010014848      0x9d0 c:/altera/16.0/nios2eds/bin/gnu/h-x86_64-mingw32/bin/../lib/gcc/nios2-elf/5.2.0/mno-hw-mul\libgcc.a(divdf3.o)
                0x0000000010014848                __divdf3
 .text          0x0000000010015218       0x88 c:/altera/16.0/nios2eds/bin/gnu/h-x86_64-mingw32/bin/../lib/gcc/nios2-elf/5.2.0/mno-hw-mul\libgcc.a(eqdf2.o)
                0x0000000010015218                __nedf2
                0x0000000010015218                __eqdf2
 .text          0x00000000100152a0       0xdc c:/altera/16.0/nios2eds/bin/gnu/h-x86_64-mingw32/bin/../lib/gcc/nios2-elf/5.2.0/mno-hw-mul\libgcc.a(gedf2.o)
                0x00000000100152a0                __gedf2
                0x00000000100152a0                __gtdf2
 .text          0x000000001001537c       0x80 c:/altera/16.0/nios2eds/bin/gnu/h-x86_64-mingw32/bin/../lib/gcc/nios2-elf/5.2.0/mno-hw-mul\libgcc.a(fixdfsi.o)
                0x000000001001537c                __fixdfsi
 .text          0x00000000100153fc       0xdc c:/altera/16.0/nios2eds/bin/gnu/h-x86_64-mingw32/bin/../lib/gcc/nios2-elf/5.2.0/mno-hw-mul\libgcc.a(floatsidf.o)
                0x00000000100153fc                __floatsidf
 .text          0x00000000100154d8       0xa8 c:/altera/16.0/nios2eds/bin/gnu/h-x86_64-mingw32/bin/../lib/gcc/nios2-elf/5.2.0/mno-hw-mul\libgcc.a(floatunsidf.o)
                0x00000000100154d8                __floatunsidf
 .text          0x0000000010015580      0x128 ../neural_bsp/\libhal_bsp.a(alt_close.o)
                0x00000000100155d0                close
 .text          0x00000000100156a8       0x2c ../neural_bsp/\libhal_bsp.a(alt_dev.o)
 .text          0x00000000100156d4        0x0 ../neural_bsp/\libhal_bsp.a(alt_errno.o)
 .text          0x00000000100156d4      0x108 ../neural_bsp/\libhal_bsp.a(alt_fstat.o)
                0x0000000010015724                fstat
 .text          0x00000000100157dc      0x204 ../neural_bsp/\libhal_bsp.a(alt_gettod.o)
                0x00000000100157dc                gettimeofday
 .text          0x00000000100159e0       0xfc ../neural_bsp/\libhal_bsp.a(alt_isatty.o)
                0x0000000010015a30                isatty
 .text          0x0000000010015adc       0xec ../neural_bsp/\libhal_bsp.a(alt_load.o)
                0x0000000010015b44                alt_load
 .text          0x0000000010015bc8      0x12c ../neural_bsp/\libhal_bsp.a(alt_lseek.o)
                0x0000000010015c18                lseek
 .text          0x0000000010015cf4       0x7c ../neural_bsp/\libhal_bsp.a(alt_main.o)
                0x0000000010015cf4                alt_main
 .text          0x0000000010015d70       0x48 ../neural_bsp/\libhal_bsp.a(alt_malloc_lock.o)
                0x0000000010015d70                __malloc_lock
                0x0000000010015d94                __malloc_unlock
 .text          0x0000000010015db8      0x154 ../neural_bsp/\libhal_bsp.a(alt_read.o)
                0x0000000010015e08                read
 .text          0x0000000010015f0c       0x84 ../neural_bsp/\libhal_bsp.a(alt_release_fd.o)
                0x0000000010015f0c                alt_release_fd
 .text          0x0000000010015f90       0xb0 ../neural_bsp/\libhal_bsp.a(alt_sbrk.o)
                0x0000000010015f90                sbrk
 .text          0x0000000010016040      0x1a4 ../neural_bsp/\libhal_bsp.a(alt_tick.o)
                0x0000000010016040                alt_alarm_stop
                0x00000000100160dc                alt_tick
 .text          0x00000000100161e4      0x150 ../neural_bsp/\libhal_bsp.a(alt_write.o)
                0x0000000010016234                write
 .text          0x0000000010016334       0xc8 ../neural_bsp/\libhal_bsp.a(alt_sys_init.o)
                0x000000001001636c                alt_irq_init
                0x00000000100163a4                alt_sys_init
 .text          0x00000000100163fc      0x164 ../neural_bsp/\libhal_bsp.a(altera_avalon_jtag_uart_fd.o)
                0x00000000100163fc                altera_avalon_jtag_uart_read_fd
                0x000000001001645c                altera_avalon_jtag_uart_write_fd
                0x00000000100164bc                altera_avalon_jtag_uart_close_fd
                0x000000001001650c                altera_avalon_jtag_uart_ioctl_fd
 .text          0x0000000010016560      0x3e4 ../neural_bsp/\libhal_bsp.a(altera_avalon_jtag_uart_init.o)
                0x0000000010016560                altera_avalon_jtag_uart_init
                0x00000000100168dc                altera_avalon_jtag_uart_close
 .text          0x0000000010016944       0xf0 ../neural_bsp/\libhal_bsp.a(altera_avalon_jtag_uart_ioctl.o)
                0x0000000010016944                altera_avalon_jtag_uart_ioctl
 .text          0x0000000010016a34      0x21c ../neural_bsp/\libhal_bsp.a(altera_avalon_jtag_uart_read.o)
                0x0000000010016a34                altera_avalon_jtag_uart_read
 .text          0x0000000010016c50      0x224 ../neural_bsp/\libhal_bsp.a(altera_avalon_jtag_uart_write.o)
                0x0000000010016c50                altera_avalon_jtag_uart_write
 .text          0x0000000010016e74      0x484 ../neural_bsp/\libhal_bsp.a(altera_hostfs.o)
                0x0000000010016e74                alt_hostfs_open
                0x0000000010016f90                alt_hostfs_close
                0x0000000010016fd4                alt_hostfs_read
                0x0000000010017040                alt_hostfs_write
                0x00000000100170ac                alt_hostfs_seek
                0x0000000010017114                alt_hostfs_fstat
 .text          0x00000000100172f8      0x140 ../neural_bsp/\libhal_bsp.a(alt_alarm_start.o)
                0x00000000100172f8                alt_alarm_start
 .text          0x0000000010017438       0x20 ../neural_bsp/\libhal_bsp.a(alt_dcache_flush_all.o)
                0x0000000010017438                alt_dcache_flush_all
 .text          0x0000000010017458       0xf4 ../neural_bsp/\libhal_bsp.a(alt_dev_llist_insert.o)
                0x00000000100174a8                alt_dev_llist_insert
 .text          0x000000001001754c       0x60 ../neural_bsp/\libhal_bsp.a(alt_do_ctors.o)
                0x000000001001754c                _do_ctors
 .text          0x00000000100175ac       0x60 ../neural_bsp/\libhal_bsp.a(alt_do_dtors.o)
                0x00000000100175ac                _do_dtors
 .text          0x000000001001760c       0x84 ../neural_bsp/\libhal_bsp.a(alt_fs_reg.o)
                0x000000001001760c                alt_fs_reg
 .text          0x0000000010017690       0x20 ../neural_bsp/\libhal_bsp.a(alt_icache_flush_all.o)
                0x0000000010017690                alt_icache_flush_all
 .text          0x00000000100176b0      0x1e0 ../neural_bsp/\libhal_bsp.a(alt_iic.o)
                0x00000000100176b0                alt_ic_isr_register
                0x0000000010017700                alt_ic_irq_enable
                0x00000000100177a0                alt_ic_irq_disable
                0x0000000010017844                alt_ic_irq_enabled
 .text          0x0000000010017890       0xf0 ../neural_bsp/\libhal_bsp.a(alt_iic_isr_register.o)
                0x0000000010017890                alt_iic_isr_register
 .text          0x0000000010017980      0x160 ../neural_bsp/\libhal_bsp.a(alt_io_redirect.o)
                0x0000000010017a64                alt_io_redirect
 .text          0x0000000010017ae0        0x0 ../neural_bsp/\libhal_bsp.a(alt_irq_entry.o)
 .text          0x0000000010017ae0        0x0 ../neural_bsp/\libhal_bsp.a(alt_irq_handler.o)
 .text          0x0000000010017ae0        0x0 ../neural_bsp/\libhal_bsp.a(alt_irq_vars.o)
 .text          0x0000000010017ae0      0x2a4 ../neural_bsp/\libhal_bsp.a(alt_open.o)
                0x0000000010017c24                open
 .text          0x0000000010017d84       0x24 ../neural_bsp/\libhal_bsp.a(altera_nios2_gen2_irq.o)
                0x0000000010017d84                altera_nios2_gen2_irq_init
 .text          0x0000000010017da8        0x0 ../neural_bsp/\libhal_bsp.a(alt_exception_entry.o)
 .text          0x0000000010017da8       0x90 ../neural_bsp/\libhal_bsp.a(alt_find_dev.o)
                0x0000000010017da8                alt_find_dev
 .text          0x0000000010017e38      0x114 ../neural_bsp/\libhal_bsp.a(alt_find_file.o)
                0x0000000010017e38                alt_find_file
 .text          0x0000000010017f4c       0xd4 ../neural_bsp/\libhal_bsp.a(alt_get_fd.o)
                0x0000000010017f4c                alt_get_fd
 .text          0x0000000010018020       0x9c ../neural_bsp/\libhal_bsp.a(alt_instruction_exception_entry.o)
                0x0000000010018020                alt_exception_cause_generated_bad_addr
 .text          0x00000000100180bc        0x0 ../neural_bsp//newlib/nios2-elf/lib\libc.a(lib_a-atexit.o)
 .text.atexit   0x00000000100180bc       0x3c ../neural_bsp//newlib/nios2-elf/lib\libc.a(lib_a-atexit.o)
                0x00000000100180bc                atexit
 .text          0x00000000100180f8        0x0 ../neural_bsp//newlib/nios2-elf/lib\libc.a(lib_a-exit.o)
 .text.exit     0x00000000100180f8       0x60 ../neural_bsp//newlib/nios2-elf/lib\libc.a(lib_a-exit.o)
                0x00000000100180f8                exit
 .text          0x0000000010018158        0x0 ../neural_bsp//newlib/nios2-elf/lib\libc.a(lib_a-memcmp.o)
 .text.memcmp   0x0000000010018158      0x134 ../neural_bsp//newlib/nios2-elf/lib\libc.a(lib_a-memcmp.o)
                0x0000000010018158                memcmp
 .text          0x000000001001828c        0x0 ../neural_bsp//newlib/nios2-elf/lib\libc.a(lib_a-__atexit.o)
 .text.__register_exitproc
                0x000000001001828c      0x198 ../neural_bsp//newlib/nios2-elf/lib\libc.a(lib_a-__atexit.o)
                0x000000001001828c                __register_exitproc
 .text          0x0000000010018424        0x0 ../neural_bsp//newlib/nios2-elf/lib\libc.a(lib_a-__call_atexit.o)
 .text.__call_exitprocs
                0x0000000010018424      0x1fc ../neural_bsp//newlib/nios2-elf/lib\libc.a(lib_a-__call_atexit.o)
                0x0000000010018424                __call_exitprocs
 .text          0x0000000010018620      0x10c c:/altera/16.0/nios2eds/bin/gnu/h-x86_64-mingw32/bin/../lib/gcc/nios2-elf/5.2.0/mno-hw-mul\libgcc.a(_muldi3.o)
                0x0000000010018620                __muldi3
 .text          0x000000001001872c       0x34 ../neural_bsp/\libhal_bsp.a(alt_exit.o)
                0x000000001001872c                _exit
 *(.gnu.warning.*)
 *(.fini)
                [!provide]                        PROVIDE (__etext, ABSOLUTE (.))
                [!provide]                        PROVIDE (_etext, ABSOLUTE (.))
                [!provide]                        PROVIDE (etext, ABSOLUTE (.))
 *(.eh_frame_hdr)
                0x0000000010018760                . = ALIGN (0x4)
                [!provide]                        PROVIDE (__preinit_array_start, ABSOLUTE (.))
 *(.preinit_array)
                [!provide]                        PROVIDE (__preinit_array_end, ABSOLUTE (.))
                [!provide]                        PROVIDE (__init_array_start, ABSOLUTE (.))
 *(.init_array)
                [!provide]                        PROVIDE (__init_array_end, ABSOLUTE (.))
                [!provide]                        PROVIDE (__fini_array_start, ABSOLUTE (.))
 *(.fini_array)
                [!provide]                        PROVIDE (__fini_array_end, ABSOLUTE (.))
 *(.eh_frame)
 *(.gcc_except_table .gcc_except_table.*)
 *(.dynamic)
                0x0000000010018760                PROVIDE (__CTOR_LIST__, ABSOLUTE (.))
 *(.ctors)
 *(SORT(.ctors.*))
                0x0000000010018760                PROVIDE (__CTOR_END__, ABSOLUTE (.))
                0x0000000010018760                PROVIDE (__DTOR_LIST__, ABSOLUTE (.))
 *(.dtors)
 *(SORT(.dtors.*))
                0x0000000010018760                PROVIDE (__DTOR_END__, ABSOLUTE (.))
 *(.jcr)
                0x0000000010018760                . = ALIGN (0x4)

.rodata         0x0000000010018760    0xb7204
                0x0000000010018760                PROVIDE (__ram_rodata_start, ABSOLUTE (.))
                0x0000000010018760                . = ALIGN (0x4)
 *(.rodata .rodata.* .gnu.linkonce.r.*)
 .rodata        0x0000000010018760       0x2b obj/default/formula.o
 *fill*         0x000000001001878b        0x1 
 .rodata        0x000000001001878c    0xb6bb6 obj/default/main.o
 *fill*         0x00000000100cf342        0x2 
 .rodata        0x00000000100cf344       0x20 obj/default/types.o
 .rodata        0x00000000100cf364      0x100 c:/altera/16.0/nios2eds/bin/gnu/h-x86_64-mingw32/bin/../lib/gcc/nios2-elf/5.2.0/mno-hw-mul\libgcc.a(_clz.o)
                0x00000000100cf364                __clz_tab
 .rodata        0x00000000100cf464        0x2 ../neural_bsp//newlib/nios2-elf/lib\libc.a(lib_a-impure.o)
 *fill*         0x00000000100cf466        0x2 
 .rodata        0x00000000100cf468        0x2 ../neural_bsp//newlib/nios2-elf/lib\libc.a(lib_a-puts.o)
 *fill*         0x00000000100cf46a        0x2 
 .rodata        0x00000000100cf46c       0x5e ../neural_bsp//newlib/nios2-elf/lib\libc.a(lib_a-vfprintf.o)
 .rodata.blanks.4403
                0x00000000100cf4ca       0x10 ../neural_bsp//newlib/nios2-elf/lib\libc.a(lib_a-vfprintf.o)
 .rodata.zeroes.4404
                0x00000000100cf4da       0x10 ../neural_bsp//newlib/nios2-elf/lib\libc.a(lib_a-vfprintf.o)
 .rodata._ctype_b
                0x00000000100cf4ea      0x180 ../neural_bsp//newlib/nios2-elf/lib\libc.a(lib_a-ctype_.o)
 .rodata._ctype_
                0x00000000100cf66a      0x101 ../neural_bsp//newlib/nios2-elf/lib\libc.a(lib_a-ctype_.o)
                0x00000000100cf66a                _ctype_
 *fill*         0x00000000100cf76b        0x1 
 .rodata        0x00000000100cf76c       0x12 ../neural_bsp//newlib/nios2-elf/lib\libc.a(lib_a-dtoa.o)
 *fill*         0x00000000100cf77e        0x2 
 .rodata        0x00000000100cf780       0x12 ../neural_bsp//newlib/nios2-elf/lib\libc.a(lib_a-locale.o)
 *fill*         0x00000000100cf792        0x2 
 .rodata.__mprec_tens
                0x00000000100cf794       0xc8 ../neural_bsp//newlib/nios2-elf/lib\libc.a(lib_a-mprec.o)
                0x00000000100cf794                __mprec_tens
 .rodata.__mprec_bigtens
                0x00000000100cf85c       0x28 ../neural_bsp//newlib/nios2-elf/lib\libc.a(lib_a-mprec.o)
                0x00000000100cf85c                __mprec_bigtens
 .rodata.__mprec_tinytens
                0x00000000100cf884       0x28 ../neural_bsp//newlib/nios2-elf/lib\libc.a(lib_a-mprec.o)
                0x00000000100cf884                __mprec_tinytens
 .rodata.p05.2768
                0x00000000100cf8ac        0xc ../neural_bsp//newlib/nios2-elf/lib\libc.a(lib_a-mprec.o)
 .rodata        0x00000000100cf8b8       0x4a ../neural_bsp//newlib/nios2-elf/lib\libc.a(lib_a-vfiprintf.o)
 .rodata.blanks.4348
                0x00000000100cf902       0x10 ../neural_bsp//newlib/nios2-elf/lib\libc.a(lib_a-vfiprintf.o)
 .rodata.zeroes.4349
                0x00000000100cf912       0x10 ../neural_bsp//newlib/nios2-elf/lib\libc.a(lib_a-vfiprintf.o)
 *fill*         0x00000000100cf922        0x2 
 .rodata        0x00000000100cf924        0xa ../neural_bsp/\libhal_bsp.a(alt_dev.o)
 *fill*         0x00000000100cf92e        0x2 
 .rodata        0x00000000100cf930       0x11 ../neural_bsp/\libhal_bsp.a(alt_main.o)
 *fill*         0x00000000100cf941        0x3 
 .rodata        0x00000000100cf944       0x1e ../neural_bsp/\libhal_bsp.a(alt_sys_init.o)
 *(.rodata1)
                0x00000000100cf964                . = ALIGN (0x4)
 *fill*         0x00000000100cf962        0x2 
                0x00000000100cf964                PROVIDE (__ram_rodata_end, ABSOLUTE (.))
                0x0000000010018760                PROVIDE (__flash_rodata_start, LOADADDR (.rodata))

.rwdata         0x00000000100cf964     0x9898 load address 0x00000000100d91fc
                0x00000000100cf964                PROVIDE (__ram_rwdata_start, ABSOLUTE (.))
                0x00000000100cf964                . = ALIGN (0x4)
 *(.got.plt)
 *(.got)
 *(.data1)
 *(.data .data.* .gnu.linkonce.d.*)
 .data          0x00000000100cf964        0x0 ../neural_bsp//obj/HAL/src/crt0.o
 .data          0x00000000100cf964        0x0 obj/default/formula.o
 .data          0x00000000100cf964     0x7d00 obj/default/main.o
                0x00000000100cf964                training_data
                0x00000000100d66c4                testing_data
 .data          0x00000000100d7664        0x0 obj/default/types.o
 .data          0x00000000100d7664        0x0 c:/altera/16.0/nios2eds/bin/gnu/h-x86_64-mingw32/bin/../lib/gcc/nios2-elf/5.2.0/mno-hw-mul\libgcc.a(_fixunssfsi.o)
 .data          0x00000000100d7664        0x0 c:/altera/16.0/nios2eds/bin/gnu/h-x86_64-mingw32/bin/../lib/gcc/nios2-elf/5.2.0/mno-hw-mul\libgcc.a(lib2-divmod.o)
 .data          0x00000000100d7664        0x0 c:/altera/16.0/nios2eds/bin/gnu/h-x86_64-mingw32/bin/../lib/gcc/nios2-elf/5.2.0/mno-hw-mul\libgcc.a(addsf3.o)
 .data          0x00000000100d7664        0x0 c:/altera/16.0/nios2eds/bin/gnu/h-x86_64-mingw32/bin/../lib/gcc/nios2-elf/5.2.0/mno-hw-mul\libgcc.a(divsf3.o)
 .data          0x00000000100d7664        0x0 c:/altera/16.0/nios2eds/bin/gnu/h-x86_64-mingw32/bin/../lib/gcc/nios2-elf/5.2.0/mno-hw-mul\libgcc.a(eqsf2.o)
 .data          0x00000000100d7664        0x0 c:/altera/16.0/nios2eds/bin/gnu/h-x86_64-mingw32/bin/../lib/gcc/nios2-elf/5.2.0/mno-hw-mul\libgcc.a(gesf2.o)
 .data          0x00000000100d7664        0x0 c:/altera/16.0/nios2eds/bin/gnu/h-x86_64-mingw32/bin/../lib/gcc/nios2-elf/5.2.0/mno-hw-mul\libgcc.a(lesf2.o)
 .data          0x00000000100d7664        0x0 c:/altera/16.0/nios2eds/bin/gnu/h-x86_64-mingw32/bin/../lib/gcc/nios2-elf/5.2.0/mno-hw-mul\libgcc.a(mulsf3.o)
 .data          0x00000000100d7664        0x0 c:/altera/16.0/nios2eds/bin/gnu/h-x86_64-mingw32/bin/../lib/gcc/nios2-elf/5.2.0/mno-hw-mul\libgcc.a(subsf3.o)
 .data          0x00000000100d7664        0x0 c:/altera/16.0/nios2eds/bin/gnu/h-x86_64-mingw32/bin/../lib/gcc/nios2-elf/5.2.0/mno-hw-mul\libgcc.a(fixsfsi.o)
 .data          0x00000000100d7664        0x0 c:/altera/16.0/nios2eds/bin/gnu/h-x86_64-mingw32/bin/../lib/gcc/nios2-elf/5.2.0/mno-hw-mul\libgcc.a(floatsisf.o)
 .data          0x00000000100d7664        0x0 c:/altera/16.0/nios2eds/bin/gnu/h-x86_64-mingw32/bin/../lib/gcc/nios2-elf/5.2.0/mno-hw-mul\libgcc.a(floatunsisf.o)
 .data          0x00000000100d7664        0x0 c:/altera/16.0/nios2eds/bin/gnu/h-x86_64-mingw32/bin/../lib/gcc/nios2-elf/5.2.0/mno-hw-mul\libgcc.a(adddf3.o)
 .data          0x00000000100d7664        0x0 c:/altera/16.0/nios2eds/bin/gnu/h-x86_64-mingw32/bin/../lib/gcc/nios2-elf/5.2.0/mno-hw-mul\libgcc.a(ledf2.o)
 .data          0x00000000100d7664        0x0 c:/altera/16.0/nios2eds/bin/gnu/h-x86_64-mingw32/bin/../lib/gcc/nios2-elf/5.2.0/mno-hw-mul\libgcc.a(muldf3.o)
 .data          0x00000000100d7664        0x0 c:/altera/16.0/nios2eds/bin/gnu/h-x86_64-mingw32/bin/../lib/gcc/nios2-elf/5.2.0/mno-hw-mul\libgcc.a(subdf3.o)
 .data          0x00000000100d7664        0x0 c:/altera/16.0/nios2eds/bin/gnu/h-x86_64-mingw32/bin/../lib/gcc/nios2-elf/5.2.0/mno-hw-mul\libgcc.a(extendsfdf2.o)
 .data          0x00000000100d7664        0x0 c:/altera/16.0/nios2eds/bin/gnu/h-x86_64-mingw32/bin/../lib/gcc/nios2-elf/5.2.0/mno-hw-mul\libgcc.a(truncdfsf2.o)
 .data          0x00000000100d7664        0x0 c:/altera/16.0/nios2eds/bin/gnu/h-x86_64-mingw32/bin/../lib/gcc/nios2-elf/5.2.0/mno-hw-mul\libgcc.a(_clzsi2.o)
 .data          0x00000000100d7664        0x0 c:/altera/16.0/nios2eds/bin/gnu/h-x86_64-mingw32/bin/../lib/gcc/nios2-elf/5.2.0/mno-hw-mul\libgcc.a(lib2-mul.o)
 .data          0x00000000100d7664        0x0 c:/altera/16.0/nios2eds/bin/gnu/h-x86_64-mingw32/bin/../lib/gcc/nios2-elf/5.2.0/mno-hw-mul\libgcc.a(_clz.o)
 .data          0x00000000100d7664        0x0 ../neural_bsp//newlib/nios2-elf/lib\libc.a(lib_a-atoi.o)
 .data          0x00000000100d7664        0x0 ../neural_bsp//newlib/nios2-elf/lib\libc.a(lib_a-calloc.o)
 .data          0x00000000100d7664        0x0 ../neural_bsp//newlib/nios2-elf/lib\libc.a(lib_a-callocr.o)
 .data          0x00000000100d7664        0x0 ../neural_bsp//newlib/nios2-elf/lib\libc.a(lib_a-drand48.o)
 .data          0x00000000100d7664        0x0 ../neural_bsp//newlib/nios2-elf/lib\libc.a(lib_a-erand48.o)
 .data          0x00000000100d7664        0x0 ../neural_bsp//newlib/nios2-elf/lib\libc.a(lib_a-getc.o)
 .data          0x00000000100d7664        0x0 ../neural_bsp//newlib/nios2-elf/lib\libc.a(lib_a-impure.o)
 .data.impure_data
                0x00000000100d7664      0x424 ../neural_bsp//newlib/nios2-elf/lib\libc.a(lib_a-impure.o)
 .data          0x00000000100d7a88        0x0 ../neural_bsp//newlib/nios2-elf/lib\libc.a(lib_a-malloc.o)
 .data          0x00000000100d7a88        0x0 ../neural_bsp//newlib/nios2-elf/lib\libc.a(lib_a-mallocr.o)
 .data.__malloc_av_
                0x00000000100d7a88      0x408 ../neural_bsp//newlib/nios2-elf/lib\libc.a(lib_a-mallocr.o)
                0x00000000100d7a88                __malloc_av_
 .data          0x00000000100d7e90        0x0 ../neural_bsp//newlib/nios2-elf/lib\libc.a(lib_a-memset.o)
 .data          0x00000000100d7e90        0x0 ../neural_bsp//newlib/nios2-elf/lib\libc.a(lib_a-printf.o)
 .data          0x00000000100d7e90        0x0 ../neural_bsp//newlib/nios2-elf/lib\libc.a(lib_a-putchar.o)
 .data          0x00000000100d7e90        0x0 ../neural_bsp//newlib/nios2-elf/lib\libc.a(lib_a-puts.o)
 .data          0x00000000100d7e90        0x0 ../neural_bsp//newlib/nios2-elf/lib\libc.a(lib_a-rand48.o)
 .data          0x00000000100d7e90        0x0 ../neural_bsp//newlib/nios2-elf/lib\libc.a(lib_a-realloc.o)
 .data          0x00000000100d7e90        0x0 ../neural_bsp//newlib/nios2-elf/lib\libc.a(lib_a-reallocr.o)
 .data          0x00000000100d7e90        0x0 ../neural_bsp//newlib/nios2-elf/lib\libc.a(lib_a-rget.o)
 .data          0x00000000100d7e90        0x0 ../neural_bsp//newlib/nios2-elf/lib\libc.a(lib_a-s_ldexp.o)
 .data          0x00000000100d7e90        0x0 ../neural_bsp//newlib/nios2-elf/lib\libc.a(lib_a-s_scalbn.o)
 .data          0x00000000100d7e90        0x0 ../neural_bsp//newlib/nios2-elf/lib\libc.a(lib_a-sbrkr.o)
 .data          0x00000000100d7e90        0x0 ../neural_bsp//newlib/nios2-elf/lib\libc.a(lib_a-srand48.o)
 .data          0x00000000100d7e90        0x0 ../neural_bsp//newlib/nios2-elf/lib\libc.a(lib_a-strlen.o)
 .data          0x00000000100d7e90        0x0 ../neural_bsp//newlib/nios2-elf/lib\libc.a(lib_a-strtol.o)
 .data          0x00000000100d7e90        0x0 ../neural_bsp//newlib/nios2-elf/lib\libc.a(lib_a-time.o)
 .data          0x00000000100d7e90        0x0 ../neural_bsp//newlib/nios2-elf/lib\libc.a(lib_a-vfprintf.o)
 .data          0x00000000100d7e90        0x0 ../neural_bsp//newlib/nios2-elf/lib\libc.a(lib_a-wsetup.o)
 .data          0x00000000100d7e90        0x0 ../neural_bsp//newlib/nios2-elf/lib\libc.a(lib_a-ctype_.o)
 .data          0x00000000100d7e90        0x0 ../neural_bsp//newlib/nios2-elf/lib\libc.a(lib_a-dtoa.o)
 .data          0x00000000100d7e90        0x0 ../neural_bsp//newlib/nios2-elf/lib\libc.a(lib_a-errno.o)
 .data          0x00000000100d7e90        0x0 ../neural_bsp//newlib/nios2-elf/lib\libc.a(lib_a-fflush.o)
 .data          0x00000000100d7e90        0x0 ../neural_bsp//newlib/nios2-elf/lib\libc.a(lib_a-findfp.o)
 .data          0x00000000100d7e90        0x0 ../neural_bsp//newlib/nios2-elf/lib\libc.a(lib_a-freer.o)
 .data          0x00000000100d7e90        0x0 ../neural_bsp//newlib/nios2-elf/lib\libc.a(lib_a-fvwrite.o)
 .data          0x00000000100d7e90        0x0 ../neural_bsp//newlib/nios2-elf/lib\libc.a(lib_a-fwalk.o)
 .data          0x00000000100d7e90        0x0 ../neural_bsp//newlib/nios2-elf/lib\libc.a(lib_a-gettimeofdayr.o)
 .data          0x00000000100d7e90        0x0 ../neural_bsp//newlib/nios2-elf/lib\libc.a(lib_a-int_errno.o)
 .data          0x00000000100d7e90        0x0 ../neural_bsp//newlib/nios2-elf/lib\libc.a(lib_a-locale.o)
 .data.lconv    0x00000000100d7e90       0x38 ../neural_bsp//newlib/nios2-elf/lib\libc.a(lib_a-locale.o)
 .data.lc_ctype_charset
                0x00000000100d7ec8       0x20 ../neural_bsp//newlib/nios2-elf/lib\libc.a(lib_a-locale.o)
 .data.lc_message_charset
                0x00000000100d7ee8       0x20 ../neural_bsp//newlib/nios2-elf/lib\libc.a(lib_a-locale.o)
 .data          0x00000000100d7f08        0x0 ../neural_bsp//newlib/nios2-elf/lib\libc.a(lib_a-makebuf.o)
 .data          0x00000000100d7f08        0x0 ../neural_bsp//newlib/nios2-elf/lib\libc.a(lib_a-memchr.o)
 .data          0x00000000100d7f08        0x0 ../neural_bsp//newlib/nios2-elf/lib\libc.a(lib_a-memcpy.o)
 .data          0x00000000100d7f08        0x0 ../neural_bsp//newlib/nios2-elf/lib\libc.a(lib_a-memmove.o)
 .data          0x00000000100d7f08        0x0 ../neural_bsp//newlib/nios2-elf/lib\libc.a(lib_a-mprec.o)
 .data          0x00000000100d7f08        0x0 ../neural_bsp//newlib/nios2-elf/lib\libc.a(lib_a-putc.o)
 .data          0x00000000100d7f08        0x0 ../neural_bsp//newlib/nios2-elf/lib\libc.a(lib_a-refill.o)
 .data          0x00000000100d7f08        0x0 ../neural_bsp//newlib/nios2-elf/lib\libc.a(lib_a-s_copysign.o)
 .data          0x00000000100d7f08        0x0 ../neural_bsp//newlib/nios2-elf/lib\libc.a(lib_a-s_finite.o)
 .data          0x00000000100d7f08        0x0 ../neural_bsp//newlib/nios2-elf/lib\libc.a(lib_a-s_fpclassify.o)
 .data          0x00000000100d7f08        0x0 ../neural_bsp//newlib/nios2-elf/lib\libc.a(lib_a-stdio.o)
 .data          0x00000000100d7f08        0x0 ../neural_bsp//newlib/nios2-elf/lib\libc.a(lib_a-strcmp.o)
 .data          0x00000000100d7f08        0x0 ../neural_bsp//newlib/nios2-elf/lib\libc.a(lib_a-vfiprintf.o)
 .data          0x00000000100d7f08        0x0 ../neural_bsp//newlib/nios2-elf/lib\libc.a(lib_a-wbuf.o)
 .data          0x00000000100d7f08        0x0 ../neural_bsp//newlib/nios2-elf/lib\libc.a(lib_a-writer.o)
 .data          0x00000000100d7f08        0x0 ../neural_bsp//newlib/nios2-elf/lib\libc.a(closer.o)
 .data          0x00000000100d7f08        0x0 ../neural_bsp//newlib/nios2-elf/lib\libc.a(lib_a-fclose.o)
 .data          0x00000000100d7f08        0x0 ../neural_bsp//newlib/nios2-elf/lib\libc.a(lib_a-fputwc.o)
 .data          0x00000000100d7f08        0x0 ../neural_bsp//newlib/nios2-elf/lib\libc.a(lib_a-fstatr.o)
 .data          0x00000000100d7f08        0x0 ../neural_bsp//newlib/nios2-elf/lib\libc.a(lib_a-isattyr.o)
 .data          0x00000000100d7f08        0x0 ../neural_bsp//newlib/nios2-elf/lib\libc.a(lib_a-lseekr.o)
 .data          0x00000000100d7f08        0x0 ../neural_bsp//newlib/nios2-elf/lib\libc.a(lib_a-readr.o)
 .data          0x00000000100d7f08        0x0 ../neural_bsp//newlib/nios2-elf/lib\libc.a(lib_a-wcrtomb.o)
 .data          0x00000000100d7f08        0x0 ../neural_bsp//newlib/nios2-elf/lib\libc.a(lib_a-wctomb_r.o)
 .data          0x00000000100d7f08        0x0 c:/altera/16.0/nios2eds/bin/gnu/h-x86_64-mingw32/bin/../lib/gcc/nios2-elf/5.2.0/mno-hw-mul\libgcc.a(_udivdi3.o)
 .data          0x00000000100d7f08        0x0 c:/altera/16.0/nios2eds/bin/gnu/h-x86_64-mingw32/bin/../lib/gcc/nios2-elf/5.2.0/mno-hw-mul\libgcc.a(_umoddi3.o)
 .data          0x00000000100d7f08        0x0 c:/altera/16.0/nios2eds/bin/gnu/h-x86_64-mingw32/bin/../lib/gcc/nios2-elf/5.2.0/mno-hw-mul\libgcc.a(divdf3.o)
 .data          0x00000000100d7f08        0x0 c:/altera/16.0/nios2eds/bin/gnu/h-x86_64-mingw32/bin/../lib/gcc/nios2-elf/5.2.0/mno-hw-mul\libgcc.a(eqdf2.o)
 .data          0x00000000100d7f08        0x0 c:/altera/16.0/nios2eds/bin/gnu/h-x86_64-mingw32/bin/../lib/gcc/nios2-elf/5.2.0/mno-hw-mul\libgcc.a(gedf2.o)
 .data          0x00000000100d7f08        0x0 c:/altera/16.0/nios2eds/bin/gnu/h-x86_64-mingw32/bin/../lib/gcc/nios2-elf/5.2.0/mno-hw-mul\libgcc.a(fixdfsi.o)
 .data          0x00000000100d7f08        0x0 c:/altera/16.0/nios2eds/bin/gnu/h-x86_64-mingw32/bin/../lib/gcc/nios2-elf/5.2.0/mno-hw-mul\libgcc.a(floatsidf.o)
 .data          0x00000000100d7f08        0x0 c:/altera/16.0/nios2eds/bin/gnu/h-x86_64-mingw32/bin/../lib/gcc/nios2-elf/5.2.0/mno-hw-mul\libgcc.a(floatunsidf.o)
 .data          0x00000000100d7f08        0x0 ../neural_bsp/\libhal_bsp.a(alt_close.o)
 .data          0x00000000100d7f08      0x1a8 ../neural_bsp/\libhal_bsp.a(alt_dev.o)
                0x00000000100d7f08                alt_dev_null
                0x00000000100d7f30                alt_fd_list
 .data          0x00000000100d80b0        0x0 ../neural_bsp/\libhal_bsp.a(alt_errno.o)
 .data          0x00000000100d80b0        0x0 ../neural_bsp/\libhal_bsp.a(alt_fstat.o)
 .data          0x00000000100d80b0        0x0 ../neural_bsp/\libhal_bsp.a(alt_gettod.o)
 .data          0x00000000100d80b0        0x0 ../neural_bsp/\libhal_bsp.a(alt_isatty.o)
 .data          0x00000000100d80b0        0x0 ../neural_bsp/\libhal_bsp.a(alt_load.o)
 .data          0x00000000100d80b0        0x0 ../neural_bsp/\libhal_bsp.a(alt_lseek.o)
 .data          0x00000000100d80b0        0x0 ../neural_bsp/\libhal_bsp.a(alt_main.o)
 .data          0x00000000100d80b0        0x0 ../neural_bsp/\libhal_bsp.a(alt_malloc_lock.o)
 .data          0x00000000100d80b0        0x0 ../neural_bsp/\libhal_bsp.a(alt_read.o)
 .data          0x00000000100d80b0        0x0 ../neural_bsp/\libhal_bsp.a(alt_release_fd.o)
 .data          0x00000000100d80b0        0x0 ../neural_bsp/\libhal_bsp.a(alt_sbrk.o)
 .data          0x00000000100d80b0        0x0 ../neural_bsp/\libhal_bsp.a(alt_tick.o)
 .data          0x00000000100d80b0        0x0 ../neural_bsp/\libhal_bsp.a(alt_write.o)
 .data          0x00000000100d80b0     0x1088 ../neural_bsp/\libhal_bsp.a(alt_sys_init.o)
 .data          0x00000000100d9138        0x0 ../neural_bsp/\libhal_bsp.a(altera_avalon_jtag_uart_fd.o)
 .data          0x00000000100d9138        0x0 ../neural_bsp/\libhal_bsp.a(altera_avalon_jtag_uart_init.o)
 .data          0x00000000100d9138        0x0 ../neural_bsp/\libhal_bsp.a(altera_avalon_jtag_uart_ioctl.o)
 .data          0x00000000100d9138        0x0 ../neural_bsp/\libhal_bsp.a(altera_avalon_jtag_uart_read.o)
 .data          0x00000000100d9138        0x0 ../neural_bsp/\libhal_bsp.a(altera_avalon_jtag_uart_write.o)
 .data          0x00000000100d9138        0x0 ../neural_bsp/\libhal_bsp.a(altera_hostfs.o)
 .data          0x00000000100d9138        0x0 ../neural_bsp/\libhal_bsp.a(alt_alarm_start.o)
 .data          0x00000000100d9138        0x0 ../neural_bsp/\libhal_bsp.a(alt_dcache_flush_all.o)
 .data          0x00000000100d9138        0x0 ../neural_bsp/\libhal_bsp.a(alt_dev_llist_insert.o)
 .data          0x00000000100d9138        0x0 ../neural_bsp/\libhal_bsp.a(alt_do_ctors.o)
 .data          0x00000000100d9138        0x0 ../neural_bsp/\libhal_bsp.a(alt_do_dtors.o)
 .data          0x00000000100d9138        0x0 ../neural_bsp/\libhal_bsp.a(alt_fs_reg.o)
 .data          0x00000000100d9138        0x0 ../neural_bsp/\libhal_bsp.a(alt_icache_flush_all.o)
 .data          0x00000000100d9138        0x0 ../neural_bsp/\libhal_bsp.a(alt_iic.o)
 .data          0x00000000100d9138        0x0 ../neural_bsp/\libhal_bsp.a(alt_iic_isr_register.o)
 .data          0x00000000100d9138        0x0 ../neural_bsp/\libhal_bsp.a(alt_io_redirect.o)
 .data          0x00000000100d9138        0x0 ../neural_bsp/\libhal_bsp.a(alt_irq_entry.o)
 .data          0x00000000100d9138        0x0 ../neural_bsp/\libhal_bsp.a(alt_irq_handler.o)
 .data          0x00000000100d9138        0x0 ../neural_bsp/\libhal_bsp.a(alt_irq_vars.o)
 .data          0x00000000100d9138        0x0 ../neural_bsp/\libhal_bsp.a(alt_open.o)
 .data          0x00000000100d9138        0x0 ../neural_bsp/\libhal_bsp.a(altera_nios2_gen2_irq.o)
 .data          0x00000000100d9138        0x0 ../neural_bsp/\libhal_bsp.a(alt_exception_entry.o)
 .data          0x00000000100d9138        0x0 ../neural_bsp/\libhal_bsp.a(alt_find_dev.o)
 .data          0x00000000100d9138        0x0 ../neural_bsp/\libhal_bsp.a(alt_find_file.o)
 .data          0x00000000100d9138        0x0 ../neural_bsp/\libhal_bsp.a(alt_get_fd.o)
 .data          0x00000000100d9138        0x0 ../neural_bsp/\libhal_bsp.a(alt_instruction_exception_entry.o)
 .data          0x00000000100d9138        0x0 ../neural_bsp//newlib/nios2-elf/lib\libc.a(lib_a-atexit.o)
 .data          0x00000000100d9138        0x0 ../neural_bsp//newlib/nios2-elf/lib\libc.a(lib_a-exit.o)
 .data          0x00000000100d9138        0x0 ../neural_bsp//newlib/nios2-elf/lib\libc.a(lib_a-memcmp.o)
 .data          0x00000000100d9138        0x0 ../neural_bsp//newlib/nios2-elf/lib\libc.a(lib_a-__atexit.o)
 .data          0x00000000100d9138        0x0 ../neural_bsp//newlib/nios2-elf/lib\libc.a(lib_a-__call_atexit.o)
 .data          0x00000000100d9138        0x0 c:/altera/16.0/nios2eds/bin/gnu/h-x86_64-mingw32/bin/../lib/gcc/nios2-elf/5.2.0/mno-hw-mul\libgcc.a(_muldi3.o)
 .data          0x00000000100d9138        0x0 ../neural_bsp/\libhal_bsp.a(alt_exit.o)
                0x00000000100e1138                _gp = ABSOLUTE ((. + 0x8000))
                [!provide]                        PROVIDE (gp, _gp)
 *(.rwdata .rwdata.*)
 *(.sdata .sdata.* .gnu.linkonce.s.*)
 .sdata         0x00000000100d9138       0x10 obj/default/formula.o
                0x00000000100d9138                to_sig_hw_port
                0x00000000100d913c                to_sig_sw_port
                0x00000000100d9140                to_isig_hw_port
                0x00000000100d9144                to_isig_sw_port
 .sdata         0x00000000100d9148        0x8 obj/default/main.o
                0x00000000100d9148                to_hw_sig
                0x00000000100d914c                to_sw_sig
 .sdata._impure_ptr
                0x00000000100d9150        0x4 ../neural_bsp//newlib/nios2-elf/lib\libc.a(lib_a-impure.o)
                0x00000000100d9150                _impure_ptr
 .sdata._global_impure_ptr
                0x00000000100d9154        0x4 ../neural_bsp//newlib/nios2-elf/lib\libc.a(lib_a-impure.o)
                0x00000000100d9154                _global_impure_ptr
 .sdata.__malloc_trim_threshold
                0x00000000100d9158        0x4 ../neural_bsp//newlib/nios2-elf/lib\libc.a(lib_a-mallocr.o)
                0x00000000100d9158                __malloc_trim_threshold
 .sdata.__malloc_sbrk_base
                0x00000000100d915c        0x4 ../neural_bsp//newlib/nios2-elf/lib\libc.a(lib_a-mallocr.o)
                0x00000000100d915c                __malloc_sbrk_base
 .sdata.two54   0x00000000100d9160        0x8 ../neural_bsp//newlib/nios2-elf/lib\libc.a(lib_a-s_scalbn.o)
 .sdata.twom54  0x00000000100d9168        0x8 ../neural_bsp//newlib/nios2-elf/lib\libc.a(lib_a-s_scalbn.o)
 .sdata.huge    0x00000000100d9170        0x8 ../neural_bsp//newlib/nios2-elf/lib\libc.a(lib_a-s_scalbn.o)
 .sdata.tiny    0x00000000100d9178        0x8 ../neural_bsp//newlib/nios2-elf/lib\libc.a(lib_a-s_scalbn.o)
 .sdata.__ctype_ptr__
                0x00000000100d9180        0x4 ../neural_bsp//newlib/nios2-elf/lib\libc.a(lib_a-ctype_.o)
                0x00000000100d9180                __ctype_ptr__
 .sdata.__mb_cur_max
                0x00000000100d9184        0x4 ../neural_bsp//newlib/nios2-elf/lib\libc.a(lib_a-locale.o)
                0x00000000100d9184                __mb_cur_max
 .sdata.__wctomb
                0x00000000100d9188        0x4 ../neural_bsp//newlib/nios2-elf/lib\libc.a(lib_a-wctomb_r.o)
                0x00000000100d9188                __wctomb
 .sdata         0x00000000100d918c       0x14 ../neural_bsp/\libhal_bsp.a(alt_dev.o)
                0x00000000100d918c                alt_fs_list
                0x00000000100d9194                alt_dev_list
                0x00000000100d919c                alt_max_fd
 .sdata         0x00000000100d91a0        0x4 ../neural_bsp/\libhal_bsp.a(alt_errno.o)
                0x00000000100d91a0                alt_errno
 .sdata         0x00000000100d91a4        0x4 ../neural_bsp/\libhal_bsp.a(alt_sbrk.o)
 .sdata         0x00000000100d91a8        0x8 ../neural_bsp/\libhal_bsp.a(alt_tick.o)
                0x00000000100d91a8                alt_alarm_list
 .sdata         0x00000000100d91b0       0x46 ../neural_bsp/\libhal_bsp.a(altera_hostfs.o)
 *fill*         0x00000000100d91f6        0x2 
 .sdata         0x00000000100d91f8        0x4 ../neural_bsp/\libhal_bsp.a(alt_irq_vars.o)
                0x00000000100d91f8                alt_priority_mask
 *(.sdata2 .sdata2.* .gnu.linkonce.s2.*)
                0x00000000100d91fc                . = ALIGN (0x4)
                0x00000000100d91fc                _edata = ABSOLUTE (.)
                [!provide]                        PROVIDE (edata, ABSOLUTE (.))
                0x00000000100d91fc                PROVIDE (__ram_rwdata_end, ABSOLUTE (.))
                0x00000000100d91fc                PROVIDE (__flash_rwdata_start, LOADADDR (.rwdata))

.bss            0x00000000100e2a94      0x1f0
                0x00000000100e2a94                __bss_start = ABSOLUTE (.)
                [!provide]                        PROVIDE (__sbss_start, ABSOLUTE (.))
                [!provide]                        PROVIDE (___sbss_start, ABSOLUTE (.))
 *(.dynsbss)
 *(.sbss .sbss.* .gnu.linkonce.sb.*)
 .sbss          0x00000000100e2a94        0xc obj/default/main.o
                0x00000000100e2a94                total_runs
                0x00000000100e2a98                num_incorrect
                0x00000000100e2a9c                curr_point
 .sbss.__malloc_top_pad
                0x00000000100e2aa0        0x4 ../neural_bsp//newlib/nios2-elf/lib\libc.a(lib_a-mallocr.o)
                0x00000000100e2aa0                __malloc_top_pad
 .sbss.__malloc_max_sbrked_mem
                0x00000000100e2aa4        0x4 ../neural_bsp//newlib/nios2-elf/lib\libc.a(lib_a-mallocr.o)
                0x00000000100e2aa4                __malloc_max_sbrked_mem
 .sbss.__malloc_max_total_mem
                0x00000000100e2aa8        0x4 ../neural_bsp//newlib/nios2-elf/lib\libc.a(lib_a-mallocr.o)
                0x00000000100e2aa8                __malloc_max_total_mem
 .sbss.__sfp_lock
                0x00000000100e2aac        0x4 ../neural_bsp//newlib/nios2-elf/lib\libc.a(lib_a-findfp.o)
 .sbss.__sinit_lock
                0x00000000100e2ab0        0x4 ../neural_bsp//newlib/nios2-elf/lib\libc.a(lib_a-findfp.o)
 .sbss          0x00000000100e2ab4        0x4 ../neural_bsp//newlib/nios2-elf/lib\libc.a(lib_a-int_errno.o)
                0x00000000100e2ab4                errno
 .sbss.__nlocale_changed
                0x00000000100e2ab8        0x4 ../neural_bsp//newlib/nios2-elf/lib\libc.a(lib_a-locale.o)
                0x00000000100e2ab8                __nlocale_changed
 .sbss.__mlocale_changed
                0x00000000100e2abc        0x4 ../neural_bsp//newlib/nios2-elf/lib\libc.a(lib_a-locale.o)
                0x00000000100e2abc                __mlocale_changed
 .sbss._PathLocale
                0x00000000100e2ac0        0x4 ../neural_bsp//newlib/nios2-elf/lib\libc.a(lib_a-locale.o)
                0x00000000100e2ac0                _PathLocale
 .sbss.lc_ctype_cjk_lang
                0x00000000100e2ac4        0x4 ../neural_bsp//newlib/nios2-elf/lib\libc.a(lib_a-locale.o)
 .sbss          0x00000000100e2ac8       0x10 ../neural_bsp/\libhal_bsp.a(alt_gettod.o)
                0x00000000100e2ac8                alt_timezone
                0x00000000100e2ad0                alt_resettime
 .sbss          0x00000000100e2ad8        0xc ../neural_bsp/\libhal_bsp.a(alt_main.o)
                0x00000000100e2ad8                alt_argc
                0x00000000100e2adc                alt_argv
                0x00000000100e2ae0                alt_envp
 .sbss          0x00000000100e2ae4        0x8 ../neural_bsp/\libhal_bsp.a(alt_tick.o)
                0x00000000100e2ae4                _alt_tick_rate
                0x00000000100e2ae8                _alt_nticks
 .sbss          0x00000000100e2aec        0x4 ../neural_bsp/\libhal_bsp.a(alt_irq_vars.o)
                0x00000000100e2aec                alt_irq_active
 .sbss          0x00000000100e2af0        0x4 ../neural_bsp/\libhal_bsp.a(alt_instruction_exception_entry.o)
                0x00000000100e2af0                alt_instruction_exception_handler
 .sbss.__atexit_lock
                0x00000000100e2af4        0x4 ../neural_bsp//newlib/nios2-elf/lib\libc.a(lib_a-__call_atexit.o)
 *(.sbss2 .sbss2.* .gnu.linkonce.sb2.*)
 *(.scommon)
                [!provide]                        PROVIDE (__sbss_end, ABSOLUTE (.))
                [!provide]                        PROVIDE (___sbss_end, ABSOLUTE (.))
 *(.dynbss)
 *(.bss .bss.* .gnu.linkonce.b.*)
 .bss           0x00000000100e2af8        0x0 ../neural_bsp//obj/HAL/src/crt0.o
 .bss           0x00000000100e2af8        0x0 obj/default/formula.o
 .bss           0x00000000100e2af8        0x0 obj/default/main.o
 .bss           0x00000000100e2af8        0x0 obj/default/types.o
 .bss           0x00000000100e2af8        0x0 c:/altera/16.0/nios2eds/bin/gnu/h-x86_64-mingw32/bin/../lib/gcc/nios2-elf/5.2.0/mno-hw-mul\libgcc.a(_fixunssfsi.o)
 .bss           0x00000000100e2af8        0x0 c:/altera/16.0/nios2eds/bin/gnu/h-x86_64-mingw32/bin/../lib/gcc/nios2-elf/5.2.0/mno-hw-mul\libgcc.a(lib2-divmod.o)
 .bss           0x00000000100e2af8        0x0 c:/altera/16.0/nios2eds/bin/gnu/h-x86_64-mingw32/bin/../lib/gcc/nios2-elf/5.2.0/mno-hw-mul\libgcc.a(addsf3.o)
 .bss           0x00000000100e2af8        0x0 c:/altera/16.0/nios2eds/bin/gnu/h-x86_64-mingw32/bin/../lib/gcc/nios2-elf/5.2.0/mno-hw-mul\libgcc.a(divsf3.o)
 .bss           0x00000000100e2af8        0x0 c:/altera/16.0/nios2eds/bin/gnu/h-x86_64-mingw32/bin/../lib/gcc/nios2-elf/5.2.0/mno-hw-mul\libgcc.a(eqsf2.o)
 .bss           0x00000000100e2af8        0x0 c:/altera/16.0/nios2eds/bin/gnu/h-x86_64-mingw32/bin/../lib/gcc/nios2-elf/5.2.0/mno-hw-mul\libgcc.a(gesf2.o)
 .bss           0x00000000100e2af8        0x0 c:/altera/16.0/nios2eds/bin/gnu/h-x86_64-mingw32/bin/../lib/gcc/nios2-elf/5.2.0/mno-hw-mul\libgcc.a(lesf2.o)
 .bss           0x00000000100e2af8        0x0 c:/altera/16.0/nios2eds/bin/gnu/h-x86_64-mingw32/bin/../lib/gcc/nios2-elf/5.2.0/mno-hw-mul\libgcc.a(mulsf3.o)
 .bss           0x00000000100e2af8        0x0 c:/altera/16.0/nios2eds/bin/gnu/h-x86_64-mingw32/bin/../lib/gcc/nios2-elf/5.2.0/mno-hw-mul\libgcc.a(subsf3.o)
 .bss           0x00000000100e2af8        0x0 c:/altera/16.0/nios2eds/bin/gnu/h-x86_64-mingw32/bin/../lib/gcc/nios2-elf/5.2.0/mno-hw-mul\libgcc.a(fixsfsi.o)
 .bss           0x00000000100e2af8        0x0 c:/altera/16.0/nios2eds/bin/gnu/h-x86_64-mingw32/bin/../lib/gcc/nios2-elf/5.2.0/mno-hw-mul\libgcc.a(floatsisf.o)
 .bss           0x00000000100e2af8        0x0 c:/altera/16.0/nios2eds/bin/gnu/h-x86_64-mingw32/bin/../lib/gcc/nios2-elf/5.2.0/mno-hw-mul\libgcc.a(floatunsisf.o)
 .bss           0x00000000100e2af8        0x0 c:/altera/16.0/nios2eds/bin/gnu/h-x86_64-mingw32/bin/../lib/gcc/nios2-elf/5.2.0/mno-hw-mul\libgcc.a(adddf3.o)
 .bss           0x00000000100e2af8        0x0 c:/altera/16.0/nios2eds/bin/gnu/h-x86_64-mingw32/bin/../lib/gcc/nios2-elf/5.2.0/mno-hw-mul\libgcc.a(ledf2.o)
 .bss           0x00000000100e2af8        0x0 c:/altera/16.0/nios2eds/bin/gnu/h-x86_64-mingw32/bin/../lib/gcc/nios2-elf/5.2.0/mno-hw-mul\libgcc.a(muldf3.o)
 .bss           0x00000000100e2af8        0x0 c:/altera/16.0/nios2eds/bin/gnu/h-x86_64-mingw32/bin/../lib/gcc/nios2-elf/5.2.0/mno-hw-mul\libgcc.a(subdf3.o)
 .bss           0x00000000100e2af8        0x0 c:/altera/16.0/nios2eds/bin/gnu/h-x86_64-mingw32/bin/../lib/gcc/nios2-elf/5.2.0/mno-hw-mul\libgcc.a(extendsfdf2.o)
 .bss           0x00000000100e2af8        0x0 c:/altera/16.0/nios2eds/bin/gnu/h-x86_64-mingw32/bin/../lib/gcc/nios2-elf/5.2.0/mno-hw-mul\libgcc.a(truncdfsf2.o)
 .bss           0x00000000100e2af8        0x0 c:/altera/16.0/nios2eds/bin/gnu/h-x86_64-mingw32/bin/../lib/gcc/nios2-elf/5.2.0/mno-hw-mul\libgcc.a(_clzsi2.o)
 .bss           0x00000000100e2af8        0x0 c:/altera/16.0/nios2eds/bin/gnu/h-x86_64-mingw32/bin/../lib/gcc/nios2-elf/5.2.0/mno-hw-mul\libgcc.a(lib2-mul.o)
 .bss           0x00000000100e2af8        0x0 c:/altera/16.0/nios2eds/bin/gnu/h-x86_64-mingw32/bin/../lib/gcc/nios2-elf/5.2.0/mno-hw-mul\libgcc.a(_clz.o)
 .bss           0x00000000100e2af8        0x0 ../neural_bsp//newlib/nios2-elf/lib\libc.a(lib_a-atoi.o)
 .bss           0x00000000100e2af8        0x0 ../neural_bsp//newlib/nios2-elf/lib\libc.a(lib_a-calloc.o)
 .bss           0x00000000100e2af8        0x0 ../neural_bsp//newlib/nios2-elf/lib\libc.a(lib_a-callocr.o)
 .bss           0x00000000100e2af8        0x0 ../neural_bsp//newlib/nios2-elf/lib\libc.a(lib_a-drand48.o)
 .bss           0x00000000100e2af8        0x0 ../neural_bsp//newlib/nios2-elf/lib\libc.a(lib_a-erand48.o)
 .bss           0x00000000100e2af8        0x0 ../neural_bsp//newlib/nios2-elf/lib\libc.a(lib_a-getc.o)
 .bss           0x00000000100e2af8        0x0 ../neural_bsp//newlib/nios2-elf/lib\libc.a(lib_a-impure.o)
 .bss           0x00000000100e2af8        0x0 ../neural_bsp//newlib/nios2-elf/lib\libc.a(lib_a-malloc.o)
 .bss           0x00000000100e2af8        0x0 ../neural_bsp//newlib/nios2-elf/lib\libc.a(lib_a-mallocr.o)
 .bss.__malloc_current_mallinfo
                0x00000000100e2af8       0x28 ../neural_bsp//newlib/nios2-elf/lib\libc.a(lib_a-mallocr.o)
                0x00000000100e2af8                __malloc_current_mallinfo
 .bss           0x00000000100e2b20        0x0 ../neural_bsp//newlib/nios2-elf/lib\libc.a(lib_a-memset.o)
 .bss           0x00000000100e2b20        0x0 ../neural_bsp//newlib/nios2-elf/lib\libc.a(lib_a-printf.o)
 .bss           0x00000000100e2b20        0x0 ../neural_bsp//newlib/nios2-elf/lib\libc.a(lib_a-putchar.o)
 .bss           0x00000000100e2b20        0x0 ../neural_bsp//newlib/nios2-elf/lib\libc.a(lib_a-puts.o)
 .bss           0x00000000100e2b20        0x0 ../neural_bsp//newlib/nios2-elf/lib\libc.a(lib_a-rand48.o)
 .bss           0x00000000100e2b20        0x0 ../neural_bsp//newlib/nios2-elf/lib\libc.a(lib_a-realloc.o)
 .bss           0x00000000100e2b20        0x0 ../neural_bsp//newlib/nios2-elf/lib\libc.a(lib_a-reallocr.o)
 .bss           0x00000000100e2b20        0x0 ../neural_bsp//newlib/nios2-elf/lib\libc.a(lib_a-rget.o)
 .bss           0x00000000100e2b20        0x0 ../neural_bsp//newlib/nios2-elf/lib\libc.a(lib_a-s_ldexp.o)
 .bss           0x00000000100e2b20        0x0 ../neural_bsp//newlib/nios2-elf/lib\libc.a(lib_a-s_scalbn.o)
 .bss           0x00000000100e2b20        0x0 ../neural_bsp//newlib/nios2-elf/lib\libc.a(lib_a-sbrkr.o)
 .bss           0x00000000100e2b20        0x0 ../neural_bsp//newlib/nios2-elf/lib\libc.a(lib_a-srand48.o)
 .bss           0x00000000100e2b20        0x0 ../neural_bsp//newlib/nios2-elf/lib\libc.a(lib_a-strlen.o)
 .bss           0x00000000100e2b20        0x0 ../neural_bsp//newlib/nios2-elf/lib\libc.a(lib_a-strtol.o)
 .bss           0x00000000100e2b20        0x0 ../neural_bsp//newlib/nios2-elf/lib\libc.a(lib_a-time.o)
 .bss           0x00000000100e2b20        0x0 ../neural_bsp//newlib/nios2-elf/lib\libc.a(lib_a-vfprintf.o)
 .bss           0x00000000100e2b20        0x0 ../neural_bsp//newlib/nios2-elf/lib\libc.a(lib_a-wsetup.o)
 .bss           0x00000000100e2b20        0x0 ../neural_bsp//newlib/nios2-elf/lib\libc.a(lib_a-ctype_.o)
 .bss           0x00000000100e2b20        0x0 ../neural_bsp//newlib/nios2-elf/lib\libc.a(lib_a-dtoa.o)
 .bss           0x00000000100e2b20        0x0 ../neural_bsp//newlib/nios2-elf/lib\libc.a(lib_a-errno.o)
 .bss           0x00000000100e2b20        0x0 ../neural_bsp//newlib/nios2-elf/lib\libc.a(lib_a-fflush.o)
 .bss           0x00000000100e2b20        0x0 ../neural_bsp//newlib/nios2-elf/lib\libc.a(lib_a-findfp.o)
 .bss           0x00000000100e2b20        0x0 ../neural_bsp//newlib/nios2-elf/lib\libc.a(lib_a-freer.o)
 .bss           0x00000000100e2b20        0x0 ../neural_bsp//newlib/nios2-elf/lib\libc.a(lib_a-fvwrite.o)
 .bss           0x00000000100e2b20        0x0 ../neural_bsp//newlib/nios2-elf/lib\libc.a(lib_a-fwalk.o)
 .bss           0x00000000100e2b20        0x0 ../neural_bsp//newlib/nios2-elf/lib\libc.a(lib_a-gettimeofdayr.o)
 .bss           0x00000000100e2b20        0x0 ../neural_bsp//newlib/nios2-elf/lib\libc.a(lib_a-int_errno.o)
 .bss           0x00000000100e2b20        0x0 ../neural_bsp//newlib/nios2-elf/lib\libc.a(lib_a-locale.o)
 .bss           0x00000000100e2b20        0x0 ../neural_bsp//newlib/nios2-elf/lib\libc.a(lib_a-makebuf.o)
 .bss           0x00000000100e2b20        0x0 ../neural_bsp//newlib/nios2-elf/lib\libc.a(lib_a-memchr.o)
 .bss           0x00000000100e2b20        0x0 ../neural_bsp//newlib/nios2-elf/lib\libc.a(lib_a-memcpy.o)
 .bss           0x00000000100e2b20        0x0 ../neural_bsp//newlib/nios2-elf/lib\libc.a(lib_a-memmove.o)
 .bss           0x00000000100e2b20        0x0 ../neural_bsp//newlib/nios2-elf/lib\libc.a(lib_a-mprec.o)
 .bss           0x00000000100e2b20        0x0 ../neural_bsp//newlib/nios2-elf/lib\libc.a(lib_a-putc.o)
 .bss           0x00000000100e2b20        0x0 ../neural_bsp//newlib/nios2-elf/lib\libc.a(lib_a-refill.o)
 .bss           0x00000000100e2b20        0x0 ../neural_bsp//newlib/nios2-elf/lib\libc.a(lib_a-s_copysign.o)
 .bss           0x00000000100e2b20        0x0 ../neural_bsp//newlib/nios2-elf/lib\libc.a(lib_a-s_finite.o)
 .bss           0x00000000100e2b20        0x0 ../neural_bsp//newlib/nios2-elf/lib\libc.a(lib_a-s_fpclassify.o)
 .bss           0x00000000100e2b20        0x0 ../neural_bsp//newlib/nios2-elf/lib\libc.a(lib_a-stdio.o)
 .bss           0x00000000100e2b20        0x0 ../neural_bsp//newlib/nios2-elf/lib\libc.a(lib_a-strcmp.o)
 .bss           0x00000000100e2b20        0x0 ../neural_bsp//newlib/nios2-elf/lib\libc.a(lib_a-vfiprintf.o)
 .bss           0x00000000100e2b20        0x0 ../neural_bsp//newlib/nios2-elf/lib\libc.a(lib_a-wbuf.o)
 .bss           0x00000000100e2b20        0x0 ../neural_bsp//newlib/nios2-elf/lib\libc.a(lib_a-writer.o)
 .bss           0x00000000100e2b20        0x0 ../neural_bsp//newlib/nios2-elf/lib\libc.a(closer.o)
 .bss           0x00000000100e2b20        0x0 ../neural_bsp//newlib/nios2-elf/lib\libc.a(lib_a-fclose.o)
 .bss           0x00000000100e2b20        0x0 ../neural_bsp//newlib/nios2-elf/lib\libc.a(lib_a-fputwc.o)
 .bss           0x00000000100e2b20        0x0 ../neural_bsp//newlib/nios2-elf/lib\libc.a(lib_a-fstatr.o)
 .bss           0x00000000100e2b20        0x0 ../neural_bsp//newlib/nios2-elf/lib\libc.a(lib_a-isattyr.o)
 .bss           0x00000000100e2b20        0x0 ../neural_bsp//newlib/nios2-elf/lib\libc.a(lib_a-lseekr.o)
 .bss           0x00000000100e2b20        0x0 ../neural_bsp//newlib/nios2-elf/lib\libc.a(lib_a-readr.o)
 .bss           0x00000000100e2b20        0x0 ../neural_bsp//newlib/nios2-elf/lib\libc.a(lib_a-wcrtomb.o)
 .bss           0x00000000100e2b20        0x0 ../neural_bsp//newlib/nios2-elf/lib\libc.a(lib_a-wctomb_r.o)
 .bss           0x00000000100e2b20        0x0 c:/altera/16.0/nios2eds/bin/gnu/h-x86_64-mingw32/bin/../lib/gcc/nios2-elf/5.2.0/mno-hw-mul\libgcc.a(_udivdi3.o)
 .bss           0x00000000100e2b20        0x0 c:/altera/16.0/nios2eds/bin/gnu/h-x86_64-mingw32/bin/../lib/gcc/nios2-elf/5.2.0/mno-hw-mul\libgcc.a(_umoddi3.o)
 .bss           0x00000000100e2b20        0x0 c:/altera/16.0/nios2eds/bin/gnu/h-x86_64-mingw32/bin/../lib/gcc/nios2-elf/5.2.0/mno-hw-mul\libgcc.a(divdf3.o)
 .bss           0x00000000100e2b20        0x0 c:/altera/16.0/nios2eds/bin/gnu/h-x86_64-mingw32/bin/../lib/gcc/nios2-elf/5.2.0/mno-hw-mul\libgcc.a(eqdf2.o)
 .bss           0x00000000100e2b20        0x0 c:/altera/16.0/nios2eds/bin/gnu/h-x86_64-mingw32/bin/../lib/gcc/nios2-elf/5.2.0/mno-hw-mul\libgcc.a(gedf2.o)
 .bss           0x00000000100e2b20        0x0 c:/altera/16.0/nios2eds/bin/gnu/h-x86_64-mingw32/bin/../lib/gcc/nios2-elf/5.2.0/mno-hw-mul\libgcc.a(fixdfsi.o)
 .bss           0x00000000100e2b20        0x0 c:/altera/16.0/nios2eds/bin/gnu/h-x86_64-mingw32/bin/../lib/gcc/nios2-elf/5.2.0/mno-hw-mul\libgcc.a(floatsidf.o)
 .bss           0x00000000100e2b20        0x0 c:/altera/16.0/nios2eds/bin/gnu/h-x86_64-mingw32/bin/../lib/gcc/nios2-elf/5.2.0/mno-hw-mul\libgcc.a(floatunsidf.o)
 .bss           0x00000000100e2b20        0x0 ../neural_bsp/\libhal_bsp.a(alt_close.o)
 .bss           0x00000000100e2b20        0x0 ../neural_bsp/\libhal_bsp.a(alt_dev.o)
 .bss           0x00000000100e2b20        0x0 ../neural_bsp/\libhal_bsp.a(alt_errno.o)
 .bss           0x00000000100e2b20        0x0 ../neural_bsp/\libhal_bsp.a(alt_fstat.o)
 .bss           0x00000000100e2b20        0x0 ../neural_bsp/\libhal_bsp.a(alt_gettod.o)
 .bss           0x00000000100e2b20        0x0 ../neural_bsp/\libhal_bsp.a(alt_isatty.o)
 .bss           0x00000000100e2b20        0x0 ../neural_bsp/\libhal_bsp.a(alt_load.o)