Archive member included to satisfy reference by file (symbol)

c:/altera/16.0/nios2eds/bin/gnu/h-x86_64-mingw32/bin/../lib/gcc/nios2-elf/5.2.0/mno-hw-mul\libgcc.a(_fixunssfsi.o)
                              obj/default/types.o (__fixunssfsi)
c:/altera/16.0/nios2eds/bin/gnu/h-x86_64-mingw32/bin/../lib/gcc/nios2-elf/5.2.0/mno-hw-mul\libgcc.a(lib2-divmod.o)
                              obj/default/main.o (__umodsi3)
c:/altera/16.0/nios2eds/bin/gnu/h-x86_64-mingw32/bin/../lib/gcc/nios2-elf/5.2.0/mno-hw-mul\libgcc.a(addsf3.o)
                              obj/default/main.o (__addsf3)
c:/altera/16.0/nios2eds/bin/gnu/h-x86_64-mingw32/bin/../lib/gcc/nios2-elf/5.2.0/mno-hw-mul\libgcc.a(divsf3.o)
                              obj/default/main.o (__divsf3)
c:/altera/16.0/nios2eds/bin/gnu/h-x86_64-mingw32/bin/../lib/gcc/nios2-elf/5.2.0/mno-hw-mul\libgcc.a(eqsf2.o)
                              obj/default/main.o (__eqsf2)
c:/altera/16.0/nios2eds/bin/gnu/h-x86_64-mingw32/bin/../lib/gcc/nios2-elf/5.2.0/mno-hw-mul\libgcc.a(gesf2.o)
                              obj/default/main.o (__gesf2)
c:/altera/16.0/nios2eds/bin/gnu/h-x86_64-mingw32/bin/../lib/gcc/nios2-elf/5.2.0/mno-hw-mul\libgcc.a(lesf2.o)
                              obj/default/types.o (__ltsf2)
c:/altera/16.0/nios2eds/bin/gnu/h-x86_64-mingw32/bin/../lib/gcc/nios2-elf/5.2.0/mno-hw-mul\libgcc.a(mulsf3.o)
                              obj/default/formula.o (__mulsf3)
c:/altera/16.0/nios2eds/bin/gnu/h-x86_64-mingw32/bin/../lib/gcc/nios2-elf/5.2.0/mno-hw-mul\libgcc.a(subsf3.o)
                              obj/default/formula.o (__subsf3)
c:/altera/16.0/nios2eds/bin/gnu/h-x86_64-mingw32/bin/../lib/gcc/nios2-elf/5.2.0/mno-hw-mul\libgcc.a(fixsfsi.o)
                              c:/altera/16.0/nios2eds/bin/gnu/h-x86_64-mingw32/bin/../lib/gcc/nios2-elf/5.2.0/mno-hw-mul\libgcc.a(_fixunssfsi.o) (__fixsfsi)
c:/altera/16.0/nios2eds/bin/gnu/h-x86_64-mingw32/bin/../lib/gcc/nios2-elf/5.2.0/mno-hw-mul\libgcc.a(floatsisf.o)
                              obj/default/main.o (__floatsisf)
c:/altera/16.0/nios2eds/bin/gnu/h-x86_64-mingw32/bin/../lib/gcc/nios2-elf/5.2.0/mno-hw-mul\libgcc.a(floatunsisf.o)
                              obj/default/main.o (__floatunsisf)
c:/altera/16.0/nios2eds/bin/gnu/h-x86_64-mingw32/bin/../lib/gcc/nios2-elf/5.2.0/mno-hw-mul\libgcc.a(adddf3.o)
                              obj/default/types.o (__adddf3)
c:/altera/16.0/nios2eds/bin/gnu/h-x86_64-mingw32/bin/../lib/gcc/nios2-elf/5.2.0/mno-hw-mul\libgcc.a(ledf2.o)
                              obj/default/main.o (__ltdf2)
c:/altera/16.0/nios2eds/bin/gnu/h-x86_64-mingw32/bin/../lib/gcc/nios2-elf/5.2.0/mno-hw-mul\libgcc.a(muldf3.o)
                              obj/default/types.o (__muldf3)
c:/altera/16.0/nios2eds/bin/gnu/h-x86_64-mingw32/bin/../lib/gcc/nios2-elf/5.2.0/mno-hw-mul\libgcc.a(subdf3.o)
                              obj/default/types.o (__subdf3)
c:/altera/16.0/nios2eds/bin/gnu/h-x86_64-mingw32/bin/../lib/gcc/nios2-elf/5.2.0/mno-hw-mul\libgcc.a(extendsfdf2.o)
                              obj/default/formula.o (__extendsfdf2)
c:/altera/16.0/nios2eds/bin/gnu/h-x86_64-mingw32/bin/../lib/gcc/nios2-elf/5.2.0/mno-hw-mul\libgcc.a(truncdfsf2.o)
                              obj/default/types.o (__truncdfsf2)
c:/altera/16.0/nios2eds/bin/gnu/h-x86_64-mingw32/bin/../lib/gcc/nios2-elf/5.2.0/mno-hw-mul\libgcc.a(_clzsi2.o)
                              c:/altera/16.0/nios2eds/bin/gnu/h-x86_64-mingw32/bin/../lib/gcc/nios2-elf/5.2.0/mno-hw-mul\libgcc.a(addsf3.o) (__clzsi2)
c:/altera/16.0/nios2eds/bin/gnu/h-x86_64-mingw32/bin/../lib/gcc/nios2-elf/5.2.0/mno-hw-mul\libgcc.a(lib2-mul.o)
                              c:/altera/16.0/nios2eds/bin/gnu/h-x86_64-mingw32/bin/../lib/gcc/nios2-elf/5.2.0/mno-hw-mul\libgcc.a(mulsf3.o) (__mulsi3)
c:/altera/16.0/nios2eds/bin/gnu/h-x86_64-mingw32/bin/../lib/gcc/nios2-elf/5.2.0/mno-hw-mul\libgcc.a(_clz.o)
                              c:/altera/16.0/nios2eds/bin/gnu/h-x86_64-mingw32/bin/../lib/gcc/nios2-elf/5.2.0/mno-hw-mul\libgcc.a(_clzsi2.o) (__clz_tab)
../neural_bsp//newlib/nios2-elf/lib\libc.a(lib_a-atoi.o)
                              obj/default/main.o (atoi)
../neural_bsp//newlib/nios2-elf/lib\libc.a(lib_a-calloc.o)
                              obj/default/types.o (calloc)
../neural_bsp//newlib/nios2-elf/lib\libc.a(lib_a-callocr.o)
                              ../neural_bsp//newlib/nios2-elf/lib\libc.a(lib_a-calloc.o) (_calloc_r)
../neural_bsp//newlib/nios2-elf/lib\libc.a(lib_a-drand48.o)
                              obj/default/types.o (drand48)
../neural_bsp//newlib/nios2-elf/lib\libc.a(lib_a-erand48.o)
                              ../neural_bsp//newlib/nios2-elf/lib\libc.a(lib_a-drand48.o) (_erand48_r)
../neural_bsp//newlib/nios2-elf/lib\libc.a(lib_a-getc.o)
                              obj/default/main.o (getc)
../neural_bsp//newlib/nios2-elf/lib\libc.a(lib_a-impure.o)
                              obj/default/main.o (_impure_ptr)
[...]
Memory Configuration

Name             Origin             Length             Attributes
onchip_memory2_0 0x0000000000000000 0x0000000000000010
reset            0x0000000010000000 0x0000000000000020
sdram            0x0000000010000020 0x0000000007ffffe0
*default*        0x0000000000000000 0xffffffffffffffff

Linker script and memory map

LOAD ../neural_bsp//obj/HAL/src/crt0.o
LOAD obj/default/formula.o
LOAD obj/default/main.o
LOAD obj/default/types.o
LOAD c:/altera/16.0/nios2eds/bin/gnu/h-x86_64-mingw32/bin/../lib/gcc/nios2-elf/5.2.0/../../../../../H-x86_64-mingw32/nios2-elf/lib/mno-hw-mul\libstdc++.a
LOAD ../neural_bsp//newlib/nios2-elf/lib\libm.a
LOAD c:/altera/16.0/nios2eds/bin/gnu/h-x86_64-mingw32/bin/../lib/gcc/nios2-elf/5.2.0/mno-hw-mul\libgcc.a
START GROUP
LOAD ../neural_bsp//newlib/nios2-elf/lib\libc.a
LOAD c:/altera/16.0/nios2eds/bin/gnu/h-x86_64-mingw32/bin/../lib/gcc/nios2-elf/5.2.0/mno-hw-mul\libgcc.a
LOAD ../neural_bsp/\libhal_bsp.a
LOAD ../neural_bsp//newlib/nios2-elf/lib\libm.a
END GROUP
LOAD c:/altera/16.0/nios2eds/bin/gnu/h-x86_64-mingw32/bin/../lib/gcc/nios2-elf/5.2.0/mno-hw-mul\libgcc.a
                0x0000000000000000                __alt_mem_onchip_memory2_0 = 0x0
                0x0000000010000000                __alt_mem_sdram = 0x10000000

.entry          0x0000000010000000       0x20
 *(.entry)
 .entry         0x0000000010000000       0x20 ../neural_bsp//obj/HAL/src/crt0.o
                0x0000000010000000                __reset

.exceptions     0x0000000010000020      0x210
                0x0000000010000020                PROVIDE (__ram_exceptions_start, ABSOLUTE (.))
                0x0000000010000020                . = ALIGN (0x20)
 *(.irq)
 *(.exceptions.entry.label)
 .exceptions.entry.label
                0x0000000010000020        0x0 ../neural_bsp/\libhal_bsp.a(alt_irq_entry.o)
                0x0000000010000020                alt_irq_entry
 .exceptions.entry.label
                0x0000000010000020        0x0 ../neural_bsp/\libhal_bsp.a(alt_exception_entry.o)
                0x0000000010000020                alt_exception
 *(.exceptions.entry.user)
 *(.exceptions.entry.ecc_fatal)
 *(.exceptions.entry)
 .exceptions.entry
                0x0000000010000020       0x54 ../neural_bsp/\libhal_bsp.a(alt_exception_entry.o)
 *(.exceptions.irqtest.user)
 *(.exceptions.irqtest)
 .exceptions.irqtest
                0x0000000010000074       0x10 ../neural_bsp/\libhal_bsp.a(alt_irq_entry.o)
 *(.exceptions.irqhandler.user)
 *(.exceptions.irqhandler)
 .exceptions.irqhandler
                0x0000000010000084        0x4 ../neural_bsp/\libhal_bsp.a(alt_irq_entry.o)
 *(.exceptions.irqreturn.user)
 *(.exceptions.irqreturn)
 .exceptions.irqreturn
                0x0000000010000088        0x4 ../neural_bsp/\libhal_bsp.a(alt_irq_entry.o)
 *(.exceptions.notirq.label)
 .exceptions.notirq.label
                0x000000001000008c        0x0 ../neural_bsp/\libhal_bsp.a(alt_irq_entry.o)
 *(.exceptions.notirq.user)
 *(.exceptions.notirq)
 .exceptions.notirq
                0x000000001000008c        0x8 ../neural_bsp/\libhal_bsp.a(alt_exception_entry.o)
 *(.exceptions.soft.user)
 *(.exceptions.soft)
 *(.exceptions.unknown.user)
 *(.exceptions.unknown)
 .exceptions.unknown
                0x0000000010000094       0x14 ../neural_bsp/\libhal_bsp.a(alt_exception_entry.o)
 *(.exceptions.exit.label)
 .exceptions.exit.label
                0x00000000100000a8        0x0 ../neural_bsp/\libhal_bsp.a(alt_irq_entry.o)
 .exceptions.exit.label
                0x00000000100000a8        0x0 ../neural_bsp/\libhal_bsp.a(alt_exception_entry.o)
 *(.exceptions.exit.user)
 *(.exceptions.exit)
 .exceptions.exit
                0x00000000100000a8       0x54 ../neural_bsp/\libhal_bsp.a(alt_exception_entry.o)
 *(.exceptions)
 .exceptions    0x00000000100000fc       0xd4 ../neural_bsp/\libhal_bsp.a(alt_irq_handler.o)
                0x00000000100000fc                alt_irq_handler
 .exceptions    0x00000000100001d0       0x60 ../neural_bsp/\libhal_bsp.a(alt_instruction_exception_entry.o)
                0x00000000100001d0                alt_instruction_exception_entry
                0x0000000010000230                PROVIDE (__ram_exceptions_end, ABSOLUTE (.))
                0x0000000010000020                PROVIDE (__flash_exceptions_start, LOADADDR (.exceptions))

.text           0x0000000010000230    0x184fc
                [!provide]                        PROVIDE (stext, ABSOLUTE (.))
 *(.interp)
 *(.hash)
 *(.dynsym)
 *(.dynstr)
 *(.gnu.version)
 *(.gnu.version_d)
 *(.gnu.version_r)
 *(.rel.init)
 *(.rela.init)
 *(.rel.text .rel.text.* .rel.gnu.linkonce.t.*)
 *(.rela.text .rela.text.* .rela.gnu.linkonce.t.*)
 *(.rel.fini)
 *(.rela.fini)
 *(.rel.rodata .rel.rodata.* .rel.gnu.linkonce.r.*)
 *(.rela.rodata .rela.rodata.* .rela.gnu.linkonce.r.*)
 *(.rel.data .rel.data.* .rel.gnu.linkonce.d.*)
 *(.rela.data .rela.data.* .rela.gnu.linkonce.d.*)
 *(.rel.tdata .rel.tdata.* .rel.gnu.linkonce.td.*)
 *(.rela.tdata .rela.tdata.* .rela.gnu.linkonce.td.*)
 *(.rel.tbss .rel.tbss.* .rel.gnu.linkonce.tb.*)
 *(.rela.tbss .rela.tbss.* .rela.gnu.linkonce.tb.*)
 *(.rel.ctors)
 *(.rela.ctors)
 *(.rel.dtors)
 *(.rela.dtors)
 *(.rel.got)
 *(.rela.got)
 *(.rel.sdata .rel.sdata.* .rel.gnu.linkonce.s.*)
 *(.rela.sdata .rela.sdata.* .rela.gnu.linkonce.s.*)
 *(.rel.sbss .rel.sbss.* .rel.gnu.linkonce.sb.*)
 *(.rela.sbss .rela.sbss.* .rela.gnu.linkonce.sb.*)
 *(.rel.sdata2 .rel.sdata2.* .rel.gnu.linkonce.s2.*)
 *(.rela.sdata2 .rela.sdata2.* .rela.gnu.linkonce.s2.*)
 *(.rel.sbss2 .rel.sbss2.* .rel.gnu.linkonce.sb2.*)
 *(.rela.sbss2 .rela.sbss2.* .rela.gnu.linkonce.sb2.*)
 *(.rel.bss .rel.bss.* .rel.gnu.linkonce.b.*)
 *(.rela.bss .rela.bss.* .rela.gnu.linkonce.b.*)
 *(.rel.plt)
 *(.rela.plt)
 *(.rel.dyn)
 *(.init)
 *(.plt)
 *(.text .stub .text.* .gnu.linkonce.t.*)
 .text          0x0000000010000230       0x3c ../neural_bsp//obj/HAL/src/crt0.o
                0x0000000010000230                _start
 .text          0x000000001000026c      0x274 obj/default/formula.o
                0x000000001000026c                sigmoid
                0x00000000100002a4                inv_sigmoid
                0x00000000100002dc                err
                0x0000000010000364                inv_err
                0x00000000100003a8                debug
 .text          0x00000000100004e0      0x868 obj/default/main.o
                0x00000000100004e0                parse_training_data
                0x0000000010000614                parse_testing_data
                0x0000000010000748                main
 .text          0x0000000010000d48     0x15bc obj/default/types.o
                0x0000000010000d48                init_array
                0x0000000010000dbc                insert_array
                0x0000000010000eb4                get_array_value
                0x0000000010000f14                free_array
                0x0000000010000f68                print_array
                0x000000001000100c                print_float_array
                0x000000001000109c                dot_product_1
                0x00000000100011b0                dot_product_2
                0x0000000010001280                init_layer_1
                0x0000000010001534                eval_layer_1
                0x0000000010001670                backprop_layer_1
                0x000000001000196c                free_layer_1
                0x0000000010001ad8                init_layer_2
                0x0000000010001dcc                eval_layer_2
                0x0000000010001ee8                backprop_layer_2
                0x00000000100021a0                free_layer_2
 .text          0x0000000010002304       0x60 c:/altera/16.0/nios2eds/bin/gnu/h-x86_64-mingw32/bin/../lib/gcc/nios2-elf/5.2.0/mno-hw-mul\libgcc.a(_fixunssfsi.o)
                0x0000000010002304                __fixunssfsi
 .text          0x0000000010002364      0x1b4 c:/altera/16.0/nios2eds/bin/gnu/h-x86_64-mingw32/bin/../lib/gcc/nios2-elf/5.2.0/mno-hw-mul\libgcc.a(lib2-divmod.o)
                0x0000000010002364                __divsi3
                0x00000000100023e8                __modsi3
                0x000000001000245c                __udivsi3
                0x00000000100024c0                __umodsi3
 .text          0x0000000010002518      0x4c8 c:/altera/16.0/nios2eds/bin/gnu/h-x86_64-mingw32/bin/../lib/gcc/nios2-elf/5.2.0/mno-hw-mul\libgcc.a(addsf3.o)
                0x0000000010002518                __addsf3
 .text          0x00000000100029e0      0x440 c:/altera/16.0/nios2eds/bin/gnu/h-x86_64-mingw32/bin/../lib/gcc/nios2-elf/5.2.0/mno-hw-mul\libgcc.a(divsf3.o)
                0x00000000100029e0                __divsf3
 .text          0x0000000010002e20       0x78 c:/altera/16.0/nios2eds/bin/gnu/h-x86_64-mingw32/bin/../lib/gcc/nios2-elf/5.2.0/mno-hw-mul\libgcc.a(eqsf2.o)
                0x0000000010002e20                __eqsf2
                0x0000000010002e20                __nesf2
 .text          0x0000000010002e98       0xbc c:/altera/16.0/nios2eds/bin/gnu/h-x86_64-mingw32/bin/../lib/gcc/nios2-elf/5.2.0/mno-hw-mul\libgcc.a(gesf2.o)
                0x0000000010002e98                __gesf2
                0x0000000010002e98                __gtsf2
 .text          0x0000000010002f54       0xc8 c:/altera/16.0/nios2eds/bin/gnu/h-x86_64-mingw32/bin/../lib/gcc/nios2-elf/5.2.0/mno-hw-mul\libgcc.a(lesf2.o)
                0x0000000010002f54                __ltsf2
                0x0000000010002f54                __lesf2
 .text          0x000000001000301c      0x430 c:/altera/16.0/nios2eds/bin/gnu/h-x86_64-mingw32/bin/../lib/gcc/nios2-elf/5.2.0/mno-hw-mul\libgcc.a(mulsf3.o)
                0x000000001000301c                __mulsf3
 .text          0x000000001000344c      0x4e4 c:/altera/16.0/nios2eds/bin/gnu/h-x86_64-mingw32/bin/../lib/gcc/nios2-elf/5.2.0/mno-hw-mul\libgcc.a(subsf3.o)
                0x000000001000344c                __subsf3
 .text          0x0000000010003930       0x70 c:/altera/16.0/nios2eds/bin/gnu/h-x86_64-mingw32/bin/../lib/gcc/nios2-elf/5.2.0/mno-hw-mul\libgcc.a(fixsfsi.o)
                0x0000000010003930                __fixsfsi
 .text          0x00000000100039a0      0x124 c:/altera/16.0/nios2eds/bin/gnu/h-x86_64-mingw32/bin/../lib/gcc/nios2-elf/5.2.0/mno-hw-mul\libgcc.a(floatsisf.o)
                0x00000000100039a0                __floatsisf
 .text          0x0000000010003ac4       0xf0 c:/altera/16.0/nios2eds/bin/gnu/h-x86_64-mingw32/bin/../lib/gcc/nios2-elf/5.2.0/mno-hw-mul\libgcc.a(floatunsisf.o)
                0x0000000010003ac4                __floatunsisf
 .text          0x0000000010003bb4      0x8ac c:/altera/16.0/nios2eds/bin/gnu/h-x86_64-mingw32/bin/../lib/gcc/nios2-elf/5.2.0/mno-hw-mul\libgcc.a(adddf3.o)
                0x0000000010003bb4                __adddf3
 .text          0x0000000010004460       0xf4 c:/altera/16.0/nios2eds/bin/gnu/h-x86_64-mingw32/bin/../lib/gcc/nios2-elf/5.2.0/mno-hw-mul\libgcc.a(ledf2.o)
                0x0000000010004460                __ledf2
                0x0000000010004460                __ltdf2
 .text          0x0000000010004554      0x868 c:/altera/16.0/nios2eds/bin/gnu/h-x86_64-mingw32/bin/../lib/gcc/nios2-elf/5.2.0/mno-hw-mul\libgcc.a(muldf3.o)
                0x0000000010004554                __muldf3
 .text          0x0000000010004dbc      0x8fc c:/altera/16.0/nios2eds/bin/gnu/h-x86_64-mingw32/bin/../lib/gcc/nios2-elf/5.2.0/mno-hw-mul\libgcc.a(subdf3.o)
                0x0000000010004dbc                __subdf3
 .text          0x00000000100056b8      0x110 c:/altera/16.0/nios2eds/bin/gnu/h-x86_64-mingw32/bin/../lib/gcc/nios2-elf/5.2.0/mno-hw-mul\libgcc.a(extendsfdf2.o)
                0x00000000100056b8                __extendsfdf2
 .text          0x00000000100057c8      0x1a8 c:/altera/16.0/nios2eds/bin/gnu/h-x86_64-mingw32/bin/../lib/gcc/nios2-elf/5.2.0/mno-hw-mul\libgcc.a(truncdfsf2.o)
                0x00000000100057c8                __truncdfsf2
 .text          0x0000000010005970       0x64 c:/altera/16.0/nios2eds/bin/gnu/h-x86_64-mingw32/bin/../lib/gcc/nios2-elf/5.2.0/mno-hw-mul\libgcc.a(_clzsi2.o)
                0x0000000010005970                __clzsi2
 .text          0x00000000100059d4       0x28 c:/altera/16.0/nios2eds/bin/gnu/h-x86_64-mingw32/bin/../lib/gcc/nios2-elf/5.2.0/mno-hw-mul\libgcc.a(lib2-mul.o)
                0x00000000100059d4                __mulsi3
 .text          0x00000000100059fc        0x0 c:/altera/16.0/nios2eds/bin/gnu/h-x86_64-mingw32/bin/../lib/gcc/nios2-elf/5.2.0/mno-hw-mul\libgcc.a(_clz.o)
 .text          0x00000000100059fc        0x0 ../neural_bsp//newlib/nios2-elf/lib\libc.a(lib_a-atoi.o)
 .text.atoi     0x00000000100059fc       0x38 ../neural_bsp//newlib/nios2-elf/lib\libc.a(lib_a-atoi.o)
                0x00000000100059fc                atoi
 .text._atoi_r  0x0000000010005a34       0x40 ../neural_bsp//newlib/nios2-elf/lib\libc.a(lib_a-atoi.o)
                0x0000000010005a34                _atoi_r
 .text          0x0000000010005a74        0x0 ../neural_bsp//newlib/nios2-elf/lib\libc.a(lib_a-calloc.o)
 .text.calloc   0x0000000010005a74       0x48 ../neural_bsp//newlib/nios2-elf/lib\libc.a(lib_a-calloc.o)
                0x0000000010005a74                calloc
 .text          0x0000000010005abc        0x0 ../neural_bsp//newlib/nios2-elf/lib\libc.a(lib_a-callocr.o)
 .text._calloc_r
                0x0000000010005abc      0x164 ../neural_bsp//newlib/nios2-elf/lib\libc.a(lib_a-callocr.o)
                0x0000000010005abc                _calloc_r
 .text          0x0000000010005c20        0x0 ../neural_bsp//newlib/nios2-elf/lib\libc.a(lib_a-drand48.o)
 .text._drand48_r
                0x0000000010005c20       0x54 ../neural_bsp//newlib/nios2-elf/lib\libc.a(lib_a-drand48.o)
                0x0000000010005c20                _drand48_r
 .text.drand48  0x0000000010005c74       0x50 ../neural_bsp//newlib/nios2-elf/lib\libc.a(lib_a-drand48.o)
                0x0000000010005c74                drand48
 .text          0x0000000010005cc4        0x0 ../neural_bsp//newlib/nios2-elf/lib\libc.a(lib_a-erand48.o)
 .text._erand48_r
                0x0000000010005cc4      0x144 ../neural_bsp//newlib/nios2-elf/lib\libc.a(lib_a-erand48.o)
                0x0000000010005cc4                _erand48_r
 .text.erand48  0x0000000010005e08       0x58 ../neural_bsp//newlib/nios2-elf/lib\libc.a(lib_a-erand48.o)
                0x0000000010005e08                erand48
 .text          0x0000000010005e60        0x0 ../neural_bsp//newlib/nios2-elf/lib\libc.a(lib_a-getc.o)
 .text._getc_r  0x0000000010005e60       0x98 ../neural_bsp//newlib/nios2-elf/lib\libc.a(lib_a-getc.o)
                0x0000000010005e60                _getc_r
 .text.getc     0x0000000010005ef8       0xa4 ../neural_bsp//newlib/nios2-elf/lib\libc.a(lib_a-getc.o)
                0x0000000010005ef8                getc
 .text          0x0000000010005f9c        0x0 ../neural_bsp//newlib/nios2-elf/lib\libc.a(lib_a-impure.o)
 .text          0x0000000010005f9c        0x0 ../neural_bsp//newlib/nios2-elf/lib\libc.a(lib_a-malloc.o)
 .text.malloc   0x0000000010005f9c       0x40 ../neural_bsp//newlib/nios2-elf/lib\libc.a(lib_a-malloc.o)
                0x0000000010005f9c                malloc
 .text.free     0x0000000010005fdc       0x44 ../neural_bsp//newlib/nios2-elf/lib\libc.a(lib_a-malloc.o)
                0x0000000010005fdc                free
 .text          0x0000000010006020        0x0 ../neural_bsp//newlib/nios2-elf/lib\libc.a(lib_a-mallocr.o)
 .text.malloc_extend_top
                0x0000000010006020      0x3b4 ../neural_bsp//newlib/nios2-elf/lib\libc.a(lib_a-mallocr.o)
 .text._malloc_r
                0x00000000100063d4      0xb7c ../neural_bsp//newlib/nios2-elf/lib\libc.a(lib_a-mallocr.o)
                0x00000000100063d4                _malloc_r
 .text          0x0000000010006f50        0x0 ../neural_bsp//newlib/nios2-elf/lib\libc.a(lib_a-memset.o)
 .text.memset   0x0000000010006f50      0x1c4 ../neural_bsp//newlib/nios2-elf/lib\libc.a(lib_a-memset.o)
                0x0000000010006f50                memset
 .text          0x0000000010007114        0x0 ../neural_bsp//newlib/nios2-elf/lib\libc.a(lib_a-printf.o)
 .text._printf_r
                0x0000000010007114       0x64 ../neural_bsp//newlib/nios2-elf/lib\libc.a(lib_a-printf.o)
                0x0000000010007114                _printf_r
 .text.printf   0x0000000010007178       0x78 ../neural_bsp//newlib/nios2-elf/lib\libc.a(lib_a-printf.o)
                0x0000000010007178                printf
 .text          0x00000000100071f0        0x0 ../neural_bsp//newlib/nios2-elf/lib\libc.a(lib_a-putchar.o)
 .text._putchar_r
                0x00000000100071f0       0x44 ../neural_bsp//newlib/nios2-elf/lib\libc.a(lib_a-putchar.o)
                0x00000000100071f0                _putchar_r
 .text.putchar  0x0000000010007234       0x50 ../neural_bsp//newlib/nios2-elf/lib\libc.a(lib_a-putchar.o)
                0x0000000010007234                putchar
 .text          0x0000000010007284        0x0 ../neural_bsp//newlib/nios2-elf/lib\libc.a(lib_a-puts.o)
 .text._puts_r  0x0000000010007284      0x118 ../neural_bsp//newlib/nios2-elf/lib\libc.a(lib_a-puts.o)
                0x0000000010007284                _puts_r
 .text.puts     0x000000001000739c       0x40 ../neural_bsp//newlib/nios2-elf/lib\libc.a(lib_a-puts.o)
                0x000000001000739c                puts
 .text          0x00000000100073dc        0x0 ../neural_bsp//newlib/nios2-elf/lib\libc.a(lib_a-rand48.o)
 .text.__dorand48
                0x00000000100073dc      0x1b8 ../neural_bsp//newlib/nios2-elf/lib\libc.a(lib_a-rand48.o)
                0x00000000100073dc                __dorand48
 .text          0x0000000010007594        0x0 ../neural_bsp//newlib/nios2-elf/lib\libc.a(lib_a-realloc.o)
 .text.realloc  0x0000000010007594       0x48 ../neural_bsp//newlib/nios2-elf/lib\libc.a(lib_a-realloc.o)
                0x0000000010007594                realloc
 .text          0x00000000100075dc        0x0 ../neural_bsp//newlib/nios2-elf/lib\libc.a(lib_a-reallocr.o)
 .text._realloc_r
                0x00000000100075dc      0xbf0 ../neural_bsp//newlib/nios2-elf/lib\libc.a(lib_a-reallocr.o)
                0x00000000100075dc                _realloc_r
 .text          0x00000000100081cc        0x0 ../neural_bsp//newlib/nios2-elf/lib\libc.a(lib_a-rget.o)
 .text.__srget_r
                0x00000000100081cc       0x90 ../neural_bsp//newlib/nios2-elf/lib\libc.a(lib_a-rget.o)
                0x00000000100081cc                __srget_r
 .text.__srget  0x000000001000825c       0x40 ../neural_bsp//newlib/nios2-elf/lib\libc.a(lib_a-rget.o)
                0x000000001000825c                __srget
 .text          0x000000001000829c        0x0 ../neural_bsp//newlib/nios2-elf/lib\libc.a(lib_a-s_ldexp.o)
 .text.ldexp    0x000000001000829c       0xcc ../neural_bsp//newlib/nios2-elf/lib\libc.a(lib_a-s_ldexp.o)
                0x000000001000829c                ldexp
 .text          0x0000000010008368        0x0 ../neural_bsp//newlib/nios2-elf/lib\libc.a(lib_a-s_scalbn.o)
 .text.scalbn   0x0000000010008368      0x3a8 ../neural_bsp//newlib/nios2-elf/lib\libc.a(lib_a-s_scalbn.o)
                0x0000000010008368                scalbn
 .text          0x0000000010008710        0x0 ../neural_bsp//newlib/nios2-elf/lib\libc.a(lib_a-sbrkr.o)
 .text._sbrk_r  0x0000000010008710       0x78 ../neural_bsp//newlib/nios2-elf/lib\libc.a(lib_a-sbrkr.o)
                0x0000000010008710                _sbrk_r
 .text          0x0000000010008788        0x0 ../neural_bsp//newlib/nios2-elf/lib\libc.a(lib_a-srand48.o)
 .text._srand48_r
                0x0000000010008788       0x88 ../neural_bsp//newlib/nios2-elf/lib\libc.a(lib_a-srand48.o)
                0x0000000010008788                _srand48_r
 .text.srand48  0x0000000010008810       0x44 ../neural_bsp//newlib/nios2-elf/lib\libc.a(lib_a-srand48.o)
                0x0000000010008810                srand48
 .text          0x0000000010008854        0x0 ../neural_bsp//newlib/nios2-elf/lib\libc.a(lib_a-strlen.o)
 .text.strlen   0x0000000010008854       0xf4 ../neural_bsp//newlib/nios2-elf/lib\libc.a(lib_a-strlen.o)
                0x0000000010008854                strlen
 .text          0x0000000010008948        0x0 ../neural_bsp//newlib/nios2-elf/lib\libc.a(lib_a-strtol.o)
 .text._strtol_r
                0x0000000010008948      0x2ec ../neural_bsp//newlib/nios2-elf/lib\libc.a(lib_a-strtol.o)
                0x0000000010008948                _strtol_r
 .text.strtol   0x0000000010008c34       0x50 ../neural_bsp//newlib/nios2-elf/lib\libc.a(lib_a-strtol.o)
                0x0000000010008c34                strtol
 .text          0x0000000010008c84        0x0 ../neural_bsp//newlib/nios2-elf/lib\libc.a(lib_a-time.o)
 .text.time     0x0000000010008c84       0x68 ../neural_bsp//newlib/nios2-elf/lib\libc.a(lib_a-time.o)
                0x0000000010008c84                time
 .text          0x0000000010008cec        0x0 ../neural_bsp//newlib/nios2-elf/lib\libc.a(lib_a-vfprintf.o)
 .text.__sbprintf
                0x0000000010008cec       0xf0 ../neural_bsp//newlib/nios2-elf/lib\libc.a(lib_a-vfprintf.o)
 .text.__vfprintf_internal
                0x0000000010008ddc       0x58 ../neural_bsp//newlib/nios2-elf/lib\libc.a(lib_a-vfprintf.o)
                0x0000000010008ddc                __vfprintf_internal
 .text.___vfprintf_internal_r
                0x0000000010008e34     0x20e8 ../neural_bsp//newlib/nios2-elf/lib\libc.a(lib_a-vfprintf.o)
                0x0000000010008e34                ___vfprintf_internal_r
 .text.cvt      0x000000001000af1c      0x20c ../neural_bsp//newlib/nios2-elf/lib\libc.a(lib_a-vfprintf.o)
 .text.exponent
                0x000000001000b128      0x140 ../neural_bsp//newlib/nios2-elf/lib\libc.a(lib_a-vfprintf.o)
 .text          0x000000001000b268        0x0 ../neural_bsp//newlib/nios2-elf/lib\libc.a(lib_a-wsetup.o)
 .text.__swsetup_r
                0x000000001000b268      0x1a8 ../neural_bsp//newlib/nios2-elf/lib\libc.a(lib_a-wsetup.o)
                0x000000001000b268                __swsetup_r
 .text          0x000000001000b410        0x0 ../neural_bsp//newlib/nios2-elf/lib\libc.a(lib_a-ctype_.o)
 .text          0x000000001000b410        0x0 ../neural_bsp//newlib/nios2-elf/lib\libc.a(lib_a-dtoa.o)
 .text.quorem   0x000000001000b410      0x3c4 ../neural_bsp//newlib/nios2-elf/lib\libc.a(lib_a-dtoa.o)
 .text._dtoa_r  0x000000001000b7d4     0x1b78 ../neural_bsp//newlib/nios2-elf/lib\libc.a(lib_a-dtoa.o)
                0x000000001000b7d4                _dtoa_r
 .text          0x000000001000d34c        0x0 ../neural_bsp//newlib/nios2-elf/lib\libc.a(lib_a-errno.o)
 .text.__errno  0x000000001000d34c       0x28 ../neural_bsp//newlib/nios2-elf/lib\libc.a(lib_a-errno.o)
                0x000000001000d34c                __errno
 .text          0x000000001000d374        0x0 ../neural_bsp//newlib/nios2-elf/lib\libc.a(lib_a-fflush.o)
 .text.__sflush_r
                0x000000001000d374      0x304 ../neural_bsp//newlib/nios2-elf/lib\libc.a(lib_a-fflush.o)
                0x000000001000d374                __sflush_r
 .text._fflush_r
                0x000000001000d678       0x88 ../neural_bsp//newlib/nios2-elf/lib\libc.a(lib_a-fflush.o)
                0x000000001000d678                _fflush_r
 .text.fflush   0x000000001000d700       0x64 ../neural_bsp//newlib/nios2-elf/lib\libc.a(lib_a-fflush.o)
                0x000000001000d700                fflush
 .text          0x000000001000d764        0x0 ../neural_bsp//newlib/nios2-elf/lib\libc.a(lib_a-findfp.o)
 .text.std      0x000000001000d764       0xf4 ../neural_bsp//newlib/nios2-elf/lib\libc.a(lib_a-findfp.o)
 .text.__sfmoreglue
                0x000000001000d858       0xbc ../neural_bsp//newlib/nios2-elf/lib\libc.a(lib_a-findfp.o)
                0x000000001000d858                __sfmoreglue
 .text.__sfp    0x000000001000d914      0x1ac ../neural_bsp//newlib/nios2-elf/lib\libc.a(lib_a-findfp.o)
                0x000000001000d914                __sfp
 .text._cleanup_r
                0x000000001000dac0       0x44 ../neural_bsp//newlib/nios2-elf/lib\libc.a(lib_a-findfp.o)
                0x000000001000dac0                _cleanup_r
 .text._cleanup
                0x000000001000db04       0x3c ../neural_bsp//newlib/nios2-elf/lib\libc.a(lib_a-findfp.o)
                0x000000001000db04                _cleanup
 .text.__sinit  0x000000001000db40       0xd8 ../neural_bsp//newlib/nios2-elf/lib\libc.a(lib_a-findfp.o)
                0x000000001000db40                __sinit
 .text.__sfp_lock_acquire
                0x000000001000dc18       0x20 ../neural_bsp//newlib/nios2-elf/lib\libc.a(lib_a-findfp.o)
                0x000000001000dc18                __sfp_lock_acquire
 .text.__sfp_lock_release
                0x000000001000dc38       0x20 ../neural_bsp//newlib/nios2-elf/lib\libc.a(lib_a-findfp.o)
                0x000000001000dc38                __sfp_lock_release
 .text.__sinit_lock_acquire
                0x000000001000dc58       0x20 ../neural_bsp//newlib/nios2-elf/lib\libc.a(lib_a-findfp.o)
                0x000000001000dc58                __sinit_lock_acquire
 .text.__sinit_lock_release
                0x000000001000dc78       0x20 ../neural_bsp//newlib/nios2-elf/lib\libc.a(lib_a-findfp.o)
                0x000000001000dc78                __sinit_lock_release
 .text.__fp_lock
                0x000000001000dc98       0x24 ../neural_bsp//newlib/nios2-elf/lib\libc.a(lib_a-findfp.o)
 .text.__fp_unlock
                0x000000001000dcbc       0x24 ../neural_bsp//newlib/nios2-elf/lib\libc.a(lib_a-findfp.o)
 .text.__fp_lock_all
                0x000000001000dce0       0x48 ../neural_bsp//newlib/nios2-elf/lib\libc.a(lib_a-findfp.o)
                0x000000001000dce0                __fp_lock_all
 .text.__fp_unlock_all
                0x000000001000dd28       0x48 ../neural_bsp//newlib/nios2-elf/lib\libc.a(lib_a-findfp.o)
                0x000000001000dd28                __fp_unlock_all
 .text          0x000000001000dd70        0x0 ../neural_bsp//newlib/nios2-elf/lib\libc.a(lib_a-freer.o)
 .text._free_r  0x000000001000dd70      0x570 ../neural_bsp//newlib/nios2-elf/lib\libc.a(lib_a-freer.o)
                0x000000001000dd70                _free_r
 .text._malloc_trim_r
                0x000000001000e2e0      0x1d8 ../neural_bsp//newlib/nios2-elf/lib\libc.a(lib_a-freer.o)
                0x000000001000e2e0                _malloc_trim_r
 .text          0x000000001000e4b8        0x0 ../neural_bsp//newlib/nios2-elf/lib\libc.a(lib_a-fvwrite.o)
 .text.__sfvwrite_r
                0x000000001000e4b8      0x5e8 ../neural_bsp//newlib/nios2-elf/lib\libc.a(lib_a-fvwrite.o)
                0x000000001000e4b8                __sfvwrite_r
 .text          0x000000001000eaa0        0x0 ../neural_bsp//newlib/nios2-elf/lib\libc.a(lib_a-fwalk.o)
 .text._fwalk   0x000000001000eaa0       0xd8 ../neural_bsp//newlib/nios2-elf/lib\libc.a(lib_a-fwalk.o)
                0x000000001000eaa0                _fwalk
 .text._fwalk_reent
                0x000000001000eb78       0xdc ../neural_bsp//newlib/nios2-elf/lib\libc.a(lib_a-fwalk.o)
                0x000000001000eb78                _fwalk_reent
 .text          0x000000001000ec54        0x0 ../neural_bsp//newlib/nios2-elf/lib\libc.a(lib_a-gettimeofdayr.o)
 .text._gettimeofday_r
                0x000000001000ec54       0x80 ../neural_bsp//newlib/nios2-elf/lib\libc.a(lib_a-gettimeofdayr.o)
                0x000000001000ec54                _gettimeofday_r
 .text          0x000000001000ecd4        0x0 ../neural_bsp//newlib/nios2-elf/lib\libc.a(lib_a-int_errno.o)
 .text          0x000000001000ecd4        0x0 ../neural_bsp//newlib/nios2-elf/lib\libc.a(lib_a-locale.o)
 .text._setlocale_r
                0x000000001000ecd4       0x84 ../neural_bsp//newlib/nios2-elf/lib\libc.a(lib_a-locale.o)
                0x000000001000ecd4                _setlocale_r
 .text.__locale_charset
                0x000000001000ed58       0x24 ../neural_bsp//newlib/nios2-elf/lib\libc.a(lib_a-locale.o)
                0x000000001000ed58                __locale_charset
 .text.__locale_mb_cur_max
                0x000000001000ed7c       0x20 ../neural_bsp//newlib/nios2-elf/lib\libc.a(lib_a-locale.o)
                0x000000001000ed7c                __locale_mb_cur_max
 .text.__locale_msgcharset
                0x000000001000ed9c       0x24 ../neural_bsp//newlib/nios2-elf/lib\libc.a(lib_a-locale.o)
                0x000000001000ed9c                __locale_msgcharset
 .text.__locale_cjk_lang
                0x000000001000edc0       0x20 ../neural_bsp//newlib/nios2-elf/lib\libc.a(lib_a-locale.o)
                0x000000001000edc0                __locale_cjk_lang
 .text._localeconv_r
                0x000000001000ede0       0x28 ../neural_bsp//newlib/nios2-elf/lib\libc.a(lib_a-locale.o)
                0x000000001000ede0                _localeconv_r
 .text.setlocale
                0x000000001000ee08       0x48 ../neural_bsp//newlib/nios2-elf/lib\libc.a(lib_a-locale.o)
                0x000000001000ee08                setlocale
 .text.localeconv
                0x000000001000ee50       0x38 ../neural_bsp//newlib/nios2-elf/lib\libc.a(lib_a-locale.o)
                0x000000001000ee50                localeconv
 .text          0x000000001000ee88        0x0 ../neural_bsp//newlib/nios2-elf/lib\libc.a(lib_a-makebuf.o)
 .text.__smakebuf_r
                0x000000001000ee88      0x22c ../neural_bsp//newlib/nios2-elf/lib\libc.a(lib_a-makebuf.o)
                0x000000001000ee88                __smakebuf_r
 .text          0x000000001000f0b4        0x0 ../neural_bsp//newlib/nios2-elf/lib\libc.a(lib_a-memchr.o)
 .text.memchr   0x000000001000f0b4      0x1bc ../neural_bsp//newlib/nios2-elf/lib\libc.a(lib_a-memchr.o)
                0x000000001000f0b4                memchr
 .text          0x000000001000f270        0x0 ../neural_bsp//newlib/nios2-elf/lib\libc.a(lib_a-memcpy.o)
 .text.memcpy   0x000000001000f270      0x188 ../neural_bsp//newlib/nios2-elf/lib\libc.a(lib_a-memcpy.o)
                0x000000001000f270                memcpy
 .text          0x000000001000f3f8        0x0 ../neural_bsp//newlib/nios2-elf/lib\libc.a(lib_a-memmove.o)
 .text.memmove  0x000000001000f3f8      0x208 ../neural_bsp//newlib/nios2-elf/lib\libc.a(lib_a-memmove.o)
                0x000000001000f3f8                memmove
 .text          0x000000001000f600        0x0 ../neural_bsp//newlib/nios2-elf/lib\libc.a(lib_a-mprec.o)
 .text._Balloc  0x000000001000f600      0x130 ../neural_bsp//newlib/nios2-elf/lib\libc.a(lib_a-mprec.o)
                0x000000001000f600                _Balloc
 .text._Bfree   0x000000001000f730       0x7c ../neural_bsp//newlib/nios2-elf/lib\libc.a(lib_a-mprec.o)
                0x000000001000f730                _Bfree
 .text.__multadd
                0x000000001000f7ac      0x1ac ../neural_bsp//newlib/nios2-elf/lib\libc.a(lib_a-mprec.o)
                0x000000001000f7ac                __multadd
 .text.__s2b    0x000000001000f958      0x18c ../neural_bsp//newlib/nios2-elf/lib\libc.a(lib_a-mprec.o)
                0x000000001000f958                __s2b
 .text.__hi0bits
                0x000000001000fae4       0x90 ../neural_bsp//newlib/nios2-elf/lib\libc.a(lib_a-mprec.o)
                0x000000001000fae4                __hi0bits
 .text.__lo0bits
                0x000000001000fb74       0xec ../neural_bsp//newlib/nios2-elf/lib\libc.a(lib_a-mprec.o)
                0x000000001000fb74                __lo0bits
 .text.__i2b    0x000000001000fc60       0x58 ../neural_bsp//newlib/nios2-elf/lib\libc.a(lib_a-mprec.o)
                0x000000001000fc60                __i2b
 .text.__multiply
                0x000000001000fcb8      0x3f0 ../neural_bsp//newlib/nios2-elf/lib\libc.a(lib_a-mprec.o)
                0x000000001000fcb8                __multiply
 .text.__pow5mult
                0x00000000100100a8      0x178 ../neural_bsp//newlib/nios2-elf/lib\libc.a(lib_a-mprec.o)
                0x00000000100100a8                __pow5mult
 .text.__lshift
                0x0000000010010220      0x1f8 ../neural_bsp//newlib/nios2-elf/lib\libc.a(lib_a-mprec.o)
                0x0000000010010220                __lshift
 .text.__mcmp   0x0000000010010418      0x114 ../neural_bsp//newlib/nios2-elf/lib\libc.a(lib_a-mprec.o)
                0x0000000010010418                __mcmp
 .text.__mdiff  0x000000001001052c      0x2a4 ../neural_bsp//newlib/nios2-elf/lib\libc.a(lib_a-mprec.o)
                0x000000001001052c                __mdiff
 .text.__ulp    0x00000000100107d0       0xcc ../neural_bsp//newlib/nios2-elf/lib\libc.a(lib_a-mprec.o)
                0x00000000100107d0                __ulp
 .text.__b2d    0x000000001001089c      0x204 ../neural_bsp//newlib/nios2-elf/lib\libc.a(lib_a-mprec.o)
                0x000000001001089c                __b2d
 .text.__d2b    0x0000000010010aa0      0x240 ../neural_bsp//newlib/nios2-elf/lib\libc.a(lib_a-mprec.o)
                0x0000000010010aa0                __d2b
 .text.__ratio  0x0000000010010ce0      0x11c ../neural_bsp//newlib/nios2-elf/lib\libc.a(lib_a-mprec.o)
                0x0000000010010ce0                __ratio
 .text._mprec_log10
                0x0000000010010dfc       0xb0 ../neural_bsp//newlib/nios2-elf/lib\libc.a(lib_a-mprec.o)
                0x0000000010010dfc                _mprec_log10
 .text.__copybits
                0x0000000010010eac       0xd0 ../neural_bsp//newlib/nios2-elf/lib\libc.a(lib_a-mprec.o)
                0x0000000010010eac                __copybits
 .text.__any_on
                0x0000000010010f7c      0x134 ../neural_bsp//newlib/nios2-elf/lib\libc.a(lib_a-mprec.o)
                0x0000000010010f7c                __any_on
 .text          0x00000000100110b0        0x0 ../neural_bsp//newlib/nios2-elf/lib\libc.a(lib_a-putc.o)
 .text._putc_r  0x00000000100110b0      0x104 ../neural_bsp//newlib/nios2-elf/lib\libc.a(lib_a-putc.o)
                0x00000000100110b0                _putc_r
 .text.putc     0x00000000100111b4      0x110 ../neural_bsp//newlib/nios2-elf/lib\libc.a(lib_a-putc.o)
                0x00000000100111b4                putc
 .text          0x00000000100112c4        0x0 ../neural_bsp//newlib/nios2-elf/lib\libc.a(lib_a-refill.o)
 .text.lflush   0x00000000100112c4       0x50 ../neural_bsp//newlib/nios2-elf/lib\libc.a(lib_a-refill.o)
 .text.__srefill_r
                0x0000000010011314      0x25c ../neural_bsp//newlib/nios2-elf/lib\libc.a(lib_a-refill.o)
                0x0000000010011314                __srefill_r
 .text          0x0000000010011570        0x0 ../neural_bsp//newlib/nios2-elf/lib\libc.a(lib_a-s_copysign.o)
 .text.copysign
                0x0000000010011570       0xb4 ../neural_bsp//newlib/nios2-elf/lib\libc.a(lib_a-s_copysign.o)
                0x0000000010011570                copysign
 .text          0x0000000010011624        0x0 ../neural_bsp//newlib/nios2-elf/lib\libc.a(lib_a-s_finite.o)
 .text.finite   0x0000000010011624       0x58 ../neural_bsp//newlib/nios2-elf/lib\libc.a(lib_a-s_finite.o)
                0x0000000010011624                finite
 .text          0x000000001001167c        0x0 ../neural_bsp//newlib/nios2-elf/lib\libc.a(lib_a-s_fpclassify.o)
 .text.__fpclassifyd
                0x000000001001167c      0x104 ../neural_bsp//newlib/nios2-elf/lib\libc.a(lib_a-s_fpclassify.o)
                0x000000001001167c                __fpclassifyd
 .text          0x0000000010011780        0x0 ../neural_bsp//newlib/nios2-elf/lib\libc.a(lib_a-stdio.o)
 .text.__sread  0x0000000010011780       0x9c ../neural_bsp//newlib/nios2-elf/lib\libc.a(lib_a-stdio.o)
                0x0000000010011780                __sread
 .text.__seofread
                0x000000001001181c       0x30 ../neural_bsp//newlib/nios2-elf/lib\libc.a(lib_a-stdio.o)
                0x000000001001181c                __seofread
 .text.__swrite
                0x000000001001184c       0xb4 ../neural_bsp//newlib/nios2-elf/lib\libc.a(lib_a-stdio.o)
                0x000000001001184c                __swrite
 .text.__sseek  0x0000000010011900       0xa0 ../neural_bsp//newlib/nios2-elf/lib\libc.a(lib_a-stdio.o)
                0x0000000010011900                __sseek
 .text.__sclose
                0x00000000100119a0       0x54 ../neural_bsp//newlib/nios2-elf/lib\libc.a(lib_a-stdio.o)
                0x00000000100119a0                __sclose
 .text          0x00000000100119f4        0x0 ../neural_bsp//newlib/nios2-elf/lib\libc.a(lib_a-strcmp.o)
 .text.strcmp   0x00000000100119f4      0x140 ../neural_bsp//newlib/nios2-elf/lib\libc.a(lib_a-strcmp.o)
                0x00000000100119f4                strcmp
 .text          0x0000000010011b34        0x0 ../neural_bsp//newlib/nios2-elf/lib\libc.a(lib_a-vfiprintf.o)
 .text.__sprint_r
                0x0000000010011b34      0x13c ../neural_bsp//newlib/nios2-elf/lib\libc.a(lib_a-vfiprintf.o)
                0x0000000010011b34                __sprint_r
 .text.__sbprintf
                0x0000000010011c70       0xf0 ../neural_bsp//newlib/nios2-elf/lib\libc.a(lib_a-vfiprintf.o)
 .text.__vfiprintf_internal
                0x0000000010011d60       0x58 ../neural_bsp//newlib/nios2-elf/lib\libc.a(lib_a-vfiprintf.o)
                0x0000000010011d60                __vfiprintf_internal
 .text.___vfiprintf_internal_r
                0x0000000010011db8     0x12dc ../neural_bsp//newlib/nios2-elf/lib\libc.a(lib_a-vfiprintf.o)
                0x0000000010011db8                ___vfiprintf_internal_r
 .text          0x0000000010013094        0x0 ../neural_bsp//newlib/nios2-elf/lib\libc.a(lib_a-wbuf.o)
 .text.__swbuf_r
                0x0000000010013094      0x168 ../neural_bsp//newlib/nios2-elf/lib\libc.a(lib_a-wbuf.o)
                0x0000000010013094                __swbuf_r
 .text.__swbuf  0x00000000100131fc       0x48 ../neural_bsp//newlib/nios2-elf/lib\libc.a(lib_a-wbuf.o)
                0x00000000100131fc                __swbuf
 .text          0x0000000010013244        0x0 ../neural_bsp//newlib/nios2-elf/lib\libc.a(lib_a-writer.o)
 .text._write_r
                0x0000000010013244       0x88 ../neural_bsp//newlib/nios2-elf/lib\libc.a(lib_a-writer.o)
                0x0000000010013244                _write_r
 .text          0x00000000100132cc        0x0 ../neural_bsp//newlib/nios2-elf/lib\libc.a(closer.o)
 .text._close_r
                0x00000000100132cc       0x78 ../neural_bsp//newlib/nios2-elf/lib\libc.a(closer.o)
                0x00000000100132cc                _close_r
 .text          0x0000000010013344        0x0 ../neural_bsp//newlib/nios2-elf/lib\libc.a(lib_a-fclose.o)
 .text._fclose_r
                0x0000000010013344      0x12c ../neural_bsp//newlib/nios2-elf/lib\libc.a(lib_a-fclose.o)
                0x0000000010013344                _fclose_r
 .text.fclose   0x0000000010013470       0x40 ../neural_bsp//newlib/nios2-elf/lib\libc.a(lib_a-fclose.o)
                0x0000000010013470                fclose
 .text          0x00000000100134b0        0x0 ../neural_bsp//newlib/nios2-elf/lib\libc.a(lib_a-fputwc.o)
 .text.__fputwc
                0x00000000100134b0      0x1f4 ../neural_bsp//newlib/nios2-elf/lib\libc.a(lib_a-fputwc.o)
                0x00000000100134b0                __fputwc
 .text._fputwc_r
                0x00000000100136a4       0x88 ../neural_bsp//newlib/nios2-elf/lib\libc.a(lib_a-fputwc.o)
                0x00000000100136a4                _fputwc_r
 .text.fputwc   0x000000001001372c       0x70 ../neural_bsp//newlib/nios2-elf/lib\libc.a(lib_a-fputwc.o)
                0x000000001001372c                fputwc
 .text          0x000000001001379c        0x0 ../neural_bsp//newlib/nios2-elf/lib\libc.a(lib_a-fstatr.o)
 .text._fstat_r
                0x000000001001379c       0x80 ../neural_bsp//newlib/nios2-elf/lib\libc.a(lib_a-fstatr.o)
                0x000000001001379c                _fstat_r
 .text          0x000000001001381c        0x0 ../neural_bsp//newlib/nios2-elf/lib\libc.a(lib_a-isattyr.o)
 .text._isatty_r
                0x000000001001381c       0x78 ../neural_bsp//newlib/nios2-elf/lib\libc.a(lib_a-isattyr.o)
                0x000000001001381c                _isatty_r
 .text          0x0000000010013894        0x0 ../neural_bsp//newlib/nios2-elf/lib\libc.a(lib_a-lseekr.o)
 .text._lseek_r
                0x0000000010013894       0x88 ../neural_bsp//newlib/nios2-elf/lib\libc.a(lib_a-lseekr.o)
                0x0000000010013894                _lseek_r
 .text          0x000000001001391c        0x0 ../neural_bsp//newlib/nios2-elf/lib\libc.a(lib_a-readr.o)
 .text._read_r  0x000000001001391c       0x88 ../neural_bsp//newlib/nios2-elf/lib\libc.a(lib_a-readr.o)
                0x000000001001391c                _read_r
 .text          0x00000000100139a4        0x0 ../neural_bsp//newlib/nios2-elf/lib\libc.a(lib_a-wcrtomb.o)
 .text._wcrtomb_r
                0x00000000100139a4       0xe4 ../neural_bsp//newlib/nios2-elf/lib\libc.a(lib_a-wcrtomb.o)
                0x00000000100139a4                _wcrtomb_r
 .text.wcrtomb  0x0000000010013a88       0xf0 ../neural_bsp//newlib/nios2-elf/lib\libc.a(lib_a-wcrtomb.o)
                0x0000000010013a88                wcrtomb
 .text          0x0000000010013b78        0x0 ../neural_bsp//newlib/nios2-elf/lib\libc.a(lib_a-wctomb_r.o)
 .text._wctomb_r
                0x0000000010013b78       0x64 ../neural_bsp//newlib/nios2-elf/lib\libc.a(lib_a-wctomb_r.o)
                0x0000000010013b78                _wctomb_r
 .text.__ascii_wctomb
                0x0000000010013bdc       0x78 ../neural_bsp//newlib/nios2-elf/lib\libc.a(lib_a-wctomb_r.o)
                0x0000000010013bdc                __ascii_wctomb
 .text          0x0000000010013c54      0x5fc c:/altera/16.0/nios2eds/bin/gnu/h-x86_64-mingw32/bin/../lib/gcc/nios2-elf/5.2.0/mno-hw-mul\libgcc.a(_udivdi3.o)
                0x0000000010013c54                __udivdi3
 .text          0x0000000010014250      0x5c4 c:/altera/16.0/nios2eds/bin/gnu/h-x86_64-mingw32/bin/../lib/gcc/nios2-elf/5.2.0/mno-hw-mul\libgcc.a(_umoddi3.o)
                0x0000000010014250                __umoddi3
 .text          0x0000000010014814      0x9d0 c:/altera/16.0/nios2eds/bin/gnu/h-x86_64-mingw32/bin/../lib/gcc/nios2-elf/5.2.0/mno-hw-mul\libgcc.a(divdf3.o)
                0x0000000010014814                __divdf3
 .text          0x00000000100151e4       0x88 c:/altera/16.0/nios2eds/bin/gnu/h-x86_64-mingw32/bin/../lib/gcc/nios2-elf/5.2.0/mno-hw-mul\libgcc.a(eqdf2.o)
                0x00000000100151e4                __nedf2
                0x00000000100151e4                __eqdf2
 .text          0x000000001001526c       0xdc c:/altera/16.0/nios2eds/bin/gnu/h-x86_64-mingw32/bin/../lib/gcc/nios2-elf/5.2.0/mno-hw-mul\libgcc.a(gedf2.o)
                0x000000001001526c                __gedf2
                0x000000001001526c                __gtdf2
 .text          0x0000000010015348       0x80 c:/altera/16.0/nios2eds/bin/gnu/h-x86_64-mingw32/bin/../lib/gcc/nios2-elf/5.2.0/mno-hw-mul\libgcc.a(fixdfsi.o)
                0x0000000010015348                __fixdfsi
 .text          0x00000000100153c8       0xdc c:/altera/16.0/nios2eds/bin/gnu/h-x86_64-mingw32/bin/../lib/gcc/nios2-elf/5.2.0/mno-hw-mul\libgcc.a(floatsidf.o)
                0x00000000100153c8                __floatsidf
 .text          0x00000000100154a4       0xa8 c:/altera/16.0/nios2eds/bin/gnu/h-x86_64-mingw32/bin/../lib/gcc/nios2-elf/5.2.0/mno-hw-mul\libgcc.a(floatunsidf.o)
                0x00000000100154a4                __floatunsidf
 .text          0x000000001001554c      0x128 ../neural_bsp/\libhal_bsp.a(alt_close.o)
                0x000000001001559c                close
 .text          0x0000000010015674       0x2c ../neural_bsp/\libhal_bsp.a(alt_dev.o)
 .text          0x00000000100156a0        0x0 ../neural_bsp/\libhal_bsp.a(alt_errno.o)
 .text          0x00000000100156a0      0x108 ../neural_bsp/\libhal_bsp.a(alt_fstat.o)
                0x00000000100156f0                fstat
 .text          0x00000000100157a8      0x204 ../neural_bsp/\libhal_bsp.a(alt_gettod.o)
                0x00000000100157a8                gettimeofday
 .text          0x00000000100159ac       0xfc ../neural_bsp/\libhal_bsp.a(alt_isatty.o)
                0x00000000100159fc                isatty
 .text          0x0000000010015aa8       0xec ../neural_bsp/\libhal_bsp.a(alt_load.o)
                0x0000000010015b10                alt_load
 .text          0x0000000010015b94      0x12c ../neural_bsp/\libhal_bsp.a(alt_lseek.o)
                0x0000000010015be4                lseek
 .text          0x0000000010015cc0       0x7c ../neural_bsp/\libhal_bsp.a(alt_main.o)
                0x0000000010015cc0                alt_main
 .text          0x0000000010015d3c       0x48 ../neural_bsp/\libhal_bsp.a(alt_malloc_lock.o)
                0x0000000010015d3c                __malloc_lock
                0x0000000010015d60                __malloc_unlock
 .text          0x0000000010015d84      0x154 ../neural_bsp/\libhal_bsp.a(alt_read.o)
                0x0000000010015dd4                read
 .text          0x0000000010015ed8       0x84 ../neural_bsp/\libhal_bsp.a(alt_release_fd.o)
                0x0000000010015ed8                alt_release_fd
 .text          0x0000000010015f5c       0xb0 ../neural_bsp/\libhal_bsp.a(alt_sbrk.o)
                0x0000000010015f5c                sbrk
 .text          0x000000001001600c      0x1a4 ../neural_bsp/\libhal_bsp.a(alt_tick.o)
                0x000000001001600c                alt_alarm_stop
                0x00000000100160a8                alt_tick
 .text          0x00000000100161b0      0x150 ../neural_bsp/\libhal_bsp.a(alt_write.o)
                0x0000000010016200                write
 .text          0x0000000010016300       0xc8 ../neural_bsp/\libhal_bsp.a(alt_sys_init.o)
                0x0000000010016338                alt_irq_init
                0x0000000010016370                alt_sys_init
 .text          0x00000000100163c8      0x164 ../neural_bsp/\libhal_bsp.a(altera_avalon_jtag_uart_fd.o)
                0x00000000100163c8                altera_avalon_jtag_uart_read_fd
                0x0000000010016428                altera_avalon_jtag_uart_write_fd
                0x0000000010016488                altera_avalon_jtag_uart_close_fd
                0x00000000100164d8                altera_avalon_jtag_uart_ioctl_fd
 .text          0x000000001001652c      0x3e4 ../neural_bsp/\libhal_bsp.a(altera_avalon_jtag_uart_init.o)
                0x000000001001652c                altera_avalon_jtag_uart_init
                0x00000000100168a8                altera_avalon_jtag_uart_close
 .text          0x0000000010016910       0xf0 ../neural_bsp/\libhal_bsp.a(altera_avalon_jtag_uart_ioctl.o)
                0x0000000010016910                altera_avalon_jtag_uart_ioctl
 .text          0x0000000010016a00      0x21c ../neural_bsp/\libhal_bsp.a(altera_avalon_jtag_uart_read.o)
                0x0000000010016a00                altera_avalon_jtag_uart_read
 .text          0x0000000010016c1c      0x224 ../neural_bsp/\libhal_bsp.a(altera_avalon_jtag_uart_write.o)
                0x0000000010016c1c                altera_avalon_jtag_uart_write
 .text          0x0000000010016e40      0x484 ../neural_bsp/\libhal_bsp.a(altera_hostfs.o)
                0x0000000010016e40                alt_hostfs_open
                0x0000000010016f5c                alt_hostfs_close
                0x0000000010016fa0                alt_hostfs_read
                0x000000001001700c                alt_hostfs_write
                0x0000000010017078                alt_hostfs_seek
                0x00000000100170e0                alt_hostfs_fstat
 .text          0x00000000100172c4      0x140 ../neural_bsp/\libhal_bsp.a(alt_alarm_start.o)
                0x00000000100172c4                alt_alarm_start
 .text          0x0000000010017404       0x20 ../neural_bsp/\libhal_bsp.a(alt_dcache_flush_all.o)
                0x0000000010017404                alt_dcache_flush_all
 .text          0x0000000010017424       0xf4 ../neural_bsp/\libhal_bsp.a(alt_dev_llist_insert.o)
                0x0000000010017474                alt_dev_llist_insert
 .text          0x0000000010017518       0x60 ../neural_bsp/\libhal_bsp.a(alt_do_ctors.o)
                0x0000000010017518                _do_ctors
 .text          0x0000000010017578       0x60 ../neural_bsp/\libhal_bsp.a(alt_do_dtors.o)
                0x0000000010017578                _do_dtors
 .text          0x00000000100175d8       0x84 ../neural_bsp/\libhal_bsp.a(alt_fs_reg.o)
                0x00000000100175d8                alt_fs_reg
 .text          0x000000001001765c       0x20 ../neural_bsp/\libhal_bsp.a(alt_icache_flush_all.o)
                0x000000001001765c                alt_icache_flush_all
 .text          0x000000001001767c      0x1e0 ../neural_bsp/\libhal_bsp.a(alt_iic.o)
                0x000000001001767c                alt_ic_isr_register
                0x00000000100176cc                alt_ic_irq_enable
                0x000000001001776c                alt_ic_irq_disable
                0x0000000010017810                alt_ic_irq_enabled
 .text          0x000000001001785c       0xf0 ../neural_bsp/\libhal_bsp.a(alt_iic_isr_register.o)
                0x000000001001785c                alt_iic_isr_register
 .text          0x000000001001794c      0x160 ../neural_bsp/\libhal_bsp.a(alt_io_redirect.o)
                0x0000000010017a30                alt_io_redirect
 .text          0x0000000010017aac        0x0 ../neural_bsp/\libhal_bsp.a(alt_irq_entry.o)
 .text          0x0000000010017aac        0x0 ../neural_bsp/\libhal_bsp.a(alt_irq_handler.o)
 .text          0x0000000010017aac        0x0 ../neural_bsp/\libhal_bsp.a(alt_irq_vars.o)
 .text          0x0000000010017aac      0x2a4 ../neural_bsp/\libhal_bsp.a(alt_open.o)
                0x0000000010017bf0                open
 .text          0x0000000010017d50       0x24 ../neural_bsp/\libhal_bsp.a(altera_nios2_gen2_irq.o)
                0x0000000010017d50                altera_nios2_gen2_irq_init
 .text          0x0000000010017d74        0x0 ../neural_bsp/\libhal_bsp.a(alt_exception_entry.o)
 .text          0x0000000010017d74       0x90 ../neural_bsp/\libhal_bsp.a(alt_find_dev.o)
                0x0000000010017d74                alt_find_dev
 .text          0x0000000010017e04      0x114 ../neural_bsp/\libhal_bsp.a(alt_find_file.o)
                0x0000000010017e04                alt_find_file
 .text          0x0000000010017f18       0xd4 ../neural_bsp/\libhal_bsp.a(alt_get_fd.o)
                0x0000000010017f18                alt_get_fd
 .text          0x0000000010017fec       0x9c ../neural_bsp/\libhal_bsp.a(alt_instruction_exception_entry.o)
                0x0000000010017fec                alt_exception_cause_generated_bad_addr
 .text          0x0000000010018088        0x0 ../neural_bsp//newlib/nios2-elf/lib\libc.a(lib_a-atexit.o)
 .text.atexit   0x0000000010018088       0x3c ../neural_bsp//newlib/nios2-elf/lib\libc.a(lib_a-atexit.o)
                0x0000000010018088                atexit
 .text          0x00000000100180c4        0x0 ../neural_bsp//newlib/nios2-elf/lib\libc.a(lib_a-exit.o)
 .text.exit     0x00000000100180c4       0x60 ../neural_bsp//newlib/nios2-elf/lib\libc.a(lib_a-exit.o)
                0x00000000100180c4                exit
 .text          0x0000000010018124        0x0 ../neural_bsp//newlib/nios2-elf/lib\libc.a(lib_a-memcmp.o)
 .text.memcmp   0x0000000010018124      0x134 ../neural_bsp//newlib/nios2-elf/lib\libc.a(lib_a-memcmp.o)
                0x0000000010018124                memcmp
 .text          0x0000000010018258        0x0 ../neural_bsp//newlib/nios2-elf/lib\libc.a(lib_a-__atexit.o)
 .text.__register_exitproc
                0x0000000010018258      0x198 ../neural_bsp//newlib/nios2-elf/lib\libc.a(lib_a-__atexit.o)
                0x0000000010018258                __register_exitproc
 .text          0x00000000100183f0        0x0 ../neural_bsp//newlib/nios2-elf/lib\libc.a(lib_a-__call_atexit.o)
 .text.__call_exitprocs
                0x00000000100183f0      0x1fc ../neural_bsp//newlib/nios2-elf/lib\libc.a(lib_a-__call_atexit.o)
                0x00000000100183f0                __call_exitprocs
 .text          0x00000000100185ec      0x10c c:/altera/16.0/nios2eds/bin/gnu/h-x86_64-mingw32/bin/../lib/gcc/nios2-elf/5.2.0/mno-hw-mul\libgcc.a(_muldi3.o)
                0x00000000100185ec                __muldi3
 .text          0x00000000100186f8       0x34 ../neural_bsp/\libhal_bsp.a(alt_exit.o)
                0x00000000100186f8                _exit
 *(.gnu.warning.*)
 *(.fini)
                [!provide]                        PROVIDE (__etext, ABSOLUTE (.))
                [!provide]                        PROVIDE (_etext, ABSOLUTE (.))
                [!provide]                        PROVIDE (etext, ABSOLUTE (.))
 *(.eh_frame_hdr)
                0x000000001001872c                . = ALIGN (0x4)
                [!provide]                        PROVIDE (__preinit_array_start, ABSOLUTE (.))
 *(.preinit_array)
                [!provide]                        PROVIDE (__preinit_array_end, ABSOLUTE (.))
                [!provide]                        PROVIDE (__init_array_start, ABSOLUTE (.))
 *(.init_array)
                [!provide]                        PROVIDE (__init_array_end, ABSOLUTE (.))
                [!provide]                        PROVIDE (__fini_array_start, ABSOLUTE (.))
 *(.fini_array)
                [!provide]                        PROVIDE (__fini_array_end, ABSOLUTE (.))
 *(.eh_frame)
 *(.gcc_except_table .gcc_except_table.*)
 *(.dynamic)
                0x000000001001872c                PROVIDE (__CTOR_LIST__, ABSOLUTE (.))
 *(.ctors)
 *(SORT(.ctors.*))
                0x000000001001872c                PROVIDE (__CTOR_END__, ABSOLUTE (.))
                0x000000001001872c                PROVIDE (__DTOR_LIST__, ABSOLUTE (.))
 *(.dtors)
 *(SORT(.dtors.*))
                0x000000001001872c                PROVIDE (__DTOR_END__, ABSOLUTE (.))
 *(.jcr)
                0x000000001001872c                . = ALIGN (0x4)

.rodata         0x000000001001872c    0xb71f0
                0x000000001001872c                PROVIDE (__ram_rodata_start, ABSOLUTE (.))
                0x000000001001872c                . = ALIGN (0x4)
 *(.rodata .rodata.* .gnu.linkonce.r.*)
 .rodata        0x000000001001872c       0x2b obj/default/formula.o
 *fill*         0x0000000010018757        0x1 
 .rodata        0x0000000010018758    0xb6ba2 obj/default/main.o
 *fill*         0x00000000100cf2fa        0x2 
 .rodata        0x00000000100cf2fc       0x20 obj/default/types.o
 .rodata        0x00000000100cf31c      0x100 c:/altera/16.0/nios2eds/bin/gnu/h-x86_64-mingw32/bin/../lib/gcc/nios2-elf/5.2.0/mno-hw-mul\libgcc.a(_clz.o)
                0x00000000100cf31c                __clz_tab
 .rodata        0x00000000100cf41c        0x2 ../neural_bsp//newlib/nios2-elf/lib\libc.a(lib_a-impure.o)
 *fill*         0x00000000100cf41e        0x2 
 .rodata        0x00000000100cf420        0x2 ../neural_bsp//newlib/nios2-elf/lib\libc.a(lib_a-puts.o)
 *fill*         0x00000000100cf422        0x2 
 .rodata        0x00000000100cf424       0x5e ../neural_bsp//newlib/nios2-elf/lib\libc.a(lib_a-vfprintf.o)
 .rodata.blanks.4403
                0x00000000100cf482       0x10 ../neural_bsp//newlib/nios2-elf/lib\libc.a(lib_a-vfprintf.o)
 .rodata.zeroes.4404
                0x00000000100cf492       0x10 ../neural_bsp//newlib/nios2-elf/lib\libc.a(lib_a-vfprintf.o)
 .rodata._ctype_b
                0x00000000100cf4a2      0x180 ../neural_bsp//newlib/nios2-elf/lib\libc.a(lib_a-ctype_.o)
 .rodata._ctype_
                0x00000000100cf622      0x101 ../neural_bsp//newlib/nios2-elf/lib\libc.a(lib_a-ctype_.o)
                0x00000000100cf622                _ctype_
 *fill*         0x00000000100cf723        0x1 
 .rodata        0x00000000100cf724       0x12 ../neural_bsp//newlib/nios2-elf/lib\libc.a(lib_a-dtoa.o)
 *fill*         0x00000000100cf736        0x2 
 .rodata        0x00000000100cf738       0x12 ../neural_bsp//newlib/nios2-elf/lib\libc.a(lib_a-locale.o)
 *fill*         0x00000000100cf74a        0x2 
 .rodata.__mprec_tens
                0x00000000100cf74c       0xc8 ../neural_bsp//newlib/nios2-elf/lib\libc.a(lib_a-mprec.o)
                0x00000000100cf74c                __mprec_tens
 .rodata.__mprec_bigtens
                0x00000000100cf814       0x28 ../neural_bsp//newlib/nios2-elf/lib\libc.a(lib_a-mprec.o)
                0x00000000100cf814                __mprec_bigtens
 .rodata.__mprec_tinytens
                0x00000000100cf83c       0x28 ../neural_bsp//newlib/nios2-elf/lib\libc.a(lib_a-mprec.o)
                0x00000000100cf83c                __mprec_tinytens
 .rodata.p05.2768
                0x00000000100cf864        0xc ../neural_bsp//newlib/nios2-elf/lib\libc.a(lib_a-mprec.o)
 .rodata        0x00000000100cf870       0x4a ../neural_bsp//newlib/nios2-elf/lib\libc.a(lib_a-vfiprintf.o)
 .rodata.blanks.4348
                0x00000000100cf8ba       0x10 ../neural_bsp//newlib/nios2-elf/lib\libc.a(lib_a-vfiprintf.o)
 .rodata.zeroes.4349
                0x00000000100cf8ca       0x10 ../neural_bsp//newlib/nios2-elf/lib\libc.a(lib_a-vfiprintf.o)
 *fill*         0x00000000100cf8da        0x2 
 .rodata        0x00000000100cf8dc        0xa ../neural_bsp/\libhal_bsp.a(alt_dev.o)
 *fill*         0x00000000100cf8e6        0x2 
 .rodata        0x00000000100cf8e8       0x11 ../neural_bsp/\libhal_bsp.a(alt_main.o)
 *fill*         0x00000000100cf8f9        0x3 
 .rodata        0x00000000100cf8fc       0x1e ../neural_bsp/\libhal_bsp.a(alt_sys_init.o)
 *(.rodata1)
                0x00000000100cf91c                . = ALIGN (0x4)
 *fill*         0x00000000100cf91a        0x2 
                0x00000000100cf91c                PROVIDE (__ram_rodata_end, ABSOLUTE (.))
                0x000000001001872c                PROVIDE (__flash_rodata_start, LOADADDR (.rodata))

.rwdata         0x00000000100cf91c     0x9898 load address 0x00000000100d91b4
                0x00000000100cf91c                PROVIDE (__ram_rwdata_start, ABSOLUTE (.))
                0x00000000100cf91c                . = ALIGN (0x4)
 *(.got.plt)
 *(.got)
 *(.data1)
 *(.data .data.* .gnu.linkonce.d.*)
 .data          0x00000000100cf91c        0x0 ../neural_bsp//obj/HAL/src/crt0.o
 .data          0x00000000100cf91c        0x0 obj/default/formula.o
 .data          0x00000000100cf91c     0x7d00 obj/default/main.o
                0x00000000100cf91c                training_data
                0x00000000100d667c                testing_data
 .data          0x00000000100d761c        0x0 obj/default/types.o
 .data          0x00000000100d761c        0x0 c:/altera/16.0/nios2eds/bin/gnu/h-x86_64-mingw32/bin/../lib/gcc/nios2-elf/5.2.0/mno-hw-mul\libgcc.a(_fixunssfsi.o)
 .data          0x00000000100d761c        0x0 c:/altera/16.0/nios2eds/bin/gnu/h-x86_64-mingw32/bin/../lib/gcc/nios2-elf/5.2.0/mno-hw-mul\libgcc.a(lib2-divmod.o)
 .data          0x00000000100d761c        0x0 c:/altera/16.0/nios2eds/bin/gnu/h-x86_64-mingw32/bin/../lib/gcc/nios2-elf/5.2.0/mno-hw-mul\libgcc.a(addsf3.o)
 .data          0x00000000100d761c        0x0 c:/altera/16.0/nios2eds/bin/gnu/h-x86_64-mingw32/bin/../lib/gcc/nios2-elf/5.2.0/mno-hw-mul\libgcc.a(divsf3.o)
 .data          0x00000000100d761c        0x0 c:/altera/16.0/nios2eds/bin/gnu/h-x86_64-mingw32/bin/../lib/gcc/nios2-elf/5.2.0/mno-hw-mul\libgcc.a(eqsf2.o)
 .data          0x00000000100d761c        0x0 c:/altera/16.0/nios2eds/bin/gnu/h-x86_64-mingw32/bin/../lib/gcc/nios2-elf/5.2.0/mno-hw-mul\libgcc.a(gesf2.o)
 .data          0x00000000100d761c        0x0 c:/altera/16.0/nios2eds/bin/gnu/h-x86_64-mingw32/bin/../lib/gcc/nios2-elf/5.2.0/mno-hw-mul\libgcc.a(lesf2.o)
 .data          0x00000000100d761c        0x0 c:/altera/16.0/nios2eds/bin/gnu/h-x86_64-mingw32/bin/../lib/gcc/nios2-elf/5.2.0/mno-hw-mul\libgcc.a(mulsf3.o)
 .data          0x00000000100d761c        0x0 c:/altera/16.0/nios2eds/bin/gnu/h-x86_64-mingw32/bin/../lib/gcc/nios2-elf/5.2.0/mno-hw-mul\libgcc.a(subsf3.o)
 .data          0x00000000100d761c        0x0 c:/altera/16.0/nios2eds/bin/gnu/h-x86_64-mingw32/bin/../lib/gcc/nios2-elf/5.2.0/mno-hw-mul\libgcc.a(fixsfsi.o)
 .data          0x00000000100d761c        0x0 c:/altera/16.0/nios2eds/bin/gnu/h-x86_64-mingw32/bin/../lib/gcc/nios2-elf/5.2.0/mno-hw-mul\libgcc.a(floatsisf.o)
 .data          0x00000000100d761c        0x0 c:/altera/16.0/nios2eds/bin/gnu/h-x86_64-mingw32/bin/../lib/gcc/nios2-elf/5.2.0/mno-hw-mul\libgcc.a(floatunsisf.o)
 .data          0x00000000100d761c        0x0 c:/altera/16.0/nios2eds/bin/gnu/h-x86_64-mingw32/bin/../lib/gcc/nios2-elf/5.2.0/mno-hw-mul\libgcc.a(adddf3.o)
 .data          0x00000000100d761c        0x0 c:/altera/16.0/nios2eds/bin/gnu/h-x86_64-mingw32/bin/../lib/gcc/nios2-elf/5.2.0/mno-hw-mul\libgcc.a(ledf2.o)
 .data          0x00000000100d761c        0x0 c:/altera/16.0/nios2eds/bin/gnu/h-x86_64-mingw32/bin/../lib/gcc/nios2-elf/5.2.0/mno-hw-mul\libgcc.a(muldf3.o)
 .data          0x00000000100d761c        0x0 c:/altera/16.0/nios2eds/bin/gnu/h-x86_64-mingw32/bin/../lib/gcc/nios2-elf/5.2.0/mno-hw-mul\libgcc.a(subdf3.o)
 .data          0x00000000100d761c        0x0 c:/altera/16.0/nios2eds/bin/gnu/h-x86_64-mingw32/bin/../lib/gcc/nios2-elf/5.2.0/mno-hw-mul\libgcc.a(extendsfdf2.o)
 .data          0x00000000100d761c        0x0 c:/altera/16.0/nios2eds/bin/gnu/h-x86_64-mingw32/bin/../lib/gcc/nios2-elf/5.2.0/mno-hw-mul\libgcc.a(truncdfsf2.o)
 .data          0x00000000100d761c        0x0 c:/altera/16.0/nios2eds/bin/gnu/h-x86_64-mingw32/bin/../lib/gcc/nios2-elf/5.2.0/mno-hw-mul\libgcc.a(_clzsi2.o)
 .data          0x00000000100d761c        0x0 c:/altera/16.0/nios2eds/bin/gnu/h-x86_64-mingw32/bin/../lib/gcc/nios2-elf/5.2.0/mno-hw-mul\libgcc.a(lib2-mul.o)
 .data          0x00000000100d761c        0x0 c:/altera/16.0/nios2eds/bin/gnu/h-x86_64-mingw32/bin/../lib/gcc/nios2-elf/5.2.0/mno-hw-mul\libgcc.a(_clz.o)
 .data          0x00000000100d761c        0x0 ../neural_bsp//newlib/nios2-elf/lib\libc.a(lib_a-atoi.o)
 .data          0x00000000100d761c        0x0 ../neural_bsp//newlib/nios2-elf/lib\libc.a(lib_a-calloc.o)
 .data          0x00000000100d761c        0x0 ../neural_bsp//newlib/nios2-elf/lib\libc.a(lib_a-callocr.o)
 .data          0x00000000100d761c        0x0 ../neural_bsp//newlib/nios2-elf/lib\libc.a(lib_a-drand48.o)
 .data          0x00000000100d761c        0x0 ../neural_bsp//newlib/nios2-elf/lib\libc.a(lib_a-erand48.o)
 .data          0x00000000100d761c        0x0 ../neural_bsp//newlib/nios2-elf/lib\libc.a(lib_a-getc.o)
 .data          0x00000000100d761c        0x0 ../neural_bsp//newlib/nios2-elf/lib\libc.a(lib_a-impure.o)
 .data.impure_data
                0x00000000100d761c      0x424 ../neural_bsp//newlib/nios2-elf/lib\libc.a(lib_a-impure.o)
 .data          0x00000000100d7a40        0x0 ../neural_bsp//newlib/nios2-elf/lib\libc.a(lib_a-malloc.o)
 .data          0x00000000100d7a40        0x0 ../neural_bsp//newlib/nios2-elf/lib\libc.a(lib_a-mallocr.o)
 .data.__malloc_av_
                0x00000000100d7a40      0x408 ../neural_bsp//newlib/nios2-elf/lib\libc.a(lib_a-mallocr.o)
                0x00000000100d7a40                __malloc_av_
 .data          0x00000000100d7e48        0x0 ../neural_bsp//newlib/nios2-elf/lib\libc.a(lib_a-memset.o)
 .data          0x00000000100d7e48        0x0 ../neural_bsp//newlib/nios2-elf/lib\libc.a(lib_a-printf.o)
 .data          0x00000000100d7e48        0x0 ../neural_bsp//newlib/nios2-elf/lib\libc.a(lib_a-putchar.o)
 .data          0x00000000100d7e48        0x0 ../neural_bsp//newlib/nios2-elf/lib\libc.a(lib_a-puts.o)
 .data          0x00000000100d7e48        0x0 ../neural_bsp//newlib/nios2-elf/lib\libc.a(lib_a-rand48.o)
 .data          0x00000000100d7e48        0x0 ../neural_bsp//newlib/nios2-elf/lib\libc.a(lib_a-realloc.o)
 .data          0x00000000100d7e48        0x0 ../neural_bsp//newlib/nios2-elf/lib\libc.a(lib_a-reallocr.o)
 .data          0x00000000100d7e48        0x0 ../neural_bsp//newlib/nios2-elf/lib\libc.a(lib_a-rget.o)
 .data          0x00000000100d7e48        0x0 ../neural_bsp//newlib/nios2-elf/lib\libc.a(lib_a-s_ldexp.o)
 .data          0x00000000100d7e48        0x0 ../neural_bsp//newlib/nios2-elf/lib\libc.a(lib_a-s_scalbn.o)
 .data          0x00000000100d7e48        0x0 ../neural_bsp//newlib/nios2-elf/lib\libc.a(lib_a-sbrkr.o)
 .data          0x00000000100d7e48        0x0 ../neural_bsp//newlib/nios2-elf/lib\libc.a(lib_a-srand48.o)
 .data          0x00000000100d7e48        0x0 ../neural_bsp//newlib/nios2-elf/lib\libc.a(lib_a-strlen.o)
 .data          0x00000000100d7e48        0x0 ../neural_bsp//newlib/nios2-elf/lib\libc.a(lib_a-strtol.o)
 .data          0x00000000100d7e48        0x0 ../neural_bsp//newlib/nios2-elf/lib\libc.a(lib_a-time.o)
 .data          0x00000000100d7e48        0x0 ../neural_bsp//newlib/nios2-elf/lib\libc.a(lib_a-vfprintf.o)
 .data          0x00000000100d7e48        0x0 ../neural_bsp//newlib/nios2-elf/lib\libc.a(lib_a-wsetup.o)
 .data          0x00000000100d7e48        0x0 ../neural_bsp//newlib/nios2-elf/lib\libc.a(lib_a-ctype_.o)
 .data          0x00000000100d7e48        0x0 ../neural_bsp//newlib/nios2-elf/lib\libc.a(lib_a-dtoa.o)
 .data          0x00000000100d7e48        0x0 ../neural_bsp//newlib/nios2-elf/lib\libc.a(lib_a-errno.o)
 .data          0x00000000100d7e48        0x0 ../neural_bsp//newlib/nios2-elf/lib\libc.a(lib_a-fflush.o)
 .data          0x00000000100d7e48        0x0 ../neural_bsp//newlib/nios2-elf/lib\libc.a(lib_a-findfp.o)
 .data          0x00000000100d7e48        0x0 ../neural_bsp//newlib/nios2-elf/lib\libc.a(lib_a-freer.o)
 .data          0x00000000100d7e48        0x0 ../neural_bsp//newlib/nios2-elf/lib\libc.a(lib_a-fvwrite.o)
 .data          0x00000000100d7e48        0x0 ../neural_bsp//newlib/nios2-elf/lib\libc.a(lib_a-fwalk.o)
 .data          0x00000000100d7e48        0x0 ../neural_bsp//newlib/nios2-elf/lib\libc.a(lib_a-gettimeofdayr.o)
 .data          0x00000000100d7e48        0x0 ../neural_bsp//newlib/nios2-elf/lib\libc.a(lib_a-int_errno.o)
 .data          0x00000000100d7e48        0x0 ../neural_bsp//newlib/nios2-elf/lib\libc.a(lib_a-locale.o)
 .data.lconv    0x00000000100d7e48       0x38 ../neural_bsp//newlib/nios2-elf/lib\libc.a(lib_a-locale.o)
 .data.lc_ctype_charset
                0x00000000100d7e80       0x20 ../neural_bsp//newlib/nios2-elf/lib\libc.a(lib_a-locale.o)
 .data.lc_message_charset
                0x00000000100d7ea0       0x20 ../neural_bsp//newlib/nios2-elf/lib\libc.a(lib_a-locale.o)
 .data          0x00000000100d7ec0        0x0 ../neural_bsp//newlib/nios2-elf/lib\libc.a(lib_a-makebuf.o)
 .data          0x00000000100d7ec0        0x0 ../neural_bsp//newlib/nios2-elf/lib\libc.a(lib_a-memchr.o)
 .data          0x00000000100d7ec0        0x0 ../neural_bsp//newlib/nios2-elf/lib\libc.a(lib_a-memcpy.o)
 .data          0x00000000100d7ec0        0x0 ../neural_bsp//newlib/nios2-elf/lib\libc.a(lib_a-memmove.o)
 .data          0x00000000100d7ec0        0x0 ../neural_bsp//newlib/nios2-elf/lib\libc.a(lib_a-mprec.o)
 .data          0x00000000100d7ec0        0x0 ../neural_bsp//newlib/nios2-elf/lib\libc.a(lib_a-putc.o)
 .data          0x00000000100d7ec0        0x0 ../neural_bsp//newlib/nios2-elf/lib\libc.a(lib_a-refill.o)
 .data          0x00000000100d7ec0        0x0 ../neural_bsp//newlib/nios2-elf/lib\libc.a(lib_a-s_copysign.o)
 .data          0x00000000100d7ec0        0x0 ../neural_bsp//newlib/nios2-elf/lib\libc.a(lib_a-s_finite.o)
 .data          0x00000000100d7ec0        0x0 ../neural_bsp//newlib/nios2-elf/lib\libc.a(lib_a-s_fpclassify.o)
 .data          0x00000000100d7ec0        0x0 ../neural_bsp//newlib/nios2-elf/lib\libc.a(lib_a-stdio.o)
 .data          0x00000000100d7ec0        0x0 ../neural_bsp//newlib/nios2-elf/lib\libc.a(lib_a-strcmp.o)
 .data          0x00000000100d7ec0        0x0 ../neural_bsp//newlib/nios2-elf/lib\libc.a(lib_a-vfiprintf.o)
 .data          0x00000000100d7ec0        0x0 ../neural_bsp//newlib/nios2-elf/lib\libc.a(lib_a-wbuf.o)
 .data          0x00000000100d7ec0        0x0 ../neural_bsp//newlib/nios2-elf/lib\libc.a(lib_a-writer.o)
 .data          0x00000000100d7ec0        0x0 ../neural_bsp//newlib/nios2-elf/lib\libc.a(closer.o)
 .data          0x00000000100d7ec0        0x0 ../neural_bsp//newlib/nios2-elf/lib\libc.a(lib_a-fclose.o)
 .data          0x00000000100d7ec0        0x0 ../neural_bsp//newlib/nios2-elf/lib\libc.a(lib_a-fputwc.o)
 .data          0x00000000100d7ec0        0x0 ../neural_bsp//newlib/nios2-elf/lib\libc.a(lib_a-fstatr.o)
 .data          0x00000000100d7ec0        0x0 ../neural_bsp//newlib/nios2-elf/lib\libc.a(lib_a-isattyr.o)
 .data          0x00000000100d7ec0        0x0 ../neural_bsp//newlib/nios2-elf/lib\libc.a(lib_a-lseekr.o)
 .data          0x00000000100d7ec0        0x0 ../neural_bsp//newlib/nios2-elf/lib\libc.a(lib_a-readr.o)
 .data          0x00000000100d7ec0        0x0 ../neural_bsp//newlib/nios2-elf/lib\libc.a(lib_a-wcrtomb.o)
 .data          0x00000000100d7ec0        0x0 ../neural_bsp//newlib/nios2-elf/lib\libc.a(lib_a-wctomb_r.o)
 .data          0x00000000100d7ec0        0x0 c:/altera/16.0/nios2eds/bin/gnu/h-x86_64-mingw32/bin/../lib/gcc/nios2-elf/5.2.0/mno-hw-mul\libgcc.a(_udivdi3.o)
 .data          0x00000000100d7ec0        0x0 c:/altera/16.0/nios2eds/bin/gnu/h-x86_64-mingw32/bin/../lib/gcc/nios2-elf/5.2.0/mno-hw-mul\libgcc.a(_umoddi3.o)
 .data          0x00000000100d7ec0        0x0 c:/altera/16.0/nios2eds/bin/gnu/h-x86_64-mingw32/bin/../lib/gcc/nios2-elf/5.2.0/mno-hw-mul\libgcc.a(divdf3.o)
 .data          0x00000000100d7ec0        0x0 c:/altera/16.0/nios2eds/bin/gnu/h-x86_64-mingw32/bin/../lib/gcc/nios2-elf/5.2.0/mno-hw-mul\libgcc.a(eqdf2.o)
 .data          0x00000000100d7ec0        0x0 c:/altera/16.0/nios2eds/bin/gnu/h-x86_64-mingw32/bin/../lib/gcc/nios2-elf/5.2.0/mno-hw-mul\libgcc.a(gedf2.o)
 .data          0x00000000100d7ec0        0x0 c:/altera/16.0/nios2eds/bin/gnu/h-x86_64-mingw32/bin/../lib/gcc/nios2-elf/5.2.0/mno-hw-mul\libgcc.a(fixdfsi.o)
 .data          0x00000000100d7ec0        0x0 c:/altera/16.0/nios2eds/bin/gnu/h-x86_64-mingw32/bin/../lib/gcc/nios2-elf/5.2.0/mno-hw-mul\libgcc.a(floatsidf.o)
 .data          0x00000000100d7ec0        0x0 c:/altera/16.0/nios2eds/bin/gnu/h-x86_64-mingw32/bin/../lib/gcc/nios2-elf/5.2.0/mno-hw-mul\libgcc.a(floatunsidf.o)
 .data          0x00000000100d7ec0        0x0 ../neural_bsp/\libhal_bsp.a(alt_close.o)
 .data          0x00000000100d7ec0      0x1a8 ../neural_bsp/\libhal_bsp.a(alt_dev.o)
                0x00000000100d7ec0                alt_dev_null
                0x00000000100d7ee8                alt_fd_list
 .data          0x00000000100d8068        0x0 ../neural_bsp/\libhal_bsp.a(alt_errno.o)
 .data          0x00000000100d8068        0x0 ../neural_bsp/\libhal_bsp.a(alt_fstat.o)
 .data          0x00000000100d8068        0x0 ../neural_bsp/\libhal_bsp.a(alt_gettod.o)
 .data          0x00000000100d8068        0x0 ../neural_bsp/\libhal_bsp.a(alt_isatty.o)
 .data          0x00000000100d8068        0x0 ../neural_bsp/\libhal_bsp.a(alt_load.o)
 .data          0x00000000100d8068        0x0 ../neural_bsp/\libhal_bsp.a(alt_lseek.o)
 .data          0x00000000100d8068        0x0 ../neural_bsp/\libhal_bsp.a(alt_main.o)
 .data          0x00000000100d8068        0x0 ../neural_bsp/\libhal_bsp.a(alt_malloc_lock.o)
 .data          0x00000000100d8068        0x0 ../neural_bsp/\libhal_bsp.a(alt_read.o)
 .data          0x00000000100d8068        0x0 ../neural_bsp/\libhal_bsp.a(alt_release_fd.o)
 .data          0x00000000100d8068        0x0 ../neural_bsp/\libhal_bsp.a(alt_sbrk.o)
 .data          0x00000000100d8068        0x0 ../neural_bsp/\libhal_bsp.a(alt_tick.o)
 .data          0x00000000100d8068        0x0 ../neural_bsp/\libhal_bsp.a(alt_write.o)
 .data          0x00000000100d8068     0x1088 ../neural_bsp/\libhal_bsp.a(alt_sys_init.o)
 .data          0x00000000100d90f0        0x0 ../neural_bsp/\libhal_bsp.a(altera_avalon_jtag_uart_fd.o)
 .data          0x00000000100d90f0        0x0 ../neural_bsp/\libhal_bsp.a(altera_avalon_jtag_uart_init.o)
 .data          0x00000000100d90f0        0x0 ../neural_bsp/\libhal_bsp.a(altera_avalon_jtag_uart_ioctl.o)
 .data          0x00000000100d90f0        0x0 ../neural_bsp/\libhal_bsp.a(altera_avalon_jtag_uart_read.o)
 .data          0x00000000100d90f0        0x0 ../neural_bsp/\libhal_bsp.a(altera_avalon_jtag_uart_write.o)
 .data          0x00000000100d90f0        0x0 ../neural_bsp/\libhal_bsp.a(altera_hostfs.o)
 .data          0x00000000100d90f0        0x0 ../neural_bsp/\libhal_bsp.a(alt_alarm_start.o)
 .data          0x00000000100d90f0        0x0 ../neural_bsp/\libhal_bsp.a(alt_dcache_flush_all.o)
 .data          0x00000000100d90f0        0x0 ../neural_bsp/\libhal_bsp.a(alt_dev_llist_insert.o)
 .data          0x00000000100d90f0        0x0 ../neural_bsp/\libhal_bsp.a(alt_do_ctors.o)
 .data          0x00000000100d90f0        0x0 ../neural_bsp/\libhal_bsp.a(alt_do_dtors.o)
 .data          0x00000000100d90f0        0x0 ../neural_bsp/\libhal_bsp.a(alt_fs_reg.o)
 .data          0x00000000100d90f0        0x0 ../neural_bsp/\libhal_bsp.a(alt_icache_flush_all.o)
 .data          0x00000000100d90f0        0x0 ../neural_bsp/\libhal_bsp.a(alt_iic.o)
 .data          0x00000000100d90f0        0x0 ../neural_bsp/\libhal_bsp.a(alt_iic_isr_register.o)
 .data          0x00000000100d90f0        0x0 ../neural_bsp/\libhal_bsp.a(alt_io_redirect.o)
 .data          0x00000000100d90f0        0x0 ../neural_bsp/\libhal_bsp.a(alt_irq_entry.o)
 .data          0x00000000100d90f0        0x0 ../neural_bsp/\libhal_bsp.a(alt_irq_handler.o)
 .data          0x00000000100d90f0        0x0 ../neural_bsp/\libhal_bsp.a(alt_irq_vars.o)
 .data          0x00000000100d90f0        0x0 ../neural_bsp/\libhal_bsp.a(alt_open.o)
 .data          0x00000000100d90f0        0x0 ../neural_bsp/\libhal_bsp.a(altera_nios2_gen2_irq.o)
 .data          0x00000000100d90f0        0x0 ../neural_bsp/\libhal_bsp.a(alt_exception_entry.o)
 .data          0x00000000100d90f0        0x0 ../neural_bsp/\libhal_bsp.a(alt_find_dev.o)
 .data          0x00000000100d90f0        0x0 ../neural_bsp/\libhal_bsp.a(alt_find_file.o)
 .data          0x00000000100d90f0        0x0 ../neural_bsp/\libhal_bsp.a(alt_get_fd.o)
 .data          0x00000000100d90f0        0x0 ../neural_bsp/\libhal_bsp.a(alt_instruction_exception_entry.o)
 .data          0x00000000100d90f0        0x0 ../neural_bsp//newlib/nios2-elf/lib\libc.a(lib_a-atexit.o)
 .data          0x00000000100d90f0        0x0 ../neural_bsp//newlib/nios2-elf/lib\libc.a(lib_a-exit.o)
 .data          0x00000000100d90f0        0x0 ../neural_bsp//newlib/nios2-elf/lib\libc.a(lib_a-memcmp.o)
 .data          0x00000000100d90f0        0x0 ../neural_bsp//newlib/nios2-elf/lib\libc.a(lib_a-__atexit.o)
 .data          0x00000000100d90f0        0x0 ../neural_bsp//newlib/nios2-elf/lib\libc.a(lib_a-__call_atexit.o)
 .data          0x00000000100d90f0        0x0 c:/altera/16.0/nios2eds/bin/gnu/h-x86_64-mingw32/bin/../lib/gcc/nios2-elf/5.2.0/mno-hw-mul\libgcc.a(_muldi3.o)
 .data          0x00000000100d90f0        0x0 ../neural_bsp/\libhal_bsp.a(alt_exit.o)
                0x00000000100e10f0                _gp = ABSOLUTE ((. + 0x8000))
                [!provide]                        PROVIDE (gp, _gp)
 *(.rwdata .rwdata.*)
 *(.sdata .sdata.* .gnu.linkonce.s.*)
 .sdata         0x00000000100d90f0       0x10 obj/default/formula.o
                0x00000000100d90f0                to_sig_hw_port
                0x00000000100d90f4                to_sig_sw_port
                0x00000000100d90f8                to_isig_hw_port
                0x00000000100d90fc                to_isig_sw_port
 .sdata         0x00000000100d9100        0x8 obj/default/main.o
                0x00000000100d9100                to_hw_sig
                0x00000000100d9104                to_sw_sig
 .sdata._impure_ptr
                0x00000000100d9108        0x4 ../neural_bsp//newlib/nios2-elf/lib\libc.a(lib_a-impure.o)
                0x00000000100d9108                _impure_ptr
 .sdata._global_impure_ptr
                0x00000000100d910c        0x4 ../neural_bsp//newlib/nios2-elf/lib\libc.a(lib_a-impure.o)
                0x00000000100d910c                _global_impure_ptr
 .sdata.__malloc_trim_threshold
                0x00000000100d9110        0x4 ../neural_bsp//newlib/nios2-elf/lib\libc.a(lib_a-mallocr.o)
                0x00000000100d9110                __malloc_trim_threshold
 .sdata.__malloc_sbrk_base
                0x00000000100d9114        0x4 ../neural_bsp//newlib/nios2-elf/lib\libc.a(lib_a-mallocr.o)
                0x00000000100d9114                __malloc_sbrk_base
 .sdata.two54   0x00000000100d9118        0x8 ../neural_bsp//newlib/nios2-elf/lib\libc.a(lib_a-s_scalbn.o)
 .sdata.twom54  0x00000000100d9120        0x8 ../neural_bsp//newlib/nios2-elf/lib\libc.a(lib_a-s_scalbn.o)
 .sdata.huge    0x00000000100d9128        0x8 ../neural_bsp//newlib/nios2-elf/lib\libc.a(lib_a-s_scalbn.o)
 .sdata.tiny    0x00000000100d9130        0x8 ../neural_bsp//newlib/nios2-elf/lib\libc.a(lib_a-s_scalbn.o)
 .sdata.__ctype_ptr__
                0x00000000100d9138        0x4 ../neural_bsp//newlib/nios2-elf/lib\libc.a(lib_a-ctype_.o)
                0x00000000100d9138                __ctype_ptr__
 .sdata.__mb_cur_max
                0x00000000100d913c        0x4 ../neural_bsp//newlib/nios2-elf/lib\libc.a(lib_a-locale.o)
                0x00000000100d913c                __mb_cur_max
 .sdata.__wctomb
                0x00000000100d9140        0x4 ../neural_bsp//newlib/nios2-elf/lib\libc.a(lib_a-wctomb_r.o)
                0x00000000100d9140                __wctomb
 .sdata         0x00000000100d9144       0x14 ../neural_bsp/\libhal_bsp.a(alt_dev.o)
                0x00000000100d9144                alt_fs_list
                0x00000000100d914c                alt_dev_list
                0x00000000100d9154                alt_max_fd
 .sdata         0x00000000100d9158        0x4 ../neural_bsp/\libhal_bsp.a(alt_errno.o)
                0x00000000100d9158                alt_errno
 .sdata         0x00000000100d915c        0x4 ../neural_bsp/\libhal_bsp.a(alt_sbrk.o)
 .sdata         0x00000000100d9160        0x8 ../neural_bsp/\libhal_bsp.a(alt_tick.o)
                0x00000000100d9160                alt_alarm_list
 .sdata         0x00000000100d9168       0x46 ../neural_bsp/\libhal_bsp.a(altera_hostfs.o)
 *fill*         0x00000000100d91ae        0x2 
 .sdata         0x00000000100d91b0        0x4 ../neural_bsp/\libhal_bsp.a(alt_irq_vars.o)
                0x00000000100d91b0                alt_priority_mask
 *(.sdata2 .sdata2.* .gnu.linkonce.s2.*)
                0x00000000100d91b4                . = ALIGN (0x4)
                0x00000000100d91b4                _edata = ABSOLUTE (.)
                [!provide]                        PROVIDE (edata, ABSOLUTE (.))
                0x00000000100d91b4                PROVIDE (__ram_rwdata_end, ABSOLUTE (.))
                0x00000000100d91b4                PROVIDE (__flash_rwdata_start, LOADADDR (.rwdata))

.bss            0x00000000100e2a4c      0x1f0
                0x00000000100e2a4c                __bss_start = ABSOLUTE (.)
                [!provide]                        PROVIDE (__sbss_start, ABSOLUTE (.))
                [!provide]                        PROVIDE (___sbss_start, ABSOLUTE (.))
 *(.dynsbss)
 *(.sbss .sbss.* .gnu.linkonce.sb.*)
 .sbss          0x00000000100e2a4c        0xc obj/default/main.o
                0x00000000100e2a4c                total_runs
                0x00000000100e2a50                num_incorrect
                0x00000000100e2a54                curr_point
 .sbss.__malloc_top_pad
                0x00000000100e2a58        0x4 ../neural_bsp//newlib/nios2-elf/lib\libc.a(lib_a-mallocr.o)
                0x00000000100e2a58                __malloc_top_pad
 .sbss.__malloc_max_sbrked_mem
                0x00000000100e2a5c        0x4 ../neural_bsp//newlib/nios2-elf/lib\libc.a(lib_a-mallocr.o)
                0x00000000100e2a5c                __malloc_max_sbrked_mem
 .sbss.__malloc_max_total_mem
                0x00000000100e2a60        0x4 ../neural_bsp//newlib/nios2-elf/lib\libc.a(lib_a-mallocr.o)
                0x00000000100e2a60                __malloc_max_total_mem
 .sbss.__sfp_lock
                0x00000000100e2a64        0x4 ../neural_bsp//newlib/nios2-elf/lib\libc.a(lib_a-findfp.o)
 .sbss.__sinit_lock
                0x00000000100e2a68        0x4 ../neural_bsp//newlib/nios2-elf/lib\libc.a(lib_a-findfp.o)
 .sbss          0x00000000100e2a6c        0x4 ../neural_bsp//newlib/nios2-elf/lib\libc.a(lib_a-int_errno.o)
                0x00000000100e2a6c                errno
 .sbss.__nlocale_changed
                0x00000000100e2a70        0x4 ../neural_bsp//newlib/nios2-elf/lib\libc.a(lib_a-locale.o)
                0x00000000100e2a70                __nlocale_changed
 .sbss.__mlocale_changed
                0x00000000100e2a74        0x4 ../neural_bsp//newlib/nios2-elf/lib\libc.a(lib_a-locale.o)
                0x00000000100e2a74                __mlocale_changed
 .sbss._PathLocale
                0x00000000100e2a78        0x4 ../neural_bsp//newlib/nios2-elf/lib\libc.a(lib_a-locale.o)
                0x00000000100e2a78                _PathLocale
 .sbss.lc_ctype_cjk_lang
                0x00000000100e2a7c        0x4 ../neural_bsp//newlib/nios2-elf/lib\libc.a(lib_a-locale.o)
 .sbss          0x00000000100e2a80       0x10 ../neural_bsp/\libhal_bsp.a(alt_gettod.o)
                0x00000000100e2a80                alt_timezone
                0x00000000100e2a88                alt_resettime
 .sbss          0x00000000100e2a90        0xc ../neural_bsp/\libhal_bsp.a(alt_main.o)
                0x00000000100e2a90                alt_argc
                0x00000000100e2a94                alt_argv
                0x00000000100e2a98                alt_envp
 .sbss          0x00000000100e2a9c        0x8 ../neural_bsp/\libhal_bsp.a(alt_tick.o)
                0x00000000100e2a9c                _alt_tick_rate
                0x00000000100e2aa0                _alt_nticks
 .sbss          0x00000000100e2aa4        0x4 ../neural_bsp/\libhal_bsp.a(alt_irq_vars.o)
                0x00000000100e2aa4                alt_irq_active
 .sbss          0x00000000100e2aa8        0x4 ../neural_bsp/\libhal_bsp.a(alt_instruction_exception_entry.o)
                0x00000000100e2aa8                alt_instruction_exception_handler
 .sbss.__atexit_lock
                0x00000000100e2aac        0x4 ../neural_bsp//newlib/nios2-elf/lib\libc.a(lib_a-__call_atexit.o)
 *(.sbss2 .sbss2.* .gnu.linkonce.sb2.*)
 *(.scommon)
                [!provide]                        PROVIDE (__sbss_end, ABSOLUTE (.))
                [!provide]                        PROVIDE (___sbss_end, ABSOLUTE (.))
 *(.dynbss)
 *(.bss .bss.* .gnu.linkonce.b.*)
 .bss           0x00000000100e2ab0        0x0 ../neural_bsp//obj/HAL/src/crt0.o
 .bss           0x00000000100e2ab0        0x0 obj/default/formula.o
 .bss           0x00000000100e2ab0        0x0 obj/default/main.o
 .bss           0x00000000100e2ab0        0x0 obj/default/types.o
 .bss           0x00000000100e2ab0        0x0 c:/altera/16.0/nios2eds/bin/gnu/h-x86_64-mingw32/bin/../lib/gcc/nios2-elf/5.2.0/mno-hw-mul\libgcc.a(_fixunssfsi.o)
 .bss           0x00000000100e2ab0        0x0 c:/altera/16.0/nios2eds/bin/gnu/h-x86_64-mingw32/bin/../lib/gcc/nios2-elf/5.2.0/mno-hw-mul\libgcc.a(lib2-divmod.o)
 .bss           0x00000000100e2ab0        0x0 c:/altera/16.0/nios2eds/bin/gnu/h-x86_64-mingw32/bin/../lib/gcc/nios2-elf/5.2.0/mno-hw-mul\libgcc.a(addsf3.o)
 .bss           0x00000000100e2ab0        0x0 c:/altera/16.0/nios2eds/bin/gnu/h-x86_64-mingw32/bin/../lib/gcc/nios2-elf/5.2.0/mno-hw-mul\libgcc.a(divsf3.o)
 .bss           0x00000000100e2ab0        0x0 c:/altera/16.0/nios2eds/bin/gnu/h-x86_64-mingw32/bin/../lib/gcc/nios2-elf/5.2.0/mno-hw-mul\libgcc.a(eqsf2.o)
 .bss           0x00000000100e2ab0        0x0 c:/altera/16.0/nios2eds/bin/gnu/h-x86_64-mingw32/bin/../lib/gcc/nios2-elf/5.2.0/mno-hw-mul\libgcc.a(gesf2.o)
 .bss           0x00000000100e2ab0        0x0 c:/altera/16.0/nios2eds/bin/gnu/h-x86_64-mingw32/bin/../lib/gcc/nios2-elf/5.2.0/mno-hw-mul\libgcc.a(lesf2.o)
 .bss           0x00000000100e2ab0        0x0 c:/altera/16.0/nios2eds/bin/gnu/h-x86_64-mingw32/bin/../lib/gcc/nios2-elf/5.2.0/mno-hw-mul\libgcc.a(mulsf3.o)
 .bss           0x00000000100e2ab0        0x0 c:/altera/16.0/nios2eds/bin/gnu/h-x86_64-mingw32/bin/../lib/gcc/nios2-elf/5.2.0/mno-hw-mul\libgcc.a(subsf3.o)
 .bss           0x00000000100e2ab0        0x0 c:/altera/16.0/nios2eds/bin/gnu/h-x86_64-mingw32/bin/../lib/gcc/nios2-elf/5.2.0/mno-hw-mul\libgcc.a(fixsfsi.o)
 .bss           0x00000000100e2ab0        0x0 c:/altera/16.0/nios2eds/bin/gnu/h-x86_64-mingw32/bin/../lib/gcc/nios2-elf/5.2.0/mno-hw-mul\libgcc.a(floatsisf.o)
 .bss           0x00000000100e2ab0        0x0 c:/altera/16.0/nios2eds/bin/gnu/h-x86_64-mingw32/bin/../lib/gcc/nios2-elf/5.2.0/mno-hw-mul\libgcc.a(floatunsisf.o)
 .bss           0x00000000100e2ab0        0x0 c:/altera/16.0/nios2eds/bin/gnu/h-x86_64-mingw32/bin/../lib/gcc/nios2-elf/5.2.0/mno-hw-mul\libgcc.a(adddf3.o)
 .bss           0x00000000100e2ab0        0x0 c:/altera/16.0/nios2eds/bin/gnu/h-x86_64-mingw32/bin/../lib/gcc/nios2-elf/5.2.0/mno-hw-mul\libgcc.a(ledf2.o)
 .bss           0x00000000100e2ab0        0x0 c:/altera/16.0/nios2eds/bin/gnu/h-x86_64-mingw32/bin/../lib/gcc/nios2-elf/5.2.0/mno-hw-mul\libgcc.a(muldf3.o)
 .bss           0x00000000100e2ab0        0x0 c:/altera/16.0/nios2eds/bin/gnu/h-x86_64-mingw32/bin/../lib/gcc/nios2-elf/5.2.0/mno-hw-mul\libgcc.a(subdf3.o)
 .bss           0x00000000100e2ab0        0x0 c:/altera/16.0/nios2eds/bin/gnu/h-x86_64-mingw32/bin/../lib/gcc/nios2-elf/5.2.0/mno-hw-mul\libgcc.a(extendsfdf2.o)
 .bss           0x00000000100e2ab0        0x0 c:/altera/16.0/nios2eds/bin/gnu/h-x86_64-mingw32/bin/../lib/gcc/nios2-elf/5.2.0/mno-hw-mul\libgcc.a(truncdfsf2.o)
 .bss           0x00000000100e2ab0        0x0 c:/altera/16.0/nios2eds/bin/gnu/h-x86_64-mingw32/bin/../lib/gcc/nios2-elf/5.2.0/mno-hw-mul\libgcc.a(_clzsi2.o)
 .bss           0x00000000100e2ab0        0x0 c:/altera/16.0/nios2eds/bin/gnu/h-x86_64-mingw32/bin/../lib/gcc/nios2-elf/5.2.0/mno-hw-mul\libgcc.a(lib2-mul.o)
 .bss           0x00000000100e2ab0        0x0 c:/altera/16.0/nios2eds/bin/gnu/h-x86_64-mingw32/bin/../lib/gcc/nios2-elf/5.2.0/mno-hw-mul\libgcc.a(_clz.o)
 .bss           0x00000000100e2ab0        0x0 ../neural_bsp//newlib/nios2-elf/lib\libc.a(lib_a-atoi.o)
 .bss           0x00000000100e2ab0        0x0 ../neural_bsp//newlib/nios2-elf/lib\libc.a(lib_a-calloc.o)
 .bss           0x00000000100e2ab0        0x0 ../neural_bsp//newlib/nios2-elf/lib\libc.a(lib_a-callocr.o)
 .bss           0x00000000100e2ab0        0x0 ../neural_bsp//newlib/nios2-elf/lib\libc.a(lib_a-drand48.o)
 .bss           0x00000000100e2ab0        0x0 ../neural_bsp//newlib/nios2-elf/lib\libc.a(lib_a-erand48.o)
 .bss           0x00000000100e2ab0        0x0 ../neural_bsp//newlib/nios2-elf/lib\libc.a(lib_a-getc.o)
 .bss           0x00000000100e2ab0        0x0 ../neural_bsp//newlib/nios2-elf/lib\libc.a(lib_a-impure.o)
 .bss           0x00000000100e2ab0        0x0 ../neural_bsp//newlib/nios2-elf/lib\libc.a(lib_a-malloc.o)
 .bss           0x00000000100e2ab0        0x0 ../neural_bsp//newlib/nios2-elf/lib\libc.a(lib_a-mallocr.o)
 .bss.__malloc_current_mallinfo
                0x00000000100e2ab0       0x28 ../neural_bsp//newlib/nios2-elf/lib\libc.a(lib_a-mallocr.o)
                0x00000000100e2ab0                __malloc_current_mallinfo
 .bss           0x00000000100e2ad8        0x0 ../neural_bsp//newlib/nios2-elf/lib\libc.a(lib_a-memset.o)
 .bss           0x00000000100e2ad8        0x0 ../neural_bsp//newlib/nios2-elf/lib\libc.a(lib_a-printf.o)
 .bss           0x00000000100e2ad8        0x0 ../neural_bsp//newlib/nios2-elf/lib\libc.a(lib_a-putchar.o)
 .bss           0x00000000100e2ad8        0x0 ../neural_bsp//newlib/nios2-elf/lib\libc.a(lib_a-puts.o)
 .bss           0x00000000100e2ad8        0x0 ../neural_bsp//newlib/nios2-elf/lib\libc.a(lib_a-rand48.o)
 .bss           0x00000000100e2ad8        0x0 ../neural_bsp//newlib/nios2-elf/lib\libc.a(lib_a-realloc.o)
 .bss           0x00000000100e2ad8        0x0 ../neural_bsp//newlib/nios2-elf/lib\libc.a(lib_a-reallocr.o)
 .bss           0x00000000100e2ad8        0x0 ../neural_bsp//newlib/nios2-elf/lib\libc.a(lib_a-rget.o)
 .bss           0x00000000100e2ad8        0x0 ../neural_bsp//newlib/nios2-elf/lib\libc.a(lib_a-s_ldexp.o)
 .bss           0x00000000100e2ad8        0x0 ../neural_bsp//newlib/nios2-elf/lib\libc.a(lib_a-s_scalbn.o)
 .bss           0x00000000100e2ad8        0x0 ../neural_bsp//newlib/nios2-elf/lib\libc.a(lib_a-sbrkr.o)
 .bss           0x00000000100e2ad8        0x0 ../neural_bsp//newlib/nios2-elf/lib\libc.a(lib_a-srand48.o)
 .bss           0x00000000100e2ad8        0x0 ../neural_bsp//newlib/nios2-elf/lib\libc.a(lib_a-strlen.o)
 .bss           0x00000000100e2ad8        0x0 ../neural_bsp//newlib/nios2-elf/lib\libc.a(lib_a-strtol.o)
 .bss           0x00000000100e2ad8        0x0 ../neural_bsp//newlib/nios2-elf/lib\libc.a(lib_a-time.o)
 .bss           0x00000000100e2ad8        0x0 ../neural_bsp//newlib/nios2-elf/lib\libc.a(lib_a-vfprintf.o)
 .bss           0x00000000100e2ad8        0x0 ../neural_bsp//newlib/nios2-elf/lib\libc.a(lib_a-wsetup.o)
 .bss           0x00000000100e2ad8        0x0 ../neural_bsp//newlib/nios2-elf/lib\libc.a(lib_a-ctype_.o)
 .bss           0x00000000100e2ad8        0x0 ../neural_bsp//newlib/nios2-elf/lib\libc.a(lib_a-dtoa.o)
 .bss           0x00000000100e2ad8        0x0 ../neural_bsp//newlib/nios2-elf/lib\libc.a(lib_a-errno.o)
 .bss           0x00000000100e2ad8        0x0 ../neural_bsp//newlib/nios2-elf/lib\libc.a(lib_a-fflush.o)
 .bss           0x00000000100e2ad8        0x0 ../neural_bsp//newlib/nios2-elf/lib\libc.a(lib_a-findfp.o)
 .bss           0x00000000100e2ad8        0x0 ../neural_bsp//newlib/nios2-elf/lib\libc.a(lib_a-freer.o)
 .bss           0x00000000100e2ad8        0x0 ../neural_bsp//newlib/nios2-elf/lib\libc.a(lib_a-fvwrite.o)
 .bss           0x00000000100e2ad8        0x0 ../neural_bsp//newlib/nios2-elf/lib\libc.a(lib_a-fwalk.o)
 .bss           0x00000000100e2ad8        0x0 ../neural_bsp//newlib/nios2-elf/lib\libc.a(lib_a-gettimeofdayr.o)
 .bss           0x00000000100e2ad8        0x0 ../neural_bsp//newlib/nios2-elf/lib\libc.a(lib_a-int_errno.o)
 .bss           0x00000000100e2ad8        0x0 ../neural_bsp//newlib/nios2-elf/lib\libc.a(lib_a-locale.o)
 .bss           0x00000000100e2ad8        0x0 ../neural_bsp//newlib/nios2-elf/lib\libc.a(lib_a-makebuf.o)
 .bss           0x00000000100e2ad8        0x0 ../neural_bsp//newlib/nios2-elf/lib\libc.a(lib_a-memchr.o)
 .bss           0x00000000100e2ad8        0x0 ../neural_bsp//newlib/nios2-elf/lib\libc.a(lib_a-memcpy.o)
 .bss           0x00000000100e2ad8        0x0 ../neural_bsp//newlib/nios2-elf/lib\libc.a(lib_a-memmove.o)
 .bss           0x00000000100e2ad8        0x0 ../neural_bsp//newlib/nios2-elf/lib\libc.a(lib_a-mprec.o)
 .bss           0x00000000100e2ad8        0x0 ../neural_bsp//newlib/nios2-elf/lib\libc.a(lib_a-putc.o)
 .bss           0x00000000100e2ad8        0x0 ../neural_bsp//newlib/nios2-elf/lib\libc.a(lib_a-refill.o)
 .bss           0x00000000100e2ad8        0x0 ../neural_bsp//newlib/nios2-elf/lib\libc.a(lib_a-s_copysign.o)
 .bss           0x00000000100e2ad8        0x0 ../neural_bsp//newlib/nios2-elf/lib\libc.a(lib_a-s_finite.o)
 .bss           0x00000000100e2ad8        0x0 ../neural_bsp//newlib/nios2-elf/lib\libc.a(lib_a-s_fpclassify.o)
 .bss           0x00000000100e2ad8        0x0 ../neural_bsp//newlib/nios2-elf/lib\libc.a(lib_a-stdio.o)
 .bss           0x00000000100e2ad8        0x0 ../neural_bsp//newlib/nios2-elf/lib\libc.a(lib_a-strcmp.o)
 .bss           0x00000000100e2ad8        0x0 ../neural_bsp//newlib/nios2-elf/lib\libc.a(lib_a-vfiprintf.o)
 .bss           0x00000000100e2ad8        0x0 ../neural_bsp//newlib/nios2-elf/lib\libc.a(lib_a-wbuf.o)
 .bss           0x00000000100e2ad8        0x0 ../neural_bsp//newlib/nios2-elf/lib\libc.a(lib_a-writer.o)
 .bss           0x00000000100e2ad8        0x0 ../neural_bsp//newlib/nios2-elf/lib\libc.a(closer.o)
 .bss           0x00000000100e2ad8        0x0 ../neural_bsp//newlib/nios2-elf/lib\libc.a(lib_a-fclose.o)
 .bss           0x00000000100e2ad8        0x0 ../neural_bsp//newlib/nios2-elf/lib\libc.a(lib_a-fputwc.o)
 .bss           0x00000000100e2ad8        0x0 ../neural_bsp//newlib/nios2-elf/lib\libc.a(lib_a-fstatr.o)
 .bss           0x00000000100e2ad8        0x0 ../neural_bsp//newlib/nios2-elf/lib\libc.a(lib_a-isattyr.o)
 .bss           0x00000000100e2ad8        0x0 ../neural_bsp//newlib/nios2-elf/lib\libc.a(lib_a-lseekr.o)
 .bss           0x00000000100e2ad8        0x0 ../neural_bsp//newlib/nios2-elf/lib\libc.a(lib_a-readr.o)
 .bss           0x00000000100e2ad8        0x0 ../neural_bsp//newlib/nios2-elf/lib\libc.a(lib_a-wcrtomb.o)
 .bss           0x00000000100e2ad8        0x0 ../neural_bsp//newlib/nios2-elf/lib\libc.a(lib_a-wctomb_r.o)
 .bss           0x00000000100e2ad8        0x0 c:/altera/16.0/nios2eds/bin/gnu/h-x86_64-mingw32/bin/../lib/gcc/nios2-elf/5.2.0/mno-hw-mul\libgcc.a(_udivdi3.o)
 .bss           0x00000000100e2ad8        0x0 c:/altera/16.0/nios2eds/bin/gnu/h-x86_64-mingw32/bin/../lib/gcc/nios2-elf/5.2.0/mno-hw-mul\libgcc.a(_umoddi3.o)
 .bss           0x00000000100e2ad8        0x0 c:/altera/16.0/nios2eds/bin/gnu/h-x86_64-mingw32/bin/../lib/gcc/nios2-elf/5.2.0/mno-hw-mul\libgcc.a(divdf3.o)
 .bss           0x00000000100e2ad8        0x0 c:/altera/16.0/nios2eds/bin/gnu/h-x86_64-mingw32/bin/../lib/gcc/nios2-elf/5.2.0/mno-hw-mul\libgcc.a(eqdf2.o)
 .bss           0x00000000100e2ad8        0x0 c:/altera/16.0/nios2eds/bin/gnu/h-x86_64-mingw32/bin/../lib/gcc/nios2-elf/5.2.0/mno-hw-mul\libgcc.a(gedf2.o)
 .bss           0x00000000100e2ad8        0x0 c:/altera/16.0/nios2eds/bin/gnu/h-x86_64-mingw32/bin/../lib/gcc/nios2-elf/5.2.0/mno-hw-mul\libgcc.a(fixdfsi.o)
 .bss           0x00000000100e2ad8        0x0 c:/altera/16.0/nios2eds/bin/gnu/h-x86_64-mingw32/bin/../lib/gcc/nios2-elf/5.2.0/mno-hw-mul\libgcc.a(floatsidf.o)
 .bss           0x00000000100e2ad8        0x0 c:/altera/16.0/nios2eds/bin/gnu/h-x86_64-mingw32/bin/../lib/gcc/nios2-elf/5.2.0/mno-hw-mul\libgcc.a(floatunsidf.o)
 .bss           0x00000000100e2ad8        0x0 ../neural_bsp/\libhal_bsp.a(alt_close.o)
 .bss           0x00000000100e2ad8        0x0 ../neural_bsp/\libhal_bsp.a(alt_dev.o)
 .bss           0x00000000100e2ad8        0x0 ../neural_bsp/\libhal_bsp.a(alt_errno.o)
 .bss           0x00000000100e2ad8        0x0 ../neural_bsp/\libhal_bsp.a(alt_fstat.o)
 .bss           0x00000000100e2ad8        0x0 ../neural_bsp/\libhal_bsp.a(alt_gettod.o)
 .bss           0x00000000100e2ad8        0x0 ../neural_bsp/\libhal_bsp.a(alt_isatty.o)
 .bss           0x00000000100e2ad8        0x0 ../neural_bsp/\libhal_bsp.a(alt_load.o)