Archive member included to satisfy reference by file (symbol)

c:/altera/16.0/nios2eds/bin/gnu/h-x86_64-mingw32/bin/../lib/gcc/nios2-elf/5.2.0/mno-hw-mul\libgcc.a(_fixunssfsi.o)
                              obj/default/types.o (__fixunssfsi)
c:/altera/16.0/nios2eds/bin/gnu/h-x86_64-mingw32/bin/../lib/gcc/nios2-elf/5.2.0/mno-hw-mul\libgcc.a(lib2-divmod.o)
                              obj/default/main.o (__modsi3)
c:/altera/16.0/nios2eds/bin/gnu/h-x86_64-mingw32/bin/../lib/gcc/nios2-elf/5.2.0/mno-hw-mul\libgcc.a(addsf3.o)
                              obj/default/formula.o (__addsf3)
c:/altera/16.0/nios2eds/bin/gnu/h-x86_64-mingw32/bin/../lib/gcc/nios2-elf/5.2.0/mno-hw-mul\libgcc.a(divsf3.o)
                              obj/default/main.o (__divsf3)
c:/altera/16.0/nios2eds/bin/gnu/h-x86_64-mingw32/bin/../lib/gcc/nios2-elf/5.2.0/mno-hw-mul\libgcc.a(eqsf2.o)
                              obj/default/main.o (__eqsf2)
c:/altera/16.0/nios2eds/bin/gnu/h-x86_64-mingw32/bin/../lib/gcc/nios2-elf/5.2.0/mno-hw-mul\libgcc.a(gesf2.o)
                              obj/default/main.o (__gesf2)
c:/altera/16.0/nios2eds/bin/gnu/h-x86_64-mingw32/bin/../lib/gcc/nios2-elf/5.2.0/mno-hw-mul\libgcc.a(lesf2.o)
                              obj/default/types.o (__ltsf2)
c:/altera/16.0/nios2eds/bin/gnu/h-x86_64-mingw32/bin/../lib/gcc/nios2-elf/5.2.0/mno-hw-mul\libgcc.a(mulsf3.o)
                              obj/default/formula.o (__mulsf3)
c:/altera/16.0/nios2eds/bin/gnu/h-x86_64-mingw32/bin/../lib/gcc/nios2-elf/5.2.0/mno-hw-mul\libgcc.a(subsf3.o)
                              obj/default/formula.o (__subsf3)
c:/altera/16.0/nios2eds/bin/gnu/h-x86_64-mingw32/bin/../lib/gcc/nios2-elf/5.2.0/mno-hw-mul\libgcc.a(fixsfsi.o)
                              c:/altera/16.0/nios2eds/bin/gnu/h-x86_64-mingw32/bin/../lib/gcc/nios2-elf/5.2.0/mno-hw-mul\libgcc.a(_fixunssfsi.o) (__fixsfsi)
c:/altera/16.0/nios2eds/bin/gnu/h-x86_64-mingw32/bin/../lib/gcc/nios2-elf/5.2.0/mno-hw-mul\libgcc.a(floatsisf.o)
                              obj/default/main.o (__floatsisf)
c:/altera/16.0/nios2eds/bin/gnu/h-x86_64-mingw32/bin/../lib/gcc/nios2-elf/5.2.0/mno-hw-mul\libgcc.a(floatunsisf.o)
                              obj/default/main.o (__floatunsisf)
c:/altera/16.0/nios2eds/bin/gnu/h-x86_64-mingw32/bin/../lib/gcc/nios2-elf/5.2.0/mno-hw-mul\libgcc.a(adddf3.o)
                              obj/default/formula.o (__adddf3)
c:/altera/16.0/nios2eds/bin/gnu/h-x86_64-mingw32/bin/../lib/gcc/nios2-elf/5.2.0/mno-hw-mul\libgcc.a(divdf3.o)
                              obj/default/formula.o (__divdf3)
c:/altera/16.0/nios2eds/bin/gnu/h-x86_64-mingw32/bin/../lib/gcc/nios2-elf/5.2.0/mno-hw-mul\libgcc.a(ledf2.o)
                              obj/default/main.o (__ltdf2)
c:/altera/16.0/nios2eds/bin/gnu/h-x86_64-mingw32/bin/../lib/gcc/nios2-elf/5.2.0/mno-hw-mul\libgcc.a(muldf3.o)
                              obj/default/types.o (__muldf3)
c:/altera/16.0/nios2eds/bin/gnu/h-x86_64-mingw32/bin/../lib/gcc/nios2-elf/5.2.0/mno-hw-mul\libgcc.a(subdf3.o)
                              obj/default/types.o (__subdf3)
c:/altera/16.0/nios2eds/bin/gnu/h-x86_64-mingw32/bin/../lib/gcc/nios2-elf/5.2.0/mno-hw-mul\libgcc.a(extendsfdf2.o)
                              obj/default/formula.o (__extendsfdf2)
c:/altera/16.0/nios2eds/bin/gnu/h-x86_64-mingw32/bin/../lib/gcc/nios2-elf/5.2.0/mno-hw-mul\libgcc.a(truncdfsf2.o)
                              obj/default/formula.o (__truncdfsf2)
c:/altera/16.0/nios2eds/bin/gnu/h-x86_64-mingw32/bin/../lib/gcc/nios2-elf/5.2.0/mno-hw-mul\libgcc.a(_clzsi2.o)
                              c:/altera/16.0/nios2eds/bin/gnu/h-x86_64-mingw32/bin/../lib/gcc/nios2-elf/5.2.0/mno-hw-mul\libgcc.a(addsf3.o) (__clzsi2)
c:/altera/16.0/nios2eds/bin/gnu/h-x86_64-mingw32/bin/../lib/gcc/nios2-elf/5.2.0/mno-hw-mul\libgcc.a(lib2-mul.o)
                              c:/altera/16.0/nios2eds/bin/gnu/h-x86_64-mingw32/bin/../lib/gcc/nios2-elf/5.2.0/mno-hw-mul\libgcc.a(mulsf3.o) (__mulsi3)
c:/altera/16.0/nios2eds/bin/gnu/h-x86_64-mingw32/bin/../lib/gcc/nios2-elf/5.2.0/mno-hw-mul\libgcc.a(_clz.o)
                              c:/altera/16.0/nios2eds/bin/gnu/h-x86_64-mingw32/bin/../lib/gcc/nios2-elf/5.2.0/mno-hw-mul\libgcc.a(_clzsi2.o) (__clz_tab)
../neural_bsp//newlib/nios2-elf/lib\libc.a(lib_a-atoi.o)
                              obj/default/main.o (atoi)
../neural_bsp//newlib/nios2-elf/lib\libc.a(lib_a-calloc.o)
                              obj/default/types.o (calloc)
../neural_bsp//newlib/nios2-elf/lib\libc.a(lib_a-callocr.o)
                              ../neural_bsp//newlib/nios2-elf/lib\libc.a(lib_a-calloc.o) (_calloc_r)
../neural_bsp//newlib/nios2-elf/lib\libc.a(lib_a-drand48.o)
                              obj/default/types.o (drand48)
../neural_bsp//newlib/nios2-elf/lib\libc.a(lib_a-erand48.o)
                              ../neural_bsp//newlib/nios2-elf/lib\libc.a(lib_a-drand48.o) (_erand48_r)
../neural_bsp//newlib/nios2-elf/lib\libc.a(lib_a-getc.o)
[...]
Memory Configuration

Name             Origin             Length             Attributes
onchip_memory2_0 0x0000000000000000 0x0000000000000010
reset            0x0000000010000000 0x0000000000000020
sdram            0x0000000010000020 0x0000000007ffffe0
*default*        0x0000000000000000 0xffffffffffffffff

Linker script and memory map

LOAD ../neural_bsp//obj/HAL/src/crt0.o
LOAD obj/default/formula.o
LOAD obj/default/main.o
LOAD obj/default/types.o
LOAD c:/altera/16.0/nios2eds/bin/gnu/h-x86_64-mingw32/bin/../lib/gcc/nios2-elf/5.2.0/../../../../../H-x86_64-mingw32/nios2-elf/lib/mno-hw-mul\libstdc++.a
LOAD ../neural_bsp//newlib/nios2-elf/lib\libm.a
LOAD c:/altera/16.0/nios2eds/bin/gnu/h-x86_64-mingw32/bin/../lib/gcc/nios2-elf/5.2.0/mno-hw-mul\libgcc.a
START GROUP
LOAD ../neural_bsp//newlib/nios2-elf/lib\libc.a
LOAD c:/altera/16.0/nios2eds/bin/gnu/h-x86_64-mingw32/bin/../lib/gcc/nios2-elf/5.2.0/mno-hw-mul\libgcc.a
LOAD ../neural_bsp/\libhal_bsp.a
LOAD ../neural_bsp//newlib/nios2-elf/lib\libm.a
END GROUP
LOAD c:/altera/16.0/nios2eds/bin/gnu/h-x86_64-mingw32/bin/../lib/gcc/nios2-elf/5.2.0/mno-hw-mul\libgcc.a
                0x0000000000000000                __alt_mem_onchip_memory2_0 = 0x0
                0x0000000010000000                __alt_mem_sdram = 0x10000000

.entry          0x0000000010000000       0x20
 *(.entry)
 .entry         0x0000000010000000       0x20 ../neural_bsp//obj/HAL/src/crt0.o
                0x0000000010000000                __reset

.exceptions     0x0000000010000020      0x210
                0x0000000010000020                PROVIDE (__ram_exceptions_start, ABSOLUTE (.))
                0x0000000010000020                . = ALIGN (0x20)
 *(.irq)
 *(.exceptions.entry.label)
 .exceptions.entry.label
                0x0000000010000020        0x0 ../neural_bsp/\libhal_bsp.a(alt_irq_entry.o)
                0x0000000010000020                alt_irq_entry
 .exceptions.entry.label
                0x0000000010000020        0x0 ../neural_bsp/\libhal_bsp.a(alt_exception_entry.o)
                0x0000000010000020                alt_exception
 *(.exceptions.entry.user)
 *(.exceptions.entry.ecc_fatal)
 *(.exceptions.entry)
 .exceptions.entry
                0x0000000010000020       0x54 ../neural_bsp/\libhal_bsp.a(alt_exception_entry.o)
 *(.exceptions.irqtest.user)
 *(.exceptions.irqtest)
 .exceptions.irqtest
                0x0000000010000074       0x10 ../neural_bsp/\libhal_bsp.a(alt_irq_entry.o)
 *(.exceptions.irqhandler.user)
 *(.exceptions.irqhandler)
 .exceptions.irqhandler
                0x0000000010000084        0x4 ../neural_bsp/\libhal_bsp.a(alt_irq_entry.o)
 *(.exceptions.irqreturn.user)
 *(.exceptions.irqreturn)
 .exceptions.irqreturn
                0x0000000010000088        0x4 ../neural_bsp/\libhal_bsp.a(alt_irq_entry.o)
 *(.exceptions.notirq.label)
 .exceptions.notirq.label
                0x000000001000008c        0x0 ../neural_bsp/\libhal_bsp.a(alt_irq_entry.o)
 *(.exceptions.notirq.user)
 *(.exceptions.notirq)
 .exceptions.notirq
                0x000000001000008c        0x8 ../neural_bsp/\libhal_bsp.a(alt_exception_entry.o)
 *(.exceptions.soft.user)
 *(.exceptions.soft)
 *(.exceptions.unknown.user)
 *(.exceptions.unknown)
 .exceptions.unknown
                0x0000000010000094       0x14 ../neural_bsp/\libhal_bsp.a(alt_exception_entry.o)
 *(.exceptions.exit.label)
 .exceptions.exit.label
                0x00000000100000a8        0x0 ../neural_bsp/\libhal_bsp.a(alt_irq_entry.o)
 .exceptions.exit.label
                0x00000000100000a8        0x0 ../neural_bsp/\libhal_bsp.a(alt_exception_entry.o)
 *(.exceptions.exit.user)
 *(.exceptions.exit)
 .exceptions.exit
                0x00000000100000a8       0x54 ../neural_bsp/\libhal_bsp.a(alt_exception_entry.o)
 *(.exceptions)
 .exceptions    0x00000000100000fc       0xd4 ../neural_bsp/\libhal_bsp.a(alt_irq_handler.o)
                0x00000000100000fc                alt_irq_handler
 .exceptions    0x00000000100001d0       0x60 ../neural_bsp/\libhal_bsp.a(alt_instruction_exception_entry.o)
                0x00000000100001d0                alt_instruction_exception_entry
                0x0000000010000230                PROVIDE (__ram_exceptions_end, ABSOLUTE (.))
                0x0000000010000020                PROVIDE (__flash_exceptions_start, LOADADDR (.exceptions))

.text           0x0000000010000230    0x18730
                [!provide]                        PROVIDE (stext, ABSOLUTE (.))
 *(.interp)
 *(.hash)
 *(.dynsym)
 *(.dynstr)
 *(.gnu.version)
 *(.gnu.version_d)
 *(.gnu.version_r)
 *(.rel.init)
 *(.rela.init)
 *(.rel.text .rel.text.* .rel.gnu.linkonce.t.*)
 *(.rela.text .rela.text.* .rela.gnu.linkonce.t.*)
 *(.rel.fini)
 *(.rela.fini)
 *(.rel.rodata .rel.rodata.* .rel.gnu.linkonce.r.*)
 *(.rela.rodata .rela.rodata.* .rela.gnu.linkonce.r.*)
 *(.rel.data .rel.data.* .rel.gnu.linkonce.d.*)
 *(.rela.data .rela.data.* .rela.gnu.linkonce.d.*)
 *(.rel.tdata .rel.tdata.* .rel.gnu.linkonce.td.*)
 *(.rela.tdata .rela.tdata.* .rela.gnu.linkonce.td.*)
 *(.rel.tbss .rel.tbss.* .rel.gnu.linkonce.tb.*)
 *(.rela.tbss .rela.tbss.* .rela.gnu.linkonce.tb.*)
 *(.rel.ctors)
 *(.rela.ctors)
 *(.rel.dtors)
 *(.rela.dtors)
 *(.rel.got)
 *(.rela.got)
 *(.rel.sdata .rel.sdata.* .rel.gnu.linkonce.s.*)
 *(.rela.sdata .rela.sdata.* .rela.gnu.linkonce.s.*)
 *(.rel.sbss .rel.sbss.* .rel.gnu.linkonce.sb.*)
 *(.rela.sbss .rela.sbss.* .rela.gnu.linkonce.sb.*)
 *(.rel.sdata2 .rel.sdata2.* .rel.gnu.linkonce.s2.*)
 *(.rela.sdata2 .rela.sdata2.* .rela.gnu.linkonce.s2.*)
 *(.rel.sbss2 .rel.sbss2.* .rel.gnu.linkonce.sb2.*)
 *(.rela.sbss2 .rela.sbss2.* .rela.gnu.linkonce.sb2.*)
 *(.rel.bss .rel.bss.* .rel.gnu.linkonce.b.*)
 *(.rela.bss .rela.bss.* .rela.gnu.linkonce.b.*)
 *(.rel.plt)
 *(.rela.plt)
 *(.rel.dyn)
 *(.init)
 *(.plt)
 *(.text .stub .text.* .gnu.linkonce.t.*)
 .text          0x0000000010000230       0x3c ../neural_bsp//obj/HAL/src/crt0.o
                0x0000000010000230                _start
 .text          0x000000001000026c      0x488 obj/default/formula.o
                0x000000001000026c                sigmoid
                0x000000001000047c                inv_sigmoid
                0x00000000100004f0                err
                0x0000000010000578                inv_err
                0x00000000100005bc                debug
 .text          0x00000000100006f4      0x888 obj/default/main.o
                0x00000000100006f4                parse_training_data
                0x000000001000084c                parse_testing_data
                0x0000000010000980                main
 .text          0x0000000010000f7c     0x15bc obj/default/types.o
                0x0000000010000f7c                init_array
                0x0000000010000ff0                insert_array
                0x00000000100010e8                get_array_value
                0x0000000010001148                free_array
                0x000000001000119c                print_array
                0x0000000010001240                print_float_array
                0x00000000100012d0                dot_product_1
                0x00000000100013e4                dot_product_2
                0x00000000100014b4                init_layer_1
                0x0000000010001768                eval_layer_1
                0x00000000100018a4                backprop_layer_1
                0x0000000010001ba0                free_layer_1
                0x0000000010001d0c                init_layer_2
                0x0000000010002000                eval_layer_2
                0x000000001000211c                backprop_layer_2
                0x00000000100023d4                free_layer_2
 .text          0x0000000010002538       0x60 c:/altera/16.0/nios2eds/bin/gnu/h-x86_64-mingw32/bin/../lib/gcc/nios2-elf/5.2.0/mno-hw-mul\libgcc.a(_fixunssfsi.o)
                0x0000000010002538                __fixunssfsi
 .text          0x0000000010002598      0x1b4 c:/altera/16.0/nios2eds/bin/gnu/h-x86_64-mingw32/bin/../lib/gcc/nios2-elf/5.2.0/mno-hw-mul\libgcc.a(lib2-divmod.o)
                0x0000000010002598                __divsi3
                0x000000001000261c                __modsi3
                0x0000000010002690                __udivsi3
                0x00000000100026f4                __umodsi3
 .text          0x000000001000274c      0x4c8 c:/altera/16.0/nios2eds/bin/gnu/h-x86_64-mingw32/bin/../lib/gcc/nios2-elf/5.2.0/mno-hw-mul\libgcc.a(addsf3.o)
                0x000000001000274c                __addsf3
 .text          0x0000000010002c14      0x440 c:/altera/16.0/nios2eds/bin/gnu/h-x86_64-mingw32/bin/../lib/gcc/nios2-elf/5.2.0/mno-hw-mul\libgcc.a(divsf3.o)
                0x0000000010002c14                __divsf3
 .text          0x0000000010003054       0x78 c:/altera/16.0/nios2eds/bin/gnu/h-x86_64-mingw32/bin/../lib/gcc/nios2-elf/5.2.0/mno-hw-mul\libgcc.a(eqsf2.o)
                0x0000000010003054                __eqsf2
                0x0000000010003054                __nesf2
 .text          0x00000000100030cc       0xbc c:/altera/16.0/nios2eds/bin/gnu/h-x86_64-mingw32/bin/../lib/gcc/nios2-elf/5.2.0/mno-hw-mul\libgcc.a(gesf2.o)
                0x00000000100030cc                __gesf2
                0x00000000100030cc                __gtsf2
 .text          0x0000000010003188       0xc8 c:/altera/16.0/nios2eds/bin/gnu/h-x86_64-mingw32/bin/../lib/gcc/nios2-elf/5.2.0/mno-hw-mul\libgcc.a(lesf2.o)
                0x0000000010003188                __ltsf2
                0x0000000010003188                __lesf2
 .text          0x0000000010003250      0x430 c:/altera/16.0/nios2eds/bin/gnu/h-x86_64-mingw32/bin/../lib/gcc/nios2-elf/5.2.0/mno-hw-mul\libgcc.a(mulsf3.o)
                0x0000000010003250                __mulsf3
 .text          0x0000000010003680      0x4e4 c:/altera/16.0/nios2eds/bin/gnu/h-x86_64-mingw32/bin/../lib/gcc/nios2-elf/5.2.0/mno-hw-mul\libgcc.a(subsf3.o)
                0x0000000010003680                __subsf3
 .text          0x0000000010003b64       0x70 c:/altera/16.0/nios2eds/bin/gnu/h-x86_64-mingw32/bin/../lib/gcc/nios2-elf/5.2.0/mno-hw-mul\libgcc.a(fixsfsi.o)
                0x0000000010003b64                __fixsfsi
 .text          0x0000000010003bd4      0x124 c:/altera/16.0/nios2eds/bin/gnu/h-x86_64-mingw32/bin/../lib/gcc/nios2-elf/5.2.0/mno-hw-mul\libgcc.a(floatsisf.o)
                0x0000000010003bd4                __floatsisf
 .text          0x0000000010003cf8       0xf0 c:/altera/16.0/nios2eds/bin/gnu/h-x86_64-mingw32/bin/../lib/gcc/nios2-elf/5.2.0/mno-hw-mul\libgcc.a(floatunsisf.o)
                0x0000000010003cf8                __floatunsisf
 .text          0x0000000010003de8      0x8ac c:/altera/16.0/nios2eds/bin/gnu/h-x86_64-mingw32/bin/../lib/gcc/nios2-elf/5.2.0/mno-hw-mul\libgcc.a(adddf3.o)
                0x0000000010003de8                __adddf3
 .text          0x0000000010004694      0x9d0 c:/altera/16.0/nios2eds/bin/gnu/h-x86_64-mingw32/bin/../lib/gcc/nios2-elf/5.2.0/mno-hw-mul\libgcc.a(divdf3.o)
                0x0000000010004694                __divdf3
 .text          0x0000000010005064       0xf4 c:/altera/16.0/nios2eds/bin/gnu/h-x86_64-mingw32/bin/../lib/gcc/nios2-elf/5.2.0/mno-hw-mul\libgcc.a(ledf2.o)
                0x0000000010005064                __ledf2
                0x0000000010005064                __ltdf2
 .text          0x0000000010005158      0x868 c:/altera/16.0/nios2eds/bin/gnu/h-x86_64-mingw32/bin/../lib/gcc/nios2-elf/5.2.0/mno-hw-mul\libgcc.a(muldf3.o)
                0x0000000010005158                __muldf3
 .text          0x00000000100059c0      0x8fc c:/altera/16.0/nios2eds/bin/gnu/h-x86_64-mingw32/bin/../lib/gcc/nios2-elf/5.2.0/mno-hw-mul\libgcc.a(subdf3.o)
                0x00000000100059c0                __subdf3
 .text          0x00000000100062bc      0x110 c:/altera/16.0/nios2eds/bin/gnu/h-x86_64-mingw32/bin/../lib/gcc/nios2-elf/5.2.0/mno-hw-mul\libgcc.a(extendsfdf2.o)
                0x00000000100062bc                __extendsfdf2
 .text          0x00000000100063cc      0x1a8 c:/altera/16.0/nios2eds/bin/gnu/h-x86_64-mingw32/bin/../lib/gcc/nios2-elf/5.2.0/mno-hw-mul\libgcc.a(truncdfsf2.o)
                0x00000000100063cc                __truncdfsf2
 .text          0x0000000010006574       0x64 c:/altera/16.0/nios2eds/bin/gnu/h-x86_64-mingw32/bin/../lib/gcc/nios2-elf/5.2.0/mno-hw-mul\libgcc.a(_clzsi2.o)
                0x0000000010006574                __clzsi2
 .text          0x00000000100065d8       0x28 c:/altera/16.0/nios2eds/bin/gnu/h-x86_64-mingw32/bin/../lib/gcc/nios2-elf/5.2.0/mno-hw-mul\libgcc.a(lib2-mul.o)
                0x00000000100065d8                __mulsi3
 .text          0x0000000010006600        0x0 c:/altera/16.0/nios2eds/bin/gnu/h-x86_64-mingw32/bin/../lib/gcc/nios2-elf/5.2.0/mno-hw-mul\libgcc.a(_clz.o)
 .text          0x0000000010006600        0x0 ../neural_bsp//newlib/nios2-elf/lib\libc.a(lib_a-atoi.o)
 .text.atoi     0x0000000010006600       0x38 ../neural_bsp//newlib/nios2-elf/lib\libc.a(lib_a-atoi.o)
                0x0000000010006600                atoi
 .text._atoi_r  0x0000000010006638       0x40 ../neural_bsp//newlib/nios2-elf/lib\libc.a(lib_a-atoi.o)
                0x0000000010006638                _atoi_r
 .text          0x0000000010006678        0x0 ../neural_bsp//newlib/nios2-elf/lib\libc.a(lib_a-calloc.o)
 .text.calloc   0x0000000010006678       0x48 ../neural_bsp//newlib/nios2-elf/lib\libc.a(lib_a-calloc.o)
                0x0000000010006678                calloc
 .text          0x00000000100066c0        0x0 ../neural_bsp//newlib/nios2-elf/lib\libc.a(lib_a-callocr.o)
 .text._calloc_r
                0x00000000100066c0      0x164 ../neural_bsp//newlib/nios2-elf/lib\libc.a(lib_a-callocr.o)
                0x00000000100066c0                _calloc_r
 .text          0x0000000010006824        0x0 ../neural_bsp//newlib/nios2-elf/lib\libc.a(lib_a-drand48.o)
 .text._drand48_r
                0x0000000010006824       0x54 ../neural_bsp//newlib/nios2-elf/lib\libc.a(lib_a-drand48.o)
                0x0000000010006824                _drand48_r
 .text.drand48  0x0000000010006878       0x50 ../neural_bsp//newlib/nios2-elf/lib\libc.a(lib_a-drand48.o)
                0x0000000010006878                drand48
 .text          0x00000000100068c8        0x0 ../neural_bsp//newlib/nios2-elf/lib\libc.a(lib_a-erand48.o)
 .text._erand48_r
                0x00000000100068c8      0x144 ../neural_bsp//newlib/nios2-elf/lib\libc.a(lib_a-erand48.o)
                0x00000000100068c8                _erand48_r
 .text.erand48  0x0000000010006a0c       0x58 ../neural_bsp//newlib/nios2-elf/lib\libc.a(lib_a-erand48.o)
                0x0000000010006a0c                erand48
 .text          0x0000000010006a64        0x0 ../neural_bsp//newlib/nios2-elf/lib\libc.a(lib_a-getc.o)
 .text._getc_r  0x0000000010006a64       0x98 ../neural_bsp//newlib/nios2-elf/lib\libc.a(lib_a-getc.o)
                0x0000000010006a64                _getc_r
 .text.getc     0x0000000010006afc       0xa4 ../neural_bsp//newlib/nios2-elf/lib\libc.a(lib_a-getc.o)
                0x0000000010006afc                getc
 .text          0x0000000010006ba0        0x0 ../neural_bsp//newlib/nios2-elf/lib\libc.a(lib_a-impure.o)
 .text          0x0000000010006ba0        0x0 ../neural_bsp//newlib/nios2-elf/lib\libc.a(lib_a-malloc.o)
 .text.malloc   0x0000000010006ba0       0x40 ../neural_bsp//newlib/nios2-elf/lib\libc.a(lib_a-malloc.o)
                0x0000000010006ba0                malloc
 .text.free     0x0000000010006be0       0x44 ../neural_bsp//newlib/nios2-elf/lib\libc.a(lib_a-malloc.o)
                0x0000000010006be0                free
 .text          0x0000000010006c24        0x0 ../neural_bsp//newlib/nios2-elf/lib\libc.a(lib_a-mallocr.o)
 .text.malloc_extend_top
                0x0000000010006c24      0x3b4 ../neural_bsp//newlib/nios2-elf/lib\libc.a(lib_a-mallocr.o)
 .text._malloc_r
                0x0000000010006fd8      0xb7c ../neural_bsp//newlib/nios2-elf/lib\libc.a(lib_a-mallocr.o)
                0x0000000010006fd8                _malloc_r
 .text          0x0000000010007b54        0x0 ../neural_bsp//newlib/nios2-elf/lib\libc.a(lib_a-memset.o)
 .text.memset   0x0000000010007b54      0x1c4 ../neural_bsp//newlib/nios2-elf/lib\libc.a(lib_a-memset.o)
                0x0000000010007b54                memset
 .text          0x0000000010007d18        0x0 ../neural_bsp//newlib/nios2-elf/lib\libc.a(lib_a-printf.o)
 .text._printf_r
                0x0000000010007d18       0x64 ../neural_bsp//newlib/nios2-elf/lib\libc.a(lib_a-printf.o)
                0x0000000010007d18                _printf_r
 .text.printf   0x0000000010007d7c       0x78 ../neural_bsp//newlib/nios2-elf/lib\libc.a(lib_a-printf.o)
                0x0000000010007d7c                printf
 .text          0x0000000010007df4        0x0 ../neural_bsp//newlib/nios2-elf/lib\libc.a(lib_a-putchar.o)
 .text._putchar_r
                0x0000000010007df4       0x44 ../neural_bsp//newlib/nios2-elf/lib\libc.a(lib_a-putchar.o)
                0x0000000010007df4                _putchar_r
 .text.putchar  0x0000000010007e38       0x50 ../neural_bsp//newlib/nios2-elf/lib\libc.a(lib_a-putchar.o)
                0x0000000010007e38                putchar
 .text          0x0000000010007e88        0x0 ../neural_bsp//newlib/nios2-elf/lib\libc.a(lib_a-puts.o)
 .text._puts_r  0x0000000010007e88      0x118 ../neural_bsp//newlib/nios2-elf/lib\libc.a(lib_a-puts.o)
                0x0000000010007e88                _puts_r
 .text.puts     0x0000000010007fa0       0x40 ../neural_bsp//newlib/nios2-elf/lib\libc.a(lib_a-puts.o)
                0x0000000010007fa0                puts
 .text          0x0000000010007fe0        0x0 ../neural_bsp//newlib/nios2-elf/lib\libc.a(lib_a-rand48.o)
 .text.__dorand48
                0x0000000010007fe0      0x1b8 ../neural_bsp//newlib/nios2-elf/lib\libc.a(lib_a-rand48.o)
                0x0000000010007fe0                __dorand48
 .text          0x0000000010008198        0x0 ../neural_bsp//newlib/nios2-elf/lib\libc.a(lib_a-realloc.o)
 .text.realloc  0x0000000010008198       0x48 ../neural_bsp//newlib/nios2-elf/lib\libc.a(lib_a-realloc.o)
                0x0000000010008198                realloc
 .text          0x00000000100081e0        0x0 ../neural_bsp//newlib/nios2-elf/lib\libc.a(lib_a-reallocr.o)
 .text._realloc_r
                0x00000000100081e0      0xbf0 ../neural_bsp//newlib/nios2-elf/lib\libc.a(lib_a-reallocr.o)
                0x00000000100081e0                _realloc_r
 .text          0x0000000010008dd0        0x0 ../neural_bsp//newlib/nios2-elf/lib\libc.a(lib_a-rget.o)
 .text.__srget_r
                0x0000000010008dd0       0x90 ../neural_bsp//newlib/nios2-elf/lib\libc.a(lib_a-rget.o)
                0x0000000010008dd0                __srget_r
 .text.__srget  0x0000000010008e60       0x40 ../neural_bsp//newlib/nios2-elf/lib\libc.a(lib_a-rget.o)
                0x0000000010008e60                __srget
 .text          0x0000000010008ea0        0x0 ../neural_bsp//newlib/nios2-elf/lib\libc.a(lib_a-s_ldexp.o)
 .text.ldexp    0x0000000010008ea0       0xcc ../neural_bsp//newlib/nios2-elf/lib\libc.a(lib_a-s_ldexp.o)
                0x0000000010008ea0                ldexp
 .text          0x0000000010008f6c        0x0 ../neural_bsp//newlib/nios2-elf/lib\libc.a(lib_a-s_scalbn.o)
 .text.scalbn   0x0000000010008f6c      0x3a8 ../neural_bsp//newlib/nios2-elf/lib\libc.a(lib_a-s_scalbn.o)
                0x0000000010008f6c                scalbn
 .text          0x0000000010009314        0x0 ../neural_bsp//newlib/nios2-elf/lib\libc.a(lib_a-sbrkr.o)
 .text._sbrk_r  0x0000000010009314       0x78 ../neural_bsp//newlib/nios2-elf/lib\libc.a(lib_a-sbrkr.o)
                0x0000000010009314                _sbrk_r
 .text          0x000000001000938c        0x0 ../neural_bsp//newlib/nios2-elf/lib\libc.a(lib_a-srand48.o)
 .text._srand48_r
                0x000000001000938c       0x88 ../neural_bsp//newlib/nios2-elf/lib\libc.a(lib_a-srand48.o)
                0x000000001000938c                _srand48_r
 .text.srand48  0x0000000010009414       0x44 ../neural_bsp//newlib/nios2-elf/lib\libc.a(lib_a-srand48.o)
                0x0000000010009414                srand48
 .text          0x0000000010009458        0x0 ../neural_bsp//newlib/nios2-elf/lib\libc.a(lib_a-strlen.o)
 .text.strlen   0x0000000010009458       0xf4 ../neural_bsp//newlib/nios2-elf/lib\libc.a(lib_a-strlen.o)
                0x0000000010009458                strlen
 .text          0x000000001000954c        0x0 ../neural_bsp//newlib/nios2-elf/lib\libc.a(lib_a-strtol.o)
 .text._strtol_r
                0x000000001000954c      0x2ec ../neural_bsp//newlib/nios2-elf/lib\libc.a(lib_a-strtol.o)
                0x000000001000954c                _strtol_r
 .text.strtol   0x0000000010009838       0x50 ../neural_bsp//newlib/nios2-elf/lib\libc.a(lib_a-strtol.o)
                0x0000000010009838                strtol
 .text          0x0000000010009888        0x0 ../neural_bsp//newlib/nios2-elf/lib\libc.a(lib_a-time.o)
 .text.time     0x0000000010009888       0x68 ../neural_bsp//newlib/nios2-elf/lib\libc.a(lib_a-time.o)
                0x0000000010009888                time
 .text          0x00000000100098f0        0x0 ../neural_bsp//newlib/nios2-elf/lib\libc.a(lib_a-vfprintf.o)
 .text.__sbprintf
                0x00000000100098f0       0xf0 ../neural_bsp//newlib/nios2-elf/lib\libc.a(lib_a-vfprintf.o)
 .text.__vfprintf_internal
                0x00000000100099e0       0x58 ../neural_bsp//newlib/nios2-elf/lib\libc.a(lib_a-vfprintf.o)
                0x00000000100099e0                __vfprintf_internal
 .text.___vfprintf_internal_r
                0x0000000010009a38     0x20e8 ../neural_bsp//newlib/nios2-elf/lib\libc.a(lib_a-vfprintf.o)
                0x0000000010009a38                ___vfprintf_internal_r
 .text.cvt      0x000000001000bb20      0x20c ../neural_bsp//newlib/nios2-elf/lib\libc.a(lib_a-vfprintf.o)
 .text.exponent
                0x000000001000bd2c      0x140 ../neural_bsp//newlib/nios2-elf/lib\libc.a(lib_a-vfprintf.o)
 .text          0x000000001000be6c        0x0 ../neural_bsp//newlib/nios2-elf/lib\libc.a(lib_a-wsetup.o)
 .text.__swsetup_r
                0x000000001000be6c      0x1a8 ../neural_bsp//newlib/nios2-elf/lib\libc.a(lib_a-wsetup.o)
                0x000000001000be6c                __swsetup_r
 .text          0x000000001000c014        0x0 ../neural_bsp//newlib/nios2-elf/lib\libc.a(lib_a-ctype_.o)
 .text          0x000000001000c014        0x0 ../neural_bsp//newlib/nios2-elf/lib\libc.a(lib_a-dtoa.o)
 .text.quorem   0x000000001000c014      0x3c4 ../neural_bsp//newlib/nios2-elf/lib\libc.a(lib_a-dtoa.o)
 .text._dtoa_r  0x000000001000c3d8     0x1b78 ../neural_bsp//newlib/nios2-elf/lib\libc.a(lib_a-dtoa.o)
                0x000000001000c3d8                _dtoa_r
 .text          0x000000001000df50        0x0 ../neural_bsp//newlib/nios2-elf/lib\libc.a(lib_a-errno.o)
 .text.__errno  0x000000001000df50       0x28 ../neural_bsp//newlib/nios2-elf/lib\libc.a(lib_a-errno.o)
                0x000000001000df50                __errno
 .text          0x000000001000df78        0x0 ../neural_bsp//newlib/nios2-elf/lib\libc.a(lib_a-fflush.o)
 .text.__sflush_r
                0x000000001000df78      0x304 ../neural_bsp//newlib/nios2-elf/lib\libc.a(lib_a-fflush.o)
                0x000000001000df78                __sflush_r
 .text._fflush_r
                0x000000001000e27c       0x88 ../neural_bsp//newlib/nios2-elf/lib\libc.a(lib_a-fflush.o)
                0x000000001000e27c                _fflush_r
 .text.fflush   0x000000001000e304       0x64 ../neural_bsp//newlib/nios2-elf/lib\libc.a(lib_a-fflush.o)
                0x000000001000e304                fflush
 .text          0x000000001000e368        0x0 ../neural_bsp//newlib/nios2-elf/lib\libc.a(lib_a-findfp.o)
 .text.std      0x000000001000e368       0xf4 ../neural_bsp//newlib/nios2-elf/lib\libc.a(lib_a-findfp.o)
 .text.__sfmoreglue
                0x000000001000e45c       0xbc ../neural_bsp//newlib/nios2-elf/lib\libc.a(lib_a-findfp.o)
                0x000000001000e45c                __sfmoreglue
 .text.__sfp    0x000000001000e518      0x1ac ../neural_bsp//newlib/nios2-elf/lib\libc.a(lib_a-findfp.o)
                0x000000001000e518                __sfp
 .text._cleanup_r
                0x000000001000e6c4       0x44 ../neural_bsp//newlib/nios2-elf/lib\libc.a(lib_a-findfp.o)
                0x000000001000e6c4                _cleanup_r
 .text._cleanup
                0x000000001000e708       0x3c ../neural_bsp//newlib/nios2-elf/lib\libc.a(lib_a-findfp.o)
                0x000000001000e708                _cleanup
 .text.__sinit  0x000000001000e744       0xd8 ../neural_bsp//newlib/nios2-elf/lib\libc.a(lib_a-findfp.o)
                0x000000001000e744                __sinit
 .text.__sfp_lock_acquire
                0x000000001000e81c       0x20 ../neural_bsp//newlib/nios2-elf/lib\libc.a(lib_a-findfp.o)
                0x000000001000e81c                __sfp_lock_acquire
 .text.__sfp_lock_release
                0x000000001000e83c       0x20 ../neural_bsp//newlib/nios2-elf/lib\libc.a(lib_a-findfp.o)
                0x000000001000e83c                __sfp_lock_release
 .text.__sinit_lock_acquire
                0x000000001000e85c       0x20 ../neural_bsp//newlib/nios2-elf/lib\libc.a(lib_a-findfp.o)
                0x000000001000e85c                __sinit_lock_acquire
 .text.__sinit_lock_release
                0x000000001000e87c       0x20 ../neural_bsp//newlib/nios2-elf/lib\libc.a(lib_a-findfp.o)
                0x000000001000e87c                __sinit_lock_release
 .text.__fp_lock
                0x000000001000e89c       0x24 ../neural_bsp//newlib/nios2-elf/lib\libc.a(lib_a-findfp.o)
 .text.__fp_unlock
                0x000000001000e8c0       0x24 ../neural_bsp//newlib/nios2-elf/lib\libc.a(lib_a-findfp.o)
 .text.__fp_lock_all
                0x000000001000e8e4       0x48 ../neural_bsp//newlib/nios2-elf/lib\libc.a(lib_a-findfp.o)
                0x000000001000e8e4                __fp_lock_all
 .text.__fp_unlock_all
                0x000000001000e92c       0x48 ../neural_bsp//newlib/nios2-elf/lib\libc.a(lib_a-findfp.o)
                0x000000001000e92c                __fp_unlock_all
 .text          0x000000001000e974        0x0 ../neural_bsp//newlib/nios2-elf/lib\libc.a(lib_a-freer.o)
 .text._free_r  0x000000001000e974      0x570 ../neural_bsp//newlib/nios2-elf/lib\libc.a(lib_a-freer.o)
                0x000000001000e974                _free_r
 .text._malloc_trim_r
                0x000000001000eee4      0x1d8 ../neural_bsp//newlib/nios2-elf/lib\libc.a(lib_a-freer.o)
                0x000000001000eee4                _malloc_trim_r
 .text          0x000000001000f0bc        0x0 ../neural_bsp//newlib/nios2-elf/lib\libc.a(lib_a-fvwrite.o)
 .text.__sfvwrite_r
                0x000000001000f0bc      0x5e8 ../neural_bsp//newlib/nios2-elf/lib\libc.a(lib_a-fvwrite.o)
                0x000000001000f0bc                __sfvwrite_r
 .text          0x000000001000f6a4        0x0 ../neural_bsp//newlib/nios2-elf/lib\libc.a(lib_a-fwalk.o)
 .text._fwalk   0x000000001000f6a4       0xd8 ../neural_bsp//newlib/nios2-elf/lib\libc.a(lib_a-fwalk.o)
                0x000000001000f6a4                _fwalk
 .text._fwalk_reent
                0x000000001000f77c       0xdc ../neural_bsp//newlib/nios2-elf/lib\libc.a(lib_a-fwalk.o)
                0x000000001000f77c                _fwalk_reent
 .text          0x000000001000f858        0x0 ../neural_bsp//newlib/nios2-elf/lib\libc.a(lib_a-gettimeofdayr.o)
 .text._gettimeofday_r
                0x000000001000f858       0x80 ../neural_bsp//newlib/nios2-elf/lib\libc.a(lib_a-gettimeofdayr.o)
                0x000000001000f858                _gettimeofday_r
 .text          0x000000001000f8d8        0x0 ../neural_bsp//newlib/nios2-elf/lib\libc.a(lib_a-int_errno.o)
 .text          0x000000001000f8d8        0x0 ../neural_bsp//newlib/nios2-elf/lib\libc.a(lib_a-locale.o)
 .text._setlocale_r
                0x000000001000f8d8       0x84 ../neural_bsp//newlib/nios2-elf/lib\libc.a(lib_a-locale.o)
                0x000000001000f8d8                _setlocale_r
 .text.__locale_charset
                0x000000001000f95c       0x24 ../neural_bsp//newlib/nios2-elf/lib\libc.a(lib_a-locale.o)
                0x000000001000f95c                __locale_charset
 .text.__locale_mb_cur_max
                0x000000001000f980       0x20 ../neural_bsp//newlib/nios2-elf/lib\libc.a(lib_a-locale.o)
                0x000000001000f980                __locale_mb_cur_max
 .text.__locale_msgcharset
                0x000000001000f9a0       0x24 ../neural_bsp//newlib/nios2-elf/lib\libc.a(lib_a-locale.o)
                0x000000001000f9a0                __locale_msgcharset
 .text.__locale_cjk_lang
                0x000000001000f9c4       0x20 ../neural_bsp//newlib/nios2-elf/lib\libc.a(lib_a-locale.o)
                0x000000001000f9c4                __locale_cjk_lang
 .text._localeconv_r
                0x000000001000f9e4       0x28 ../neural_bsp//newlib/nios2-elf/lib\libc.a(lib_a-locale.o)
                0x000000001000f9e4                _localeconv_r
 .text.setlocale
                0x000000001000fa0c       0x48 ../neural_bsp//newlib/nios2-elf/lib\libc.a(lib_a-locale.o)
                0x000000001000fa0c                setlocale
 .text.localeconv
                0x000000001000fa54       0x38 ../neural_bsp//newlib/nios2-elf/lib\libc.a(lib_a-locale.o)
                0x000000001000fa54                localeconv
 .text          0x000000001000fa8c        0x0 ../neural_bsp//newlib/nios2-elf/lib\libc.a(lib_a-makebuf.o)
 .text.__smakebuf_r
                0x000000001000fa8c      0x22c ../neural_bsp//newlib/nios2-elf/lib\libc.a(lib_a-makebuf.o)
                0x000000001000fa8c                __smakebuf_r
 .text          0x000000001000fcb8        0x0 ../neural_bsp//newlib/nios2-elf/lib\libc.a(lib_a-memchr.o)
 .text.memchr   0x000000001000fcb8      0x1bc ../neural_bsp//newlib/nios2-elf/lib\libc.a(lib_a-memchr.o)
                0x000000001000fcb8                memchr
 .text          0x000000001000fe74        0x0 ../neural_bsp//newlib/nios2-elf/lib\libc.a(lib_a-memcpy.o)
 .text.memcpy   0x000000001000fe74      0x188 ../neural_bsp//newlib/nios2-elf/lib\libc.a(lib_a-memcpy.o)
                0x000000001000fe74                memcpy
 .text          0x000000001000fffc        0x0 ../neural_bsp//newlib/nios2-elf/lib\libc.a(lib_a-memmove.o)
 .text.memmove  0x000000001000fffc      0x208 ../neural_bsp//newlib/nios2-elf/lib\libc.a(lib_a-memmove.o)
                0x000000001000fffc                memmove
 .text          0x0000000010010204        0x0 ../neural_bsp//newlib/nios2-elf/lib\libc.a(lib_a-mprec.o)
 .text._Balloc  0x0000000010010204      0x130 ../neural_bsp//newlib/nios2-elf/lib\libc.a(lib_a-mprec.o)
                0x0000000010010204                _Balloc
 .text._Bfree   0x0000000010010334       0x7c ../neural_bsp//newlib/nios2-elf/lib\libc.a(lib_a-mprec.o)
                0x0000000010010334                _Bfree
 .text.__multadd
                0x00000000100103b0      0x1ac ../neural_bsp//newlib/nios2-elf/lib\libc.a(lib_a-mprec.o)
                0x00000000100103b0                __multadd
 .text.__s2b    0x000000001001055c      0x18c ../neural_bsp//newlib/nios2-elf/lib\libc.a(lib_a-mprec.o)
                0x000000001001055c                __s2b
 .text.__hi0bits
                0x00000000100106e8       0x90 ../neural_bsp//newlib/nios2-elf/lib\libc.a(lib_a-mprec.o)
                0x00000000100106e8                __hi0bits
 .text.__lo0bits
                0x0000000010010778       0xec ../neural_bsp//newlib/nios2-elf/lib\libc.a(lib_a-mprec.o)
                0x0000000010010778                __lo0bits
 .text.__i2b    0x0000000010010864       0x58 ../neural_bsp//newlib/nios2-elf/lib\libc.a(lib_a-mprec.o)
                0x0000000010010864                __i2b
 .text.__multiply
                0x00000000100108bc      0x3f0 ../neural_bsp//newlib/nios2-elf/lib\libc.a(lib_a-mprec.o)
                0x00000000100108bc                __multiply
 .text.__pow5mult
                0x0000000010010cac      0x178 ../neural_bsp//newlib/nios2-elf/lib\libc.a(lib_a-mprec.o)
                0x0000000010010cac                __pow5mult
 .text.__lshift
                0x0000000010010e24      0x1f8 ../neural_bsp//newlib/nios2-elf/lib\libc.a(lib_a-mprec.o)
                0x0000000010010e24                __lshift
 .text.__mcmp   0x000000001001101c      0x114 ../neural_bsp//newlib/nios2-elf/lib\libc.a(lib_a-mprec.o)
                0x000000001001101c                __mcmp
 .text.__mdiff  0x0000000010011130      0x2a4 ../neural_bsp//newlib/nios2-elf/lib\libc.a(lib_a-mprec.o)
                0x0000000010011130                __mdiff
 .text.__ulp    0x00000000100113d4       0xcc ../neural_bsp//newlib/nios2-elf/lib\libc.a(lib_a-mprec.o)
                0x00000000100113d4                __ulp
 .text.__b2d    0x00000000100114a0      0x204 ../neural_bsp//newlib/nios2-elf/lib\libc.a(lib_a-mprec.o)
                0x00000000100114a0                __b2d
 .text.__d2b    0x00000000100116a4      0x240 ../neural_bsp//newlib/nios2-elf/lib\libc.a(lib_a-mprec.o)
                0x00000000100116a4                __d2b
 .text.__ratio  0x00000000100118e4      0x11c ../neural_bsp//newlib/nios2-elf/lib\libc.a(lib_a-mprec.o)
                0x00000000100118e4                __ratio
 .text._mprec_log10
                0x0000000010011a00       0xb0 ../neural_bsp//newlib/nios2-elf/lib\libc.a(lib_a-mprec.o)
                0x0000000010011a00                _mprec_log10
 .text.__copybits
                0x0000000010011ab0       0xd0 ../neural_bsp//newlib/nios2-elf/lib\libc.a(lib_a-mprec.o)
                0x0000000010011ab0                __copybits
 .text.__any_on
                0x0000000010011b80      0x134 ../neural_bsp//newlib/nios2-elf/lib\libc.a(lib_a-mprec.o)
                0x0000000010011b80                __any_on
 .text          0x0000000010011cb4        0x0 ../neural_bsp//newlib/nios2-elf/lib\libc.a(lib_a-putc.o)
 .text._putc_r  0x0000000010011cb4      0x104 ../neural_bsp//newlib/nios2-elf/lib\libc.a(lib_a-putc.o)
                0x0000000010011cb4                _putc_r
 .text.putc     0x0000000010011db8      0x110 ../neural_bsp//newlib/nios2-elf/lib\libc.a(lib_a-putc.o)
                0x0000000010011db8                putc
 .text          0x0000000010011ec8        0x0 ../neural_bsp//newlib/nios2-elf/lib\libc.a(lib_a-refill.o)
 .text.lflush   0x0000000010011ec8       0x50 ../neural_bsp//newlib/nios2-elf/lib\libc.a(lib_a-refill.o)
 .text.__srefill_r
                0x0000000010011f18      0x25c ../neural_bsp//newlib/nios2-elf/lib\libc.a(lib_a-refill.o)
                0x0000000010011f18                __srefill_r
 .text          0x0000000010012174        0x0 ../neural_bsp//newlib/nios2-elf/lib\libc.a(lib_a-s_copysign.o)
 .text.copysign
                0x0000000010012174       0xb4 ../neural_bsp//newlib/nios2-elf/lib\libc.a(lib_a-s_copysign.o)
                0x0000000010012174                copysign
 .text          0x0000000010012228        0x0 ../neural_bsp//newlib/nios2-elf/lib\libc.a(lib_a-s_finite.o)
 .text.finite   0x0000000010012228       0x58 ../neural_bsp//newlib/nios2-elf/lib\libc.a(lib_a-s_finite.o)
                0x0000000010012228                finite
 .text          0x0000000010012280        0x0 ../neural_bsp//newlib/nios2-elf/lib\libc.a(lib_a-s_fpclassify.o)
 .text.__fpclassifyd
                0x0000000010012280      0x104 ../neural_bsp//newlib/nios2-elf/lib\libc.a(lib_a-s_fpclassify.o)
                0x0000000010012280                __fpclassifyd
 .text          0x0000000010012384        0x0 ../neural_bsp//newlib/nios2-elf/lib\libc.a(lib_a-stdio.o)
 .text.__sread  0x0000000010012384       0x9c ../neural_bsp//newlib/nios2-elf/lib\libc.a(lib_a-stdio.o)
                0x0000000010012384                __sread
 .text.__seofread
                0x0000000010012420       0x30 ../neural_bsp//newlib/nios2-elf/lib\libc.a(lib_a-stdio.o)
                0x0000000010012420                __seofread
 .text.__swrite
                0x0000000010012450       0xb4 ../neural_bsp//newlib/nios2-elf/lib\libc.a(lib_a-stdio.o)
                0x0000000010012450                __swrite
 .text.__sseek  0x0000000010012504       0xa0 ../neural_bsp//newlib/nios2-elf/lib\libc.a(lib_a-stdio.o)
                0x0000000010012504                __sseek
 .text.__sclose
                0x00000000100125a4       0x54 ../neural_bsp//newlib/nios2-elf/lib\libc.a(lib_a-stdio.o)
                0x00000000100125a4                __sclose
 .text          0x00000000100125f8        0x0 ../neural_bsp//newlib/nios2-elf/lib\libc.a(lib_a-strcmp.o)
 .text.strcmp   0x00000000100125f8      0x140 ../neural_bsp//newlib/nios2-elf/lib\libc.a(lib_a-strcmp.o)
                0x00000000100125f8                strcmp
 .text          0x0000000010012738        0x0 ../neural_bsp//newlib/nios2-elf/lib\libc.a(lib_a-vfiprintf.o)
 .text.__sprint_r
                0x0000000010012738      0x13c ../neural_bsp//newlib/nios2-elf/lib\libc.a(lib_a-vfiprintf.o)
                0x0000000010012738                __sprint_r
 .text.__sbprintf
                0x0000000010012874       0xf0 ../neural_bsp//newlib/nios2-elf/lib\libc.a(lib_a-vfiprintf.o)
 .text.__vfiprintf_internal
                0x0000000010012964       0x58 ../neural_bsp//newlib/nios2-elf/lib\libc.a(lib_a-vfiprintf.o)
                0x0000000010012964                __vfiprintf_internal
 .text.___vfiprintf_internal_r
                0x00000000100129bc     0x12dc ../neural_bsp//newlib/nios2-elf/lib\libc.a(lib_a-vfiprintf.o)
                0x00000000100129bc                ___vfiprintf_internal_r
 .text          0x0000000010013c98        0x0 ../neural_bsp//newlib/nios2-elf/lib\libc.a(lib_a-wbuf.o)
 .text.__swbuf_r
                0x0000000010013c98      0x168 ../neural_bsp//newlib/nios2-elf/lib\libc.a(lib_a-wbuf.o)
                0x0000000010013c98                __swbuf_r
 .text.__swbuf  0x0000000010013e00       0x48 ../neural_bsp//newlib/nios2-elf/lib\libc.a(lib_a-wbuf.o)
                0x0000000010013e00                __swbuf
 .text          0x0000000010013e48        0x0 ../neural_bsp//newlib/nios2-elf/lib\libc.a(lib_a-writer.o)
 .text._write_r
                0x0000000010013e48       0x88 ../neural_bsp//newlib/nios2-elf/lib\libc.a(lib_a-writer.o)
                0x0000000010013e48                _write_r
 .text          0x0000000010013ed0        0x0 ../neural_bsp//newlib/nios2-elf/lib\libc.a(closer.o)
 .text._close_r
                0x0000000010013ed0       0x78 ../neural_bsp//newlib/nios2-elf/lib\libc.a(closer.o)
                0x0000000010013ed0                _close_r
 .text          0x0000000010013f48        0x0 ../neural_bsp//newlib/nios2-elf/lib\libc.a(lib_a-fclose.o)
 .text._fclose_r
                0x0000000010013f48      0x12c ../neural_bsp//newlib/nios2-elf/lib\libc.a(lib_a-fclose.o)
                0x0000000010013f48                _fclose_r
 .text.fclose   0x0000000010014074       0x40 ../neural_bsp//newlib/nios2-elf/lib\libc.a(lib_a-fclose.o)
                0x0000000010014074                fclose
 .text          0x00000000100140b4        0x0 ../neural_bsp//newlib/nios2-elf/lib\libc.a(lib_a-fputwc.o)
 .text.__fputwc
                0x00000000100140b4      0x1f4 ../neural_bsp//newlib/nios2-elf/lib\libc.a(lib_a-fputwc.o)
                0x00000000100140b4                __fputwc
 .text._fputwc_r
                0x00000000100142a8       0x88 ../neural_bsp//newlib/nios2-elf/lib\libc.a(lib_a-fputwc.o)
                0x00000000100142a8                _fputwc_r
 .text.fputwc   0x0000000010014330       0x70 ../neural_bsp//newlib/nios2-elf/lib\libc.a(lib_a-fputwc.o)
                0x0000000010014330                fputwc
 .text          0x00000000100143a0        0x0 ../neural_bsp//newlib/nios2-elf/lib\libc.a(lib_a-fstatr.o)
 .text._fstat_r
                0x00000000100143a0       0x80 ../neural_bsp//newlib/nios2-elf/lib\libc.a(lib_a-fstatr.o)
                0x00000000100143a0                _fstat_r
 .text          0x0000000010014420        0x0 ../neural_bsp//newlib/nios2-elf/lib\libc.a(lib_a-isattyr.o)
 .text._isatty_r
                0x0000000010014420       0x78 ../neural_bsp//newlib/nios2-elf/lib\libc.a(lib_a-isattyr.o)
                0x0000000010014420                _isatty_r
 .text          0x0000000010014498        0x0 ../neural_bsp//newlib/nios2-elf/lib\libc.a(lib_a-lseekr.o)
 .text._lseek_r
                0x0000000010014498       0x88 ../neural_bsp//newlib/nios2-elf/lib\libc.a(lib_a-lseekr.o)
                0x0000000010014498                _lseek_r
 .text          0x0000000010014520        0x0 ../neural_bsp//newlib/nios2-elf/lib\libc.a(lib_a-readr.o)
 .text._read_r  0x0000000010014520       0x88 ../neural_bsp//newlib/nios2-elf/lib\libc.a(lib_a-readr.o)
                0x0000000010014520                _read_r
 .text          0x00000000100145a8        0x0 ../neural_bsp//newlib/nios2-elf/lib\libc.a(lib_a-wcrtomb.o)
 .text._wcrtomb_r
                0x00000000100145a8       0xe4 ../neural_bsp//newlib/nios2-elf/lib\libc.a(lib_a-wcrtomb.o)
                0x00000000100145a8                _wcrtomb_r
 .text.wcrtomb  0x000000001001468c       0xf0 ../neural_bsp//newlib/nios2-elf/lib\libc.a(lib_a-wcrtomb.o)
                0x000000001001468c                wcrtomb
 .text          0x000000001001477c        0x0 ../neural_bsp//newlib/nios2-elf/lib\libc.a(lib_a-wctomb_r.o)
 .text._wctomb_r
                0x000000001001477c       0x64 ../neural_bsp//newlib/nios2-elf/lib\libc.a(lib_a-wctomb_r.o)
                0x000000001001477c                _wctomb_r
 .text.__ascii_wctomb
                0x00000000100147e0       0x78 ../neural_bsp//newlib/nios2-elf/lib\libc.a(lib_a-wctomb_r.o)
                0x00000000100147e0                __ascii_wctomb
 .text          0x0000000010014858      0x5fc c:/altera/16.0/nios2eds/bin/gnu/h-x86_64-mingw32/bin/../lib/gcc/nios2-elf/5.2.0/mno-hw-mul\libgcc.a(_udivdi3.o)
                0x0000000010014858                __udivdi3
 .text          0x0000000010014e54      0x5c4 c:/altera/16.0/nios2eds/bin/gnu/h-x86_64-mingw32/bin/../lib/gcc/nios2-elf/5.2.0/mno-hw-mul\libgcc.a(_umoddi3.o)
                0x0000000010014e54                __umoddi3
 .text          0x0000000010015418       0x88 c:/altera/16.0/nios2eds/bin/gnu/h-x86_64-mingw32/bin/../lib/gcc/nios2-elf/5.2.0/mno-hw-mul\libgcc.a(eqdf2.o)
                0x0000000010015418                __nedf2
                0x0000000010015418                __eqdf2
 .text          0x00000000100154a0       0xdc c:/altera/16.0/nios2eds/bin/gnu/h-x86_64-mingw32/bin/../lib/gcc/nios2-elf/5.2.0/mno-hw-mul\libgcc.a(gedf2.o)
                0x00000000100154a0                __gedf2
                0x00000000100154a0                __gtdf2
 .text          0x000000001001557c       0x80 c:/altera/16.0/nios2eds/bin/gnu/h-x86_64-mingw32/bin/../lib/gcc/nios2-elf/5.2.0/mno-hw-mul\libgcc.a(fixdfsi.o)
                0x000000001001557c                __fixdfsi
 .text          0x00000000100155fc       0xdc c:/altera/16.0/nios2eds/bin/gnu/h-x86_64-mingw32/bin/../lib/gcc/nios2-elf/5.2.0/mno-hw-mul\libgcc.a(floatsidf.o)
                0x00000000100155fc                __floatsidf
 .text          0x00000000100156d8       0xa8 c:/altera/16.0/nios2eds/bin/gnu/h-x86_64-mingw32/bin/../lib/gcc/nios2-elf/5.2.0/mno-hw-mul\libgcc.a(floatunsidf.o)
                0x00000000100156d8                __floatunsidf
 .text          0x0000000010015780      0x128 ../neural_bsp/\libhal_bsp.a(alt_close.o)
                0x00000000100157d0                close
 .text          0x00000000100158a8       0x2c ../neural_bsp/\libhal_bsp.a(alt_dev.o)
 .text          0x00000000100158d4        0x0 ../neural_bsp/\libhal_bsp.a(alt_errno.o)
 .text          0x00000000100158d4      0x108 ../neural_bsp/\libhal_bsp.a(alt_fstat.o)
                0x0000000010015924                fstat
 .text          0x00000000100159dc      0x204 ../neural_bsp/\libhal_bsp.a(alt_gettod.o)
                0x00000000100159dc                gettimeofday
 .text          0x0000000010015be0       0xfc ../neural_bsp/\libhal_bsp.a(alt_isatty.o)
                0x0000000010015c30                isatty
 .text          0x0000000010015cdc       0xec ../neural_bsp/\libhal_bsp.a(alt_load.o)
                0x0000000010015d44                alt_load
 .text          0x0000000010015dc8      0x12c ../neural_bsp/\libhal_bsp.a(alt_lseek.o)
                0x0000000010015e18                lseek
 .text          0x0000000010015ef4       0x7c ../neural_bsp/\libhal_bsp.a(alt_main.o)
                0x0000000010015ef4                alt_main
 .text          0x0000000010015f70       0x48 ../neural_bsp/\libhal_bsp.a(alt_malloc_lock.o)
                0x0000000010015f70                __malloc_lock
                0x0000000010015f94                __malloc_unlock
 .text          0x0000000010015fb8      0x154 ../neural_bsp/\libhal_bsp.a(alt_read.o)
                0x0000000010016008                read
 .text          0x000000001001610c       0x84 ../neural_bsp/\libhal_bsp.a(alt_release_fd.o)
                0x000000001001610c                alt_release_fd
 .text          0x0000000010016190       0xb0 ../neural_bsp/\libhal_bsp.a(alt_sbrk.o)
                0x0000000010016190                sbrk
 .text          0x0000000010016240      0x1a4 ../neural_bsp/\libhal_bsp.a(alt_tick.o)
                0x0000000010016240                alt_alarm_stop
                0x00000000100162dc                alt_tick
 .text          0x00000000100163e4      0x150 ../neural_bsp/\libhal_bsp.a(alt_write.o)
                0x0000000010016434                write
 .text          0x0000000010016534       0xc8 ../neural_bsp/\libhal_bsp.a(alt_sys_init.o)
                0x000000001001656c                alt_irq_init
                0x00000000100165a4                alt_sys_init
 .text          0x00000000100165fc      0x164 ../neural_bsp/\libhal_bsp.a(altera_avalon_jtag_uart_fd.o)
                0x00000000100165fc                altera_avalon_jtag_uart_read_fd
                0x000000001001665c                altera_avalon_jtag_uart_write_fd
                0x00000000100166bc                altera_avalon_jtag_uart_close_fd
                0x000000001001670c                altera_avalon_jtag_uart_ioctl_fd
 .text          0x0000000010016760      0x3e4 ../neural_bsp/\libhal_bsp.a(altera_avalon_jtag_uart_init.o)
                0x0000000010016760                altera_avalon_jtag_uart_init
                0x0000000010016adc                altera_avalon_jtag_uart_close
 .text          0x0000000010016b44       0xf0 ../neural_bsp/\libhal_bsp.a(altera_avalon_jtag_uart_ioctl.o)
                0x0000000010016b44                altera_avalon_jtag_uart_ioctl
 .text          0x0000000010016c34      0x21c ../neural_bsp/\libhal_bsp.a(altera_avalon_jtag_uart_read.o)
                0x0000000010016c34                altera_avalon_jtag_uart_read
 .text          0x0000000010016e50      0x224 ../neural_bsp/\libhal_bsp.a(altera_avalon_jtag_uart_write.o)
                0x0000000010016e50                altera_avalon_jtag_uart_write
 .text          0x0000000010017074      0x484 ../neural_bsp/\libhal_bsp.a(altera_hostfs.o)
                0x0000000010017074                alt_hostfs_open
                0x0000000010017190                alt_hostfs_close
                0x00000000100171d4                alt_hostfs_read
                0x0000000010017240                alt_hostfs_write
                0x00000000100172ac                alt_hostfs_seek
                0x0000000010017314                alt_hostfs_fstat
 .text          0x00000000100174f8      0x140 ../neural_bsp/\libhal_bsp.a(alt_alarm_start.o)
                0x00000000100174f8                alt_alarm_start
 .text          0x0000000010017638       0x20 ../neural_bsp/\libhal_bsp.a(alt_dcache_flush_all.o)
                0x0000000010017638                alt_dcache_flush_all
 .text          0x0000000010017658       0xf4 ../neural_bsp/\libhal_bsp.a(alt_dev_llist_insert.o)
                0x00000000100176a8                alt_dev_llist_insert
 .text          0x000000001001774c       0x60 ../neural_bsp/\libhal_bsp.a(alt_do_ctors.o)
                0x000000001001774c                _do_ctors
 .text          0x00000000100177ac       0x60 ../neural_bsp/\libhal_bsp.a(alt_do_dtors.o)
                0x00000000100177ac                _do_dtors
 .text          0x000000001001780c       0x84 ../neural_bsp/\libhal_bsp.a(alt_fs_reg.o)
                0x000000001001780c                alt_fs_reg
 .text          0x0000000010017890       0x20 ../neural_bsp/\libhal_bsp.a(alt_icache_flush_all.o)
                0x0000000010017890                alt_icache_flush_all
 .text          0x00000000100178b0      0x1e0 ../neural_bsp/\libhal_bsp.a(alt_iic.o)
                0x00000000100178b0                alt_ic_isr_register
                0x0000000010017900                alt_ic_irq_enable
                0x00000000100179a0                alt_ic_irq_disable
                0x0000000010017a44                alt_ic_irq_enabled
 .text          0x0000000010017a90       0xf0 ../neural_bsp/\libhal_bsp.a(alt_iic_isr_register.o)
                0x0000000010017a90                alt_iic_isr_register
 .text          0x0000000010017b80      0x160 ../neural_bsp/\libhal_bsp.a(alt_io_redirect.o)
                0x0000000010017c64                alt_io_redirect
 .text          0x0000000010017ce0        0x0 ../neural_bsp/\libhal_bsp.a(alt_irq_entry.o)
 .text          0x0000000010017ce0        0x0 ../neural_bsp/\libhal_bsp.a(alt_irq_handler.o)
 .text          0x0000000010017ce0        0x0 ../neural_bsp/\libhal_bsp.a(alt_irq_vars.o)
 .text          0x0000000010017ce0      0x2a4 ../neural_bsp/\libhal_bsp.a(alt_open.o)
                0x0000000010017e24                open
 .text          0x0000000010017f84       0x24 ../neural_bsp/\libhal_bsp.a(altera_nios2_gen2_irq.o)
                0x0000000010017f84                altera_nios2_gen2_irq_init
 .text          0x0000000010017fa8        0x0 ../neural_bsp/\libhal_bsp.a(alt_exception_entry.o)
 .text          0x0000000010017fa8       0x90 ../neural_bsp/\libhal_bsp.a(alt_find_dev.o)
                0x0000000010017fa8                alt_find_dev
 .text          0x0000000010018038      0x114 ../neural_bsp/\libhal_bsp.a(alt_find_file.o)
                0x0000000010018038                alt_find_file
 .text          0x000000001001814c       0xd4 ../neural_bsp/\libhal_bsp.a(alt_get_fd.o)
                0x000000001001814c                alt_get_fd
 .text          0x0000000010018220       0x9c ../neural_bsp/\libhal_bsp.a(alt_instruction_exception_entry.o)
                0x0000000010018220                alt_exception_cause_generated_bad_addr
 .text          0x00000000100182bc        0x0 ../neural_bsp//newlib/nios2-elf/lib\libc.a(lib_a-atexit.o)
 .text.atexit   0x00000000100182bc       0x3c ../neural_bsp//newlib/nios2-elf/lib\libc.a(lib_a-atexit.o)
                0x00000000100182bc                atexit
 .text          0x00000000100182f8        0x0 ../neural_bsp//newlib/nios2-elf/lib\libc.a(lib_a-exit.o)
 .text.exit     0x00000000100182f8       0x60 ../neural_bsp//newlib/nios2-elf/lib\libc.a(lib_a-exit.o)
                0x00000000100182f8                exit
 .text          0x0000000010018358        0x0 ../neural_bsp//newlib/nios2-elf/lib\libc.a(lib_a-memcmp.o)
 .text.memcmp   0x0000000010018358      0x134 ../neural_bsp//newlib/nios2-elf/lib\libc.a(lib_a-memcmp.o)
                0x0000000010018358                memcmp
 .text          0x000000001001848c        0x0 ../neural_bsp//newlib/nios2-elf/lib\libc.a(lib_a-__atexit.o)
 .text.__register_exitproc
                0x000000001001848c      0x198 ../neural_bsp//newlib/nios2-elf/lib\libc.a(lib_a-__atexit.o)
                0x000000001001848c                __register_exitproc
 .text          0x0000000010018624        0x0 ../neural_bsp//newlib/nios2-elf/lib\libc.a(lib_a-__call_atexit.o)
 .text.__call_exitprocs
                0x0000000010018624      0x1fc ../neural_bsp//newlib/nios2-elf/lib\libc.a(lib_a-__call_atexit.o)
                0x0000000010018624                __call_exitprocs
 .text          0x0000000010018820      0x10c c:/altera/16.0/nios2eds/bin/gnu/h-x86_64-mingw32/bin/../lib/gcc/nios2-elf/5.2.0/mno-hw-mul\libgcc.a(_muldi3.o)
                0x0000000010018820                __muldi3
 .text          0x000000001001892c       0x34 ../neural_bsp/\libhal_bsp.a(alt_exit.o)
                0x000000001001892c                _exit
 *(.gnu.warning.*)
 *(.fini)
                [!provide]                        PROVIDE (__etext, ABSOLUTE (.))
                [!provide]                        PROVIDE (_etext, ABSOLUTE (.))
                [!provide]                        PROVIDE (etext, ABSOLUTE (.))
 *(.eh_frame_hdr)
                0x0000000010018960                . = ALIGN (0x4)
                [!provide]                        PROVIDE (__preinit_array_start, ABSOLUTE (.))
 *(.preinit_array)
                [!provide]                        PROVIDE (__preinit_array_end, ABSOLUTE (.))
                [!provide]                        PROVIDE (__init_array_start, ABSOLUTE (.))
 *(.init_array)
                [!provide]                        PROVIDE (__init_array_end, ABSOLUTE (.))
                [!provide]                        PROVIDE (__fini_array_start, ABSOLUTE (.))
 *(.fini_array)
                [!provide]                        PROVIDE (__fini_array_end, ABSOLUTE (.))
 *(.eh_frame)
 *(.gcc_except_table .gcc_except_table.*)
 *(.dynamic)
                0x0000000010018960                PROVIDE (__CTOR_LIST__, ABSOLUTE (.))
 *(.ctors)
 *(SORT(.ctors.*))
                0x0000000010018960                PROVIDE (__CTOR_END__, ABSOLUTE (.))
                0x0000000010018960                PROVIDE (__DTOR_LIST__, ABSOLUTE (.))
 *(.dtors)
 *(SORT(.dtors.*))
                0x0000000010018960                PROVIDE (__DTOR_END__, ABSOLUTE (.))
 *(.jcr)
                0x0000000010018960                . = ALIGN (0x4)

.rodata         0x0000000010018960    0xb71f4
                0x0000000010018960                PROVIDE (__ram_rodata_start, ABSOLUTE (.))
                0x0000000010018960                . = ALIGN (0x4)
 *(.rodata .rodata.* .gnu.linkonce.r.*)
 .rodata        0x0000000010018960       0x2b obj/default/formula.o
 *fill*         0x000000001001898b        0x1 
 .rodata        0x000000001001898c    0xb6ba6 obj/default/main.o
 *fill*         0x00000000100cf532        0x2 
 .rodata        0x00000000100cf534       0x20 obj/default/types.o
 .rodata        0x00000000100cf554      0x100 c:/altera/16.0/nios2eds/bin/gnu/h-x86_64-mingw32/bin/../lib/gcc/nios2-elf/5.2.0/mno-hw-mul\libgcc.a(_clz.o)
                0x00000000100cf554                __clz_tab
 .rodata        0x00000000100cf654        0x2 ../neural_bsp//newlib/nios2-elf/lib\libc.a(lib_a-impure.o)
 *fill*         0x00000000100cf656        0x2 
 .rodata        0x00000000100cf658        0x2 ../neural_bsp//newlib/nios2-elf/lib\libc.a(lib_a-puts.o)
 *fill*         0x00000000100cf65a        0x2 
 .rodata        0x00000000100cf65c       0x5e ../neural_bsp//newlib/nios2-elf/lib\libc.a(lib_a-vfprintf.o)
 .rodata.blanks.4403
                0x00000000100cf6ba       0x10 ../neural_bsp//newlib/nios2-elf/lib\libc.a(lib_a-vfprintf.o)
 .rodata.zeroes.4404
                0x00000000100cf6ca       0x10 ../neural_bsp//newlib/nios2-elf/lib\libc.a(lib_a-vfprintf.o)
 .rodata._ctype_b
                0x00000000100cf6da      0x180 ../neural_bsp//newlib/nios2-elf/lib\libc.a(lib_a-ctype_.o)
 .rodata._ctype_
                0x00000000100cf85a      0x101 ../neural_bsp//newlib/nios2-elf/lib\libc.a(lib_a-ctype_.o)
                0x00000000100cf85a                _ctype_
 *fill*         0x00000000100cf95b        0x1 
 .rodata        0x00000000100cf95c       0x12 ../neural_bsp//newlib/nios2-elf/lib\libc.a(lib_a-dtoa.o)
 *fill*         0x00000000100cf96e        0x2 
 .rodata        0x00000000100cf970       0x12 ../neural_bsp//newlib/nios2-elf/lib\libc.a(lib_a-locale.o)
 *fill*         0x00000000100cf982        0x2 
 .rodata.__mprec_tens
                0x00000000100cf984       0xc8 ../neural_bsp//newlib/nios2-elf/lib\libc.a(lib_a-mprec.o)
                0x00000000100cf984                __mprec_tens
 .rodata.__mprec_bigtens
                0x00000000100cfa4c       0x28 ../neural_bsp//newlib/nios2-elf/lib\libc.a(lib_a-mprec.o)
                0x00000000100cfa4c                __mprec_bigtens
 .rodata.__mprec_tinytens
                0x00000000100cfa74       0x28 ../neural_bsp//newlib/nios2-elf/lib\libc.a(lib_a-mprec.o)
                0x00000000100cfa74                __mprec_tinytens
 .rodata.p05.2768
                0x00000000100cfa9c        0xc ../neural_bsp//newlib/nios2-elf/lib\libc.a(lib_a-mprec.o)
 .rodata        0x00000000100cfaa8       0x4a ../neural_bsp//newlib/nios2-elf/lib\libc.a(lib_a-vfiprintf.o)
 .rodata.blanks.4348
                0x00000000100cfaf2       0x10 ../neural_bsp//newlib/nios2-elf/lib\libc.a(lib_a-vfiprintf.o)
 .rodata.zeroes.4349
                0x00000000100cfb02       0x10 ../neural_bsp//newlib/nios2-elf/lib\libc.a(lib_a-vfiprintf.o)
 *fill*         0x00000000100cfb12        0x2 
 .rodata        0x00000000100cfb14        0xa ../neural_bsp/\libhal_bsp.a(alt_dev.o)
 *fill*         0x00000000100cfb1e        0x2 
 .rodata        0x00000000100cfb20       0x11 ../neural_bsp/\libhal_bsp.a(alt_main.o)
 *fill*         0x00000000100cfb31        0x3 
 .rodata        0x00000000100cfb34       0x1e ../neural_bsp/\libhal_bsp.a(alt_sys_init.o)
 *(.rodata1)
                0x00000000100cfb54                . = ALIGN (0x4)
 *fill*         0x00000000100cfb52        0x2 
                0x00000000100cfb54                PROVIDE (__ram_rodata_end, ABSOLUTE (.))
                0x0000000010018960                PROVIDE (__flash_rodata_start, LOADADDR (.rodata))

.rwdata         0x00000000100cfb54     0x9888 load address 0x00000000100d93dc
                0x00000000100cfb54                PROVIDE (__ram_rwdata_start, ABSOLUTE (.))
                0x00000000100cfb54                . = ALIGN (0x4)
 *(.got.plt)
 *(.got)
 *(.data1)
 *(.data .data.* .gnu.linkonce.d.*)
 .data          0x00000000100cfb54        0x0 ../neural_bsp//obj/HAL/src/crt0.o
 .data          0x00000000100cfb54        0x0 obj/default/formula.o
 .data          0x00000000100cfb54     0x7d00 obj/default/main.o
                0x00000000100cfb54                training_data
                0x00000000100d68b4                testing_data
 .data          0x00000000100d7854        0x0 obj/default/types.o
 .data          0x00000000100d7854        0x0 c:/altera/16.0/nios2eds/bin/gnu/h-x86_64-mingw32/bin/../lib/gcc/nios2-elf/5.2.0/mno-hw-mul\libgcc.a(_fixunssfsi.o)
 .data          0x00000000100d7854        0x0 c:/altera/16.0/nios2eds/bin/gnu/h-x86_64-mingw32/bin/../lib/gcc/nios2-elf/5.2.0/mno-hw-mul\libgcc.a(lib2-divmod.o)
 .data          0x00000000100d7854        0x0 c:/altera/16.0/nios2eds/bin/gnu/h-x86_64-mingw32/bin/../lib/gcc/nios2-elf/5.2.0/mno-hw-mul\libgcc.a(addsf3.o)
 .data          0x00000000100d7854        0x0 c:/altera/16.0/nios2eds/bin/gnu/h-x86_64-mingw32/bin/../lib/gcc/nios2-elf/5.2.0/mno-hw-mul\libgcc.a(divsf3.o)
 .data          0x00000000100d7854        0x0 c:/altera/16.0/nios2eds/bin/gnu/h-x86_64-mingw32/bin/../lib/gcc/nios2-elf/5.2.0/mno-hw-mul\libgcc.a(eqsf2.o)
 .data          0x00000000100d7854        0x0 c:/altera/16.0/nios2eds/bin/gnu/h-x86_64-mingw32/bin/../lib/gcc/nios2-elf/5.2.0/mno-hw-mul\libgcc.a(gesf2.o)
 .data          0x00000000100d7854        0x0 c:/altera/16.0/nios2eds/bin/gnu/h-x86_64-mingw32/bin/../lib/gcc/nios2-elf/5.2.0/mno-hw-mul\libgcc.a(lesf2.o)
 .data          0x00000000100d7854        0x0 c:/altera/16.0/nios2eds/bin/gnu/h-x86_64-mingw32/bin/../lib/gcc/nios2-elf/5.2.0/mno-hw-mul\libgcc.a(mulsf3.o)
 .data          0x00000000100d7854        0x0 c:/altera/16.0/nios2eds/bin/gnu/h-x86_64-mingw32/bin/../lib/gcc/nios2-elf/5.2.0/mno-hw-mul\libgcc.a(subsf3.o)
 .data          0x00000000100d7854        0x0 c:/altera/16.0/nios2eds/bin/gnu/h-x86_64-mingw32/bin/../lib/gcc/nios2-elf/5.2.0/mno-hw-mul\libgcc.a(fixsfsi.o)
 .data          0x00000000100d7854        0x0 c:/altera/16.0/nios2eds/bin/gnu/h-x86_64-mingw32/bin/../lib/gcc/nios2-elf/5.2.0/mno-hw-mul\libgcc.a(floatsisf.o)
 .data          0x00000000100d7854        0x0 c:/altera/16.0/nios2eds/bin/gnu/h-x86_64-mingw32/bin/../lib/gcc/nios2-elf/5.2.0/mno-hw-mul\libgcc.a(floatunsisf.o)
 .data          0x00000000100d7854        0x0 c:/altera/16.0/nios2eds/bin/gnu/h-x86_64-mingw32/bin/../lib/gcc/nios2-elf/5.2.0/mno-hw-mul\libgcc.a(adddf3.o)
 .data          0x00000000100d7854        0x0 c:/altera/16.0/nios2eds/bin/gnu/h-x86_64-mingw32/bin/../lib/gcc/nios2-elf/5.2.0/mno-hw-mul\libgcc.a(divdf3.o)
 .data          0x00000000100d7854        0x0 c:/altera/16.0/nios2eds/bin/gnu/h-x86_64-mingw32/bin/../lib/gcc/nios2-elf/5.2.0/mno-hw-mul\libgcc.a(ledf2.o)
 .data          0x00000000100d7854        0x0 c:/altera/16.0/nios2eds/bin/gnu/h-x86_64-mingw32/bin/../lib/gcc/nios2-elf/5.2.0/mno-hw-mul\libgcc.a(muldf3.o)
 .data          0x00000000100d7854        0x0 c:/altera/16.0/nios2eds/bin/gnu/h-x86_64-mingw32/bin/../lib/gcc/nios2-elf/5.2.0/mno-hw-mul\libgcc.a(subdf3.o)
 .data          0x00000000100d7854        0x0 c:/altera/16.0/nios2eds/bin/gnu/h-x86_64-mingw32/bin/../lib/gcc/nios2-elf/5.2.0/mno-hw-mul\libgcc.a(extendsfdf2.o)
 .data          0x00000000100d7854        0x0 c:/altera/16.0/nios2eds/bin/gnu/h-x86_64-mingw32/bin/../lib/gcc/nios2-elf/5.2.0/mno-hw-mul\libgcc.a(truncdfsf2.o)
 .data          0x00000000100d7854        0x0 c:/altera/16.0/nios2eds/bin/gnu/h-x86_64-mingw32/bin/../lib/gcc/nios2-elf/5.2.0/mno-hw-mul\libgcc.a(_clzsi2.o)
 .data          0x00000000100d7854        0x0 c:/altera/16.0/nios2eds/bin/gnu/h-x86_64-mingw32/bin/../lib/gcc/nios2-elf/5.2.0/mno-hw-mul\libgcc.a(lib2-mul.o)
 .data          0x00000000100d7854        0x0 c:/altera/16.0/nios2eds/bin/gnu/h-x86_64-mingw32/bin/../lib/gcc/nios2-elf/5.2.0/mno-hw-mul\libgcc.a(_clz.o)
 .data          0x00000000100d7854        0x0 ../neural_bsp//newlib/nios2-elf/lib\libc.a(lib_a-atoi.o)
 .data          0x00000000100d7854        0x0 ../neural_bsp//newlib/nios2-elf/lib\libc.a(lib_a-calloc.o)
 .data          0x00000000100d7854        0x0 ../neural_bsp//newlib/nios2-elf/lib\libc.a(lib_a-callocr.o)
 .data          0x00000000100d7854        0x0 ../neural_bsp//newlib/nios2-elf/lib\libc.a(lib_a-drand48.o)
 .data          0x00000000100d7854        0x0 ../neural_bsp//newlib/nios2-elf/lib\libc.a(lib_a-erand48.o)
 .data          0x00000000100d7854        0x0 ../neural_bsp//newlib/nios2-elf/lib\libc.a(lib_a-getc.o)
 .data          0x00000000100d7854        0x0 ../neural_bsp//newlib/nios2-elf/lib\libc.a(lib_a-impure.o)
 .data.impure_data
                0x00000000100d7854      0x424 ../neural_bsp//newlib/nios2-elf/lib\libc.a(lib_a-impure.o)
 .data          0x00000000100d7c78        0x0 ../neural_bsp//newlib/nios2-elf/lib\libc.a(lib_a-malloc.o)
 .data          0x00000000100d7c78        0x0 ../neural_bsp//newlib/nios2-elf/lib\libc.a(lib_a-mallocr.o)
 .data.__malloc_av_
                0x00000000100d7c78      0x408 ../neural_bsp//newlib/nios2-elf/lib\libc.a(lib_a-mallocr.o)
                0x00000000100d7c78                __malloc_av_
 .data          0x00000000100d8080        0x0 ../neural_bsp//newlib/nios2-elf/lib\libc.a(lib_a-memset.o)
 .data          0x00000000100d8080        0x0 ../neural_bsp//newlib/nios2-elf/lib\libc.a(lib_a-printf.o)
 .data          0x00000000100d8080        0x0 ../neural_bsp//newlib/nios2-elf/lib\libc.a(lib_a-putchar.o)
 .data          0x00000000100d8080        0x0 ../neural_bsp//newlib/nios2-elf/lib\libc.a(lib_a-puts.o)
 .data          0x00000000100d8080        0x0 ../neural_bsp//newlib/nios2-elf/lib\libc.a(lib_a-rand48.o)
 .data          0x00000000100d8080        0x0 ../neural_bsp//newlib/nios2-elf/lib\libc.a(lib_a-realloc.o)
 .data          0x00000000100d8080        0x0 ../neural_bsp//newlib/nios2-elf/lib\libc.a(lib_a-reallocr.o)
 .data          0x00000000100d8080        0x0 ../neural_bsp//newlib/nios2-elf/lib\libc.a(lib_a-rget.o)
 .data          0x00000000100d8080        0x0 ../neural_bsp//newlib/nios2-elf/lib\libc.a(lib_a-s_ldexp.o)
 .data          0x00000000100d8080        0x0 ../neural_bsp//newlib/nios2-elf/lib\libc.a(lib_a-s_scalbn.o)
 .data          0x00000000100d8080        0x0 ../neural_bsp//newlib/nios2-elf/lib\libc.a(lib_a-sbrkr.o)
 .data          0x00000000100d8080        0x0 ../neural_bsp//newlib/nios2-elf/lib\libc.a(lib_a-srand48.o)
 .data          0x00000000100d8080        0x0 ../neural_bsp//newlib/nios2-elf/lib\libc.a(lib_a-strlen.o)
 .data          0x00000000100d8080        0x0 ../neural_bsp//newlib/nios2-elf/lib\libc.a(lib_a-strtol.o)
 .data          0x00000000100d8080        0x0 ../neural_bsp//newlib/nios2-elf/lib\libc.a(lib_a-time.o)
 .data          0x00000000100d8080        0x0 ../neural_bsp//newlib/nios2-elf/lib\libc.a(lib_a-vfprintf.o)
 .data          0x00000000100d8080        0x0 ../neural_bsp//newlib/nios2-elf/lib\libc.a(lib_a-wsetup.o)
 .data          0x00000000100d8080        0x0 ../neural_bsp//newlib/nios2-elf/lib\libc.a(lib_a-ctype_.o)
 .data          0x00000000100d8080        0x0 ../neural_bsp//newlib/nios2-elf/lib\libc.a(lib_a-dtoa.o)
 .data          0x00000000100d8080        0x0 ../neural_bsp//newlib/nios2-elf/lib\libc.a(lib_a-errno.o)
 .data          0x00000000100d8080        0x0 ../neural_bsp//newlib/nios2-elf/lib\libc.a(lib_a-fflush.o)
 .data          0x00000000100d8080        0x0 ../neural_bsp//newlib/nios2-elf/lib\libc.a(lib_a-findfp.o)
 .data          0x00000000100d8080        0x0 ../neural_bsp//newlib/nios2-elf/lib\libc.a(lib_a-freer.o)
 .data          0x00000000100d8080        0x0 ../neural_bsp//newlib/nios2-elf/lib\libc.a(lib_a-fvwrite.o)
 .data          0x00000000100d8080        0x0 ../neural_bsp//newlib/nios2-elf/lib\libc.a(lib_a-fwalk.o)
 .data          0x00000000100d8080        0x0 ../neural_bsp//newlib/nios2-elf/lib\libc.a(lib_a-gettimeofdayr.o)
 .data          0x00000000100d8080        0x0 ../neural_bsp//newlib/nios2-elf/lib\libc.a(lib_a-int_errno.o)
 .data          0x00000000100d8080        0x0 ../neural_bsp//newlib/nios2-elf/lib\libc.a(lib_a-locale.o)
 .data.lconv    0x00000000100d8080       0x38 ../neural_bsp//newlib/nios2-elf/lib\libc.a(lib_a-locale.o)
 .data.lc_ctype_charset
                0x00000000100d80b8       0x20 ../neural_bsp//newlib/nios2-elf/lib\libc.a(lib_a-locale.o)
 .data.lc_message_charset
                0x00000000100d80d8       0x20 ../neural_bsp//newlib/nios2-elf/lib\libc.a(lib_a-locale.o)
 .data          0x00000000100d80f8        0x0 ../neural_bsp//newlib/nios2-elf/lib\libc.a(lib_a-makebuf.o)
 .data          0x00000000100d80f8        0x0 ../neural_bsp//newlib/nios2-elf/lib\libc.a(lib_a-memchr.o)
 .data          0x00000000100d80f8        0x0 ../neural_bsp//newlib/nios2-elf/lib\libc.a(lib_a-memcpy.o)
 .data          0x00000000100d80f8        0x0 ../neural_bsp//newlib/nios2-elf/lib\libc.a(lib_a-memmove.o)
 .data          0x00000000100d80f8        0x0 ../neural_bsp//newlib/nios2-elf/lib\libc.a(lib_a-mprec.o)
 .data          0x00000000100d80f8        0x0 ../neural_bsp//newlib/nios2-elf/lib\libc.a(lib_a-putc.o)
 .data          0x00000000100d80f8        0x0 ../neural_bsp//newlib/nios2-elf/lib\libc.a(lib_a-refill.o)
 .data          0x00000000100d80f8        0x0 ../neural_bsp//newlib/nios2-elf/lib\libc.a(lib_a-s_copysign.o)
 .data          0x00000000100d80f8        0x0 ../neural_bsp//newlib/nios2-elf/lib\libc.a(lib_a-s_finite.o)
 .data          0x00000000100d80f8        0x0 ../neural_bsp//newlib/nios2-elf/lib\libc.a(lib_a-s_fpclassify.o)
 .data          0x00000000100d80f8        0x0 ../neural_bsp//newlib/nios2-elf/lib\libc.a(lib_a-stdio.o)
 .data          0x00000000100d80f8        0x0 ../neural_bsp//newlib/nios2-elf/lib\libc.a(lib_a-strcmp.o)
 .data          0x00000000100d80f8        0x0 ../neural_bsp//newlib/nios2-elf/lib\libc.a(lib_a-vfiprintf.o)
 .data          0x00000000100d80f8        0x0 ../neural_bsp//newlib/nios2-elf/lib\libc.a(lib_a-wbuf.o)
 .data          0x00000000100d80f8        0x0 ../neural_bsp//newlib/nios2-elf/lib\libc.a(lib_a-writer.o)
 .data          0x00000000100d80f8        0x0 ../neural_bsp//newlib/nios2-elf/lib\libc.a(closer.o)
 .data          0x00000000100d80f8        0x0 ../neural_bsp//newlib/nios2-elf/lib\libc.a(lib_a-fclose.o)
 .data          0x00000000100d80f8        0x0 ../neural_bsp//newlib/nios2-elf/lib\libc.a(lib_a-fputwc.o)
 .data          0x00000000100d80f8        0x0 ../neural_bsp//newlib/nios2-elf/lib\libc.a(lib_a-fstatr.o)
 .data          0x00000000100d80f8        0x0 ../neural_bsp//newlib/nios2-elf/lib\libc.a(lib_a-isattyr.o)
 .data          0x00000000100d80f8        0x0 ../neural_bsp//newlib/nios2-elf/lib\libc.a(lib_a-lseekr.o)
 .data          0x00000000100d80f8        0x0 ../neural_bsp//newlib/nios2-elf/lib\libc.a(lib_a-readr.o)
 .data          0x00000000100d80f8        0x0 ../neural_bsp//newlib/nios2-elf/lib\libc.a(lib_a-wcrtomb.o)
 .data          0x00000000100d80f8        0x0 ../neural_bsp//newlib/nios2-elf/lib\libc.a(lib_a-wctomb_r.o)
 .data          0x00000000100d80f8        0x0 c:/altera/16.0/nios2eds/bin/gnu/h-x86_64-mingw32/bin/../lib/gcc/nios2-elf/5.2.0/mno-hw-mul\libgcc.a(_udivdi3.o)
 .data          0x00000000100d80f8        0x0 c:/altera/16.0/nios2eds/bin/gnu/h-x86_64-mingw32/bin/../lib/gcc/nios2-elf/5.2.0/mno-hw-mul\libgcc.a(_umoddi3.o)
 .data          0x00000000100d80f8        0x0 c:/altera/16.0/nios2eds/bin/gnu/h-x86_64-mingw32/bin/../lib/gcc/nios2-elf/5.2.0/mno-hw-mul\libgcc.a(eqdf2.o)
 .data          0x00000000100d80f8        0x0 c:/altera/16.0/nios2eds/bin/gnu/h-x86_64-mingw32/bin/../lib/gcc/nios2-elf/5.2.0/mno-hw-mul\libgcc.a(gedf2.o)
 .data          0x00000000100d80f8        0x0 c:/altera/16.0/nios2eds/bin/gnu/h-x86_64-mingw32/bin/../lib/gcc/nios2-elf/5.2.0/mno-hw-mul\libgcc.a(fixdfsi.o)
 .data          0x00000000100d80f8        0x0 c:/altera/16.0/nios2eds/bin/gnu/h-x86_64-mingw32/bin/../lib/gcc/nios2-elf/5.2.0/mno-hw-mul\libgcc.a(floatsidf.o)
 .data          0x00000000100d80f8        0x0 c:/altera/16.0/nios2eds/bin/gnu/h-x86_64-mingw32/bin/../lib/gcc/nios2-elf/5.2.0/mno-hw-mul\libgcc.a(floatunsidf.o)
 .data          0x00000000100d80f8        0x0 ../neural_bsp/\libhal_bsp.a(alt_close.o)
 .data          0x00000000100d80f8      0x1a8 ../neural_bsp/\libhal_bsp.a(alt_dev.o)
                0x00000000100d80f8                alt_dev_null
                0x00000000100d8120                alt_fd_list
 .data          0x00000000100d82a0        0x0 ../neural_bsp/\libhal_bsp.a(alt_errno.o)
 .data          0x00000000100d82a0        0x0 ../neural_bsp/\libhal_bsp.a(alt_fstat.o)
 .data          0x00000000100d82a0        0x0 ../neural_bsp/\libhal_bsp.a(alt_gettod.o)
 .data          0x00000000100d82a0        0x0 ../neural_bsp/\libhal_bsp.a(alt_isatty.o)
 .data          0x00000000100d82a0        0x0 ../neural_bsp/\libhal_bsp.a(alt_load.o)
 .data          0x00000000100d82a0        0x0 ../neural_bsp/\libhal_bsp.a(alt_lseek.o)
 .data          0x00000000100d82a0        0x0 ../neural_bsp/\libhal_bsp.a(alt_main.o)
 .data          0x00000000100d82a0        0x0 ../neural_bsp/\libhal_bsp.a(alt_malloc_lock.o)
 .data          0x00000000100d82a0        0x0 ../neural_bsp/\libhal_bsp.a(alt_read.o)
 .data          0x00000000100d82a0        0x0 ../neural_bsp/\libhal_bsp.a(alt_release_fd.o)
 .data          0x00000000100d82a0        0x0 ../neural_bsp/\libhal_bsp.a(alt_sbrk.o)
 .data          0x00000000100d82a0        0x0 ../neural_bsp/\libhal_bsp.a(alt_tick.o)
 .data          0x00000000100d82a0        0x0 ../neural_bsp/\libhal_bsp.a(alt_write.o)
 .data          0x00000000100d82a0     0x1088 ../neural_bsp/\libhal_bsp.a(alt_sys_init.o)
 .data          0x00000000100d9328        0x0 ../neural_bsp/\libhal_bsp.a(altera_avalon_jtag_uart_fd.o)
 .data          0x00000000100d9328        0x0 ../neural_bsp/\libhal_bsp.a(altera_avalon_jtag_uart_init.o)
 .data          0x00000000100d9328        0x0 ../neural_bsp/\libhal_bsp.a(altera_avalon_jtag_uart_ioctl.o)
 .data          0x00000000100d9328        0x0 ../neural_bsp/\libhal_bsp.a(altera_avalon_jtag_uart_read.o)
 .data          0x00000000100d9328        0x0 ../neural_bsp/\libhal_bsp.a(altera_avalon_jtag_uart_write.o)
 .data          0x00000000100d9328        0x0 ../neural_bsp/\libhal_bsp.a(altera_hostfs.o)
 .data          0x00000000100d9328        0x0 ../neural_bsp/\libhal_bsp.a(alt_alarm_start.o)
 .data          0x00000000100d9328        0x0 ../neural_bsp/\libhal_bsp.a(alt_dcache_flush_all.o)
 .data          0x00000000100d9328        0x0 ../neural_bsp/\libhal_bsp.a(alt_dev_llist_insert.o)
 .data          0x00000000100d9328        0x0 ../neural_bsp/\libhal_bsp.a(alt_do_ctors.o)
 .data          0x00000000100d9328        0x0 ../neural_bsp/\libhal_bsp.a(alt_do_dtors.o)
 .data          0x00000000100d9328        0x0 ../neural_bsp/\libhal_bsp.a(alt_fs_reg.o)
 .data          0x00000000100d9328        0x0 ../neural_bsp/\libhal_bsp.a(alt_icache_flush_all.o)
 .data          0x00000000100d9328        0x0 ../neural_bsp/\libhal_bsp.a(alt_iic.o)
 .data          0x00000000100d9328        0x0 ../neural_bsp/\libhal_bsp.a(alt_iic_isr_register.o)
 .data          0x00000000100d9328        0x0 ../neural_bsp/\libhal_bsp.a(alt_io_redirect.o)
 .data          0x00000000100d9328        0x0 ../neural_bsp/\libhal_bsp.a(alt_irq_entry.o)
 .data          0x00000000100d9328        0x0 ../neural_bsp/\libhal_bsp.a(alt_irq_handler.o)
 .data          0x00000000100d9328        0x0 ../neural_bsp/\libhal_bsp.a(alt_irq_vars.o)
 .data          0x00000000100d9328        0x0 ../neural_bsp/\libhal_bsp.a(alt_open.o)
 .data          0x00000000100d9328        0x0 ../neural_bsp/\libhal_bsp.a(altera_nios2_gen2_irq.o)
 .data          0x00000000100d9328        0x0 ../neural_bsp/\libhal_bsp.a(alt_exception_entry.o)
 .data          0x00000000100d9328        0x0 ../neural_bsp/\libhal_bsp.a(alt_find_dev.o)
 .data          0x00000000100d9328        0x0 ../neural_bsp/\libhal_bsp.a(alt_find_file.o)
 .data          0x00000000100d9328        0x0 ../neural_bsp/\libhal_bsp.a(alt_get_fd.o)
 .data          0x00000000100d9328        0x0 ../neural_bsp/\libhal_bsp.a(alt_instruction_exception_entry.o)
 .data          0x00000000100d9328        0x0 ../neural_bsp//newlib/nios2-elf/lib\libc.a(lib_a-atexit.o)
 .data          0x00000000100d9328        0x0 ../neural_bsp//newlib/nios2-elf/lib\libc.a(lib_a-exit.o)
 .data          0x00000000100d9328        0x0 ../neural_bsp//newlib/nios2-elf/lib\libc.a(lib_a-memcmp.o)
 .data          0x00000000100d9328        0x0 ../neural_bsp//newlib/nios2-elf/lib\libc.a(lib_a-__atexit.o)
 .data          0x00000000100d9328        0x0 ../neural_bsp//newlib/nios2-elf/lib\libc.a(lib_a-__call_atexit.o)
 .data          0x00000000100d9328        0x0 c:/altera/16.0/nios2eds/bin/gnu/h-x86_64-mingw32/bin/../lib/gcc/nios2-elf/5.2.0/mno-hw-mul\libgcc.a(_muldi3.o)
 .data          0x00000000100d9328        0x0 ../neural_bsp/\libhal_bsp.a(alt_exit.o)
                0x00000000100e1328                _gp = ABSOLUTE ((. + 0x8000))
                [!provide]                        PROVIDE (gp, _gp)
 *(.rwdata .rwdata.*)
 *(.sdata .sdata.* .gnu.linkonce.s.*)
 .sdata         0x00000000100d9328        0x8 obj/default/formula.o
                0x00000000100d9328                to_hw_port
                0x00000000100d932c                to_sw_port
 .sdata._impure_ptr
                0x00000000100d9330        0x4 ../neural_bsp//newlib/nios2-elf/lib\libc.a(lib_a-impure.o)
                0x00000000100d9330                _impure_ptr
 .sdata._global_impure_ptr
                0x00000000100d9334        0x4 ../neural_bsp//newlib/nios2-elf/lib\libc.a(lib_a-impure.o)
                0x00000000100d9334                _global_impure_ptr
 .sdata.__malloc_trim_threshold
                0x00000000100d9338        0x4 ../neural_bsp//newlib/nios2-elf/lib\libc.a(lib_a-mallocr.o)
                0x00000000100d9338                __malloc_trim_threshold
 .sdata.__malloc_sbrk_base
                0x00000000100d933c        0x4 ../neural_bsp//newlib/nios2-elf/lib\libc.a(lib_a-mallocr.o)
                0x00000000100d933c                __malloc_sbrk_base
 .sdata.two54   0x00000000100d9340        0x8 ../neural_bsp//newlib/nios2-elf/lib\libc.a(lib_a-s_scalbn.o)
 .sdata.twom54  0x00000000100d9348        0x8 ../neural_bsp//newlib/nios2-elf/lib\libc.a(lib_a-s_scalbn.o)
 .sdata.huge    0x00000000100d9350        0x8 ../neural_bsp//newlib/nios2-elf/lib\libc.a(lib_a-s_scalbn.o)
 .sdata.tiny    0x00000000100d9358        0x8 ../neural_bsp//newlib/nios2-elf/lib\libc.a(lib_a-s_scalbn.o)
 .sdata.__ctype_ptr__
                0x00000000100d9360        0x4 ../neural_bsp//newlib/nios2-elf/lib\libc.a(lib_a-ctype_.o)
                0x00000000100d9360                __ctype_ptr__
 .sdata.__mb_cur_max
                0x00000000100d9364        0x4 ../neural_bsp//newlib/nios2-elf/lib\libc.a(lib_a-locale.o)
                0x00000000100d9364                __mb_cur_max
 .sdata.__wctomb
                0x00000000100d9368        0x4 ../neural_bsp//newlib/nios2-elf/lib\libc.a(lib_a-wctomb_r.o)
                0x00000000100d9368                __wctomb
 .sdata         0x00000000100d936c       0x14 ../neural_bsp/\libhal_bsp.a(alt_dev.o)
                0x00000000100d936c                alt_fs_list
                0x00000000100d9374                alt_dev_list
                0x00000000100d937c                alt_max_fd
 .sdata         0x00000000100d9380        0x4 ../neural_bsp/\libhal_bsp.a(alt_errno.o)
                0x00000000100d9380                alt_errno
 .sdata         0x00000000100d9384        0x4 ../neural_bsp/\libhal_bsp.a(alt_sbrk.o)
 .sdata         0x00000000100d9388        0x8 ../neural_bsp/\libhal_bsp.a(alt_tick.o)
                0x00000000100d9388                alt_alarm_list
 .sdata         0x00000000100d9390       0x46 ../neural_bsp/\libhal_bsp.a(altera_hostfs.o)
 *fill*         0x00000000100d93d6        0x2 
 .sdata         0x00000000100d93d8        0x4 ../neural_bsp/\libhal_bsp.a(alt_irq_vars.o)
                0x00000000100d93d8                alt_priority_mask
 *(.sdata2 .sdata2.* .gnu.linkonce.s2.*)
                0x00000000100d93dc                . = ALIGN (0x4)
                0x00000000100d93dc                _edata = ABSOLUTE (.)
                [!provide]                        PROVIDE (edata, ABSOLUTE (.))
                0x00000000100d93dc                PROVIDE (__ram_rwdata_end, ABSOLUTE (.))
                0x00000000100d93dc                PROVIDE (__flash_rwdata_start, LOADADDR (.rwdata))

.bss            0x00000000100e2c64      0x1f0
                0x00000000100e2c64                __bss_start = ABSOLUTE (.)
                [!provide]                        PROVIDE (__sbss_start, ABSOLUTE (.))
                [!provide]                        PROVIDE (___sbss_start, ABSOLUTE (.))
 *(.dynsbss)
 *(.sbss .sbss.* .gnu.linkonce.sb.*)
 .sbss          0x00000000100e2c64        0xc obj/default/main.o
                0x00000000100e2c64                total_runs
                0x00000000100e2c68                num_incorrect
                0x00000000100e2c6c                curr_point
 .sbss.__malloc_top_pad
                0x00000000100e2c70        0x4 ../neural_bsp//newlib/nios2-elf/lib\libc.a(lib_a-mallocr.o)
                0x00000000100e2c70                __malloc_top_pad
 .sbss.__malloc_max_sbrked_mem
                0x00000000100e2c74        0x4 ../neural_bsp//newlib/nios2-elf/lib\libc.a(lib_a-mallocr.o)
                0x00000000100e2c74                __malloc_max_sbrked_mem
 .sbss.__malloc_max_total_mem
                0x00000000100e2c78        0x4 ../neural_bsp//newlib/nios2-elf/lib\libc.a(lib_a-mallocr.o)
                0x00000000100e2c78                __malloc_max_total_mem
 .sbss.__sfp_lock
                0x00000000100e2c7c        0x4 ../neural_bsp//newlib/nios2-elf/lib\libc.a(lib_a-findfp.o)
 .sbss.__sinit_lock
                0x00000000100e2c80        0x4 ../neural_bsp//newlib/nios2-elf/lib\libc.a(lib_a-findfp.o)
 .sbss          0x00000000100e2c84        0x4 ../neural_bsp//newlib/nios2-elf/lib\libc.a(lib_a-int_errno.o)
                0x00000000100e2c84                errno
 .sbss.__nlocale_changed
                0x00000000100e2c88        0x4 ../neural_bsp//newlib/nios2-elf/lib\libc.a(lib_a-locale.o)
                0x00000000100e2c88                __nlocale_changed
 .sbss.__mlocale_changed
                0x00000000100e2c8c        0x4 ../neural_bsp//newlib/nios2-elf/lib\libc.a(lib_a-locale.o)
                0x00000000100e2c8c                __mlocale_changed
 .sbss._PathLocale
                0x00000000100e2c90        0x4 ../neural_bsp//newlib/nios2-elf/lib\libc.a(lib_a-locale.o)
                0x00000000100e2c90                _PathLocale
 .sbss.lc_ctype_cjk_lang
                0x00000000100e2c94        0x4 ../neural_bsp//newlib/nios2-elf/lib\libc.a(lib_a-locale.o)
 .sbss          0x00000000100e2c98       0x10 ../neural_bsp/\libhal_bsp.a(alt_gettod.o)
                0x00000000100e2c98                alt_timezone
                0x00000000100e2ca0                alt_resettime
 .sbss          0x00000000100e2ca8        0xc ../neural_bsp/\libhal_bsp.a(alt_main.o)
                0x00000000100e2ca8                alt_argc
                0x00000000100e2cac                alt_argv
                0x00000000100e2cb0                alt_envp
 .sbss          0x00000000100e2cb4        0x8 ../neural_bsp/\libhal_bsp.a(alt_tick.o)
                0x00000000100e2cb4                _alt_tick_rate
                0x00000000100e2cb8                _alt_nticks
 .sbss          0x00000000100e2cbc        0x4 ../neural_bsp/\libhal_bsp.a(alt_irq_vars.o)
                0x00000000100e2cbc                alt_irq_active
 .sbss          0x00000000100e2cc0        0x4 ../neural_bsp/\libhal_bsp.a(alt_instruction_exception_entry.o)
                0x00000000100e2cc0                alt_instruction_exception_handler
 .sbss.__atexit_lock
                0x00000000100e2cc4        0x4 ../neural_bsp//newlib/nios2-elf/lib\libc.a(lib_a-__call_atexit.o)
 *(.sbss2 .sbss2.* .gnu.linkonce.sb2.*)
 *(.scommon)
                [!provide]                        PROVIDE (__sbss_end, ABSOLUTE (.))
                [!provide]                        PROVIDE (___sbss_end, ABSOLUTE (.))
 *(.dynbss)
 *(.bss .bss.* .gnu.linkonce.b.*)
 .bss           0x00000000100e2cc8        0x0 ../neural_bsp//obj/HAL/src/crt0.o
 .bss           0x00000000100e2cc8        0x0 obj/default/formula.o
 .bss           0x00000000100e2cc8        0x0 obj/default/main.o
 .bss           0x00000000100e2cc8        0x0 obj/default/types.o
 .bss           0x00000000100e2cc8        0x0 c:/altera/16.0/nios2eds/bin/gnu/h-x86_64-mingw32/bin/../lib/gcc/nios2-elf/5.2.0/mno-hw-mul\libgcc.a(_fixunssfsi.o)
 .bss           0x00000000100e2cc8        0x0 c:/altera/16.0/nios2eds/bin/gnu/h-x86_64-mingw32/bin/../lib/gcc/nios2-elf/5.2.0/mno-hw-mul\libgcc.a(lib2-divmod.o)
 .bss           0x00000000100e2cc8        0x0 c:/altera/16.0/nios2eds/bin/gnu/h-x86_64-mingw32/bin/../lib/gcc/nios2-elf/5.2.0/mno-hw-mul\libgcc.a(addsf3.o)
 .bss           0x00000000100e2cc8        0x0 c:/altera/16.0/nios2eds/bin/gnu/h-x86_64-mingw32/bin/../lib/gcc/nios2-elf/5.2.0/mno-hw-mul\libgcc.a(divsf3.o)
 .bss           0x00000000100e2cc8        0x0 c:/altera/16.0/nios2eds/bin/gnu/h-x86_64-mingw32/bin/../lib/gcc/nios2-elf/5.2.0/mno-hw-mul\libgcc.a(eqsf2.o)
 .bss           0x00000000100e2cc8        0x0 c:/altera/16.0/nios2eds/bin/gnu/h-x86_64-mingw32/bin/../lib/gcc/nios2-elf/5.2.0/mno-hw-mul\libgcc.a(gesf2.o)
 .bss           0x00000000100e2cc8        0x0 c:/altera/16.0/nios2eds/bin/gnu/h-x86_64-mingw32/bin/../lib/gcc/nios2-elf/5.2.0/mno-hw-mul\libgcc.a(lesf2.o)
 .bss           0x00000000100e2cc8        0x0 c:/altera/16.0/nios2eds/bin/gnu/h-x86_64-mingw32/bin/../lib/gcc/nios2-elf/5.2.0/mno-hw-mul\libgcc.a(mulsf3.o)
 .bss           0x00000000100e2cc8        0x0 c:/altera/16.0/nios2eds/bin/gnu/h-x86_64-mingw32/bin/../lib/gcc/nios2-elf/5.2.0/mno-hw-mul\libgcc.a(subsf3.o)
 .bss           0x00000000100e2cc8        0x0 c:/altera/16.0/nios2eds/bin/gnu/h-x86_64-mingw32/bin/../lib/gcc/nios2-elf/5.2.0/mno-hw-mul\libgcc.a(fixsfsi.o)
 .bss           0x00000000100e2cc8        0x0 c:/altera/16.0/nios2eds/bin/gnu/h-x86_64-mingw32/bin/../lib/gcc/nios2-elf/5.2.0/mno-hw-mul\libgcc.a(floatsisf.o)
 .bss           0x00000000100e2cc8        0x0 c:/altera/16.0/nios2eds/bin/gnu/h-x86_64-mingw32/bin/../lib/gcc/nios2-elf/5.2.0/mno-hw-mul\libgcc.a(floatunsisf.o)
 .bss           0x00000000100e2cc8        0x0 c:/altera/16.0/nios2eds/bin/gnu/h-x86_64-mingw32/bin/../lib/gcc/nios2-elf/5.2.0/mno-hw-mul\libgcc.a(adddf3.o)
 .bss           0x00000000100e2cc8        0x0 c:/altera/16.0/nios2eds/bin/gnu/h-x86_64-mingw32/bin/../lib/gcc/nios2-elf/5.2.0/mno-hw-mul\libgcc.a(divdf3.o)
 .bss           0x00000000100e2cc8        0x0 c:/altera/16.0/nios2eds/bin/gnu/h-x86_64-mingw32/bin/../lib/gcc/nios2-elf/5.2.0/mno-hw-mul\libgcc.a(ledf2.o)
 .bss           0x00000000100e2cc8        0x0 c:/altera/16.0/nios2eds/bin/gnu/h-x86_64-mingw32/bin/../lib/gcc/nios2-elf/5.2.0/mno-hw-mul\libgcc.a(muldf3.o)
 .bss           0x00000000100e2cc8        0x0 c:/altera/16.0/nios2eds/bin/gnu/h-x86_64-mingw32/bin/../lib/gcc/nios2-elf/5.2.0/mno-hw-mul\libgcc.a(subdf3.o)
 .bss           0x00000000100e2cc8        0x0 c:/altera/16.0/nios2eds/bin/gnu/h-x86_64-mingw32/bin/../lib/gcc/nios2-elf/5.2.0/mno-hw-mul\libgcc.a(extendsfdf2.o)
 .bss           0x00000000100e2cc8        0x0 c:/altera/16.0/nios2eds/bin/gnu/h-x86_64-mingw32/bin/../lib/gcc/nios2-elf/5.2.0/mno-hw-mul\libgcc.a(truncdfsf2.o)
 .bss           0x00000000100e2cc8        0x0 c:/altera/16.0/nios2eds/bin/gnu/h-x86_64-mingw32/bin/../lib/gcc/nios2-elf/5.2.0/mno-hw-mul\libgcc.a(_clzsi2.o)
 .bss           0x00000000100e2cc8        0x0 c:/altera/16.0/nios2eds/bin/gnu/h-x86_64-mingw32/bin/../lib/gcc/nios2-elf/5.2.0/mno-hw-mul\libgcc.a(lib2-mul.o)
 .bss           0x00000000100e2cc8        0x0 c:/altera/16.0/nios2eds/bin/gnu/h-x86_64-mingw32/bin/../lib/gcc/nios2-elf/5.2.0/mno-hw-mul\libgcc.a(_clz.o)
 .bss           0x00000000100e2cc8        0x0 ../neural_bsp//newlib/nios2-elf/lib\libc.a(lib_a-atoi.o)
 .bss           0x00000000100e2cc8        0x0 ../neural_bsp//newlib/nios2-elf/lib\libc.a(lib_a-calloc.o)
 .bss           0x00000000100e2cc8        0x0 ../neural_bsp//newlib/nios2-elf/lib\libc.a(lib_a-callocr.o)
 .bss           0x00000000100e2cc8        0x0 ../neural_bsp//newlib/nios2-elf/lib\libc.a(lib_a-drand48.o)
 .bss           0x00000000100e2cc8        0x0 ../neural_bsp//newlib/nios2-elf/lib\libc.a(lib_a-erand48.o)
 .bss           0x00000000100e2cc8        0x0 ../neural_bsp//newlib/nios2-elf/lib\libc.a(lib_a-getc.o)
 .bss           0x00000000100e2cc8        0x0 ../neural_bsp//newlib/nios2-elf/lib\libc.a(lib_a-impure.o)
 .bss           0x00000000100e2cc8        0x0 ../neural_bsp//newlib/nios2-elf/lib\libc.a(lib_a-malloc.o)
 .bss           0x00000000100e2cc8        0x0 ../neural_bsp//newlib/nios2-elf/lib\libc.a(lib_a-mallocr.o)
 .bss.__malloc_current_mallinfo
                0x00000000100e2cc8       0x28 ../neural_bsp//newlib/nios2-elf/lib\libc.a(lib_a-mallocr.o)
                0x00000000100e2cc8                __malloc_current_mallinfo
 .bss           0x00000000100e2cf0        0x0 ../neural_bsp//newlib/nios2-elf/lib\libc.a(lib_a-memset.o)
 .bss           0x00000000100e2cf0        0x0 ../neural_bsp//newlib/nios2-elf/lib\libc.a(lib_a-printf.o)
 .bss           0x00000000100e2cf0        0x0 ../neural_bsp//newlib/nios2-elf/lib\libc.a(lib_a-putchar.o)
 .bss           0x00000000100e2cf0        0x0 ../neural_bsp//newlib/nios2-elf/lib\libc.a(lib_a-puts.o)
 .bss           0x00000000100e2cf0        0x0 ../neural_bsp//newlib/nios2-elf/lib\libc.a(lib_a-rand48.o)
 .bss           0x00000000100e2cf0        0x0 ../neural_bsp//newlib/nios2-elf/lib\libc.a(lib_a-realloc.o)
 .bss           0x00000000100e2cf0        0x0 ../neural_bsp//newlib/nios2-elf/lib\libc.a(lib_a-reallocr.o)
 .bss           0x00000000100e2cf0        0x0 ../neural_bsp//newlib/nios2-elf/lib\libc.a(lib_a-rget.o)
 .bss           0x00000000100e2cf0        0x0 ../neural_bsp//newlib/nios2-elf/lib\libc.a(lib_a-s_ldexp.o)
 .bss           0x00000000100e2cf0        0x0 ../neural_bsp//newlib/nios2-elf/lib\libc.a(lib_a-s_scalbn.o)
 .bss           0x00000000100e2cf0        0x0 ../neural_bsp//newlib/nios2-elf/lib\libc.a(lib_a-sbrkr.o)
 .bss           0x00000000100e2cf0        0x0 ../neural_bsp//newlib/nios2-elf/lib\libc.a(lib_a-srand48.o)
 .bss           0x00000000100e2cf0        0x0 ../neural_bsp//newlib/nios2-elf/lib\libc.a(lib_a-strlen.o)
 .bss           0x00000000100e2cf0        0x0 ../neural_bsp//newlib/nios2-elf/lib\libc.a(lib_a-strtol.o)
 .bss           0x00000000100e2cf0        0x0 ../neural_bsp//newlib/nios2-elf/lib\libc.a(lib_a-time.o)
 .bss           0x00000000100e2cf0        0x0 ../neural_bsp//newlib/nios2-elf/lib\libc.a(lib_a-vfprintf.o)
 .bss           0x00000000100e2cf0        0x0 ../neural_bsp//newlib/nios2-elf/lib\libc.a(lib_a-wsetup.o)
 .bss           0x00000000100e2cf0        0x0 ../neural_bsp//newlib/nios2-elf/lib\libc.a(lib_a-ctype_.o)
 .bss           0x00000000100e2cf0        0x0 ../neural_bsp//newlib/nios2-elf/lib\libc.a(lib_a-dtoa.o)
 .bss           0x00000000100e2cf0        0x0 ../neural_bsp//newlib/nios2-elf/lib\libc.a(lib_a-errno.o)
 .bss           0x00000000100e2cf0        0x0 ../neural_bsp//newlib/nios2-elf/lib\libc.a(lib_a-fflush.o)
 .bss           0x00000000100e2cf0        0x0 ../neural_bsp//newlib/nios2-elf/lib\libc.a(lib_a-findfp.o)
 .bss           0x00000000100e2cf0        0x0 ../neural_bsp//newlib/nios2-elf/lib\libc.a(lib_a-freer.o)
 .bss           0x00000000100e2cf0        0x0 ../neural_bsp//newlib/nios2-elf/lib\libc.a(lib_a-fvwrite.o)
 .bss           0x00000000100e2cf0        0x0 ../neural_bsp//newlib/nios2-elf/lib\libc.a(lib_a-fwalk.o)
 .bss           0x00000000100e2cf0        0x0 ../neural_bsp//newlib/nios2-elf/lib\libc.a(lib_a-gettimeofdayr.o)
 .bss           0x00000000100e2cf0        0x0 ../neural_bsp//newlib/nios2-elf/lib\libc.a(lib_a-int_errno.o)
 .bss           0x00000000100e2cf0        0x0 ../neural_bsp//newlib/nios2-elf/lib\libc.a(lib_a-locale.o)
 .bss           0x00000000100e2cf0        0x0 ../neural_bsp//newlib/nios2-elf/lib\libc.a(lib_a-makebuf.o)
 .bss           0x00000000100e2cf0        0x0 ../neural_bsp//newlib/nios2-elf/lib\libc.a(lib_a-memchr.o)
 .bss           0x00000000100e2cf0        0x0 ../neural_bsp//newlib/nios2-elf/lib\libc.a(lib_a-memcpy.o)
 .bss           0x00000000100e2cf0        0x0 ../neural_bsp//newlib/nios2-elf/lib\libc.a(lib_a-memmove.o)
 .bss           0x00000000100e2cf0        0x0 ../neural_bsp//newlib/nios2-elf/lib\libc.a(lib_a-mprec.o)
 .bss           0x00000000100e2cf0        0x0 ../neural_bsp//newlib/nios2-elf/lib\libc.a(lib_a-putc.o)
 .bss           0x00000000100e2cf0        0x0 ../neural_bsp//newlib/nios2-elf/lib\libc.a(lib_a-refill.o)
 .bss           0x00000000100e2cf0        0x0 ../neural_bsp//newlib/nios2-elf/lib\libc.a(lib_a-s_copysign.o)
 .bss           0x00000000100e2cf0        0x0 ../neural_bsp//newlib/nios2-elf/lib\libc.a(lib_a-s_finite.o)
 .bss           0x00000000100e2cf0        0x0 ../neural_bsp//newlib/nios2-elf/lib\libc.a(lib_a-s_fpclassify.o)
 .bss           0x00000000100e2cf0        0x0 ../neural_bsp//newlib/nios2-elf/lib\libc.a(lib_a-stdio.o)
 .bss           0x00000000100e2cf0        0x0 ../neural_bsp//newlib/nios2-elf/lib\libc.a(lib_a-strcmp.o)
 .bss           0x00000000100e2cf0        0x0 ../neural_bsp//newlib/nios2-elf/lib\libc.a(lib_a-vfiprintf.o)
 .bss           0x00000000100e2cf0        0x0 ../neural_bsp//newlib/nios2-elf/lib\libc.a(lib_a-wbuf.o)
 .bss           0x00000000100e2cf0        0x0 ../neural_bsp//newlib/nios2-elf/lib\libc.a(lib_a-writer.o)
 .bss           0x00000000100e2cf0        0x0 ../neural_bsp//newlib/nios2-elf/lib\libc.a(closer.o)
 .bss           0x00000000100e2cf0        0x0 ../neural_bsp//newlib/nios2-elf/lib\libc.a(lib_a-fclose.o)
 .bss           0x00000000100e2cf0        0x0 ../neural_bsp//newlib/nios2-elf/lib\libc.a(lib_a-fputwc.o)
 .bss           0x00000000100e2cf0        0x0 ../neural_bsp//newlib/nios2-elf/lib\libc.a(lib_a-fstatr.o)
 .bss           0x00000000100e2cf0        0x0 ../neural_bsp//newlib/nios2-elf/lib\libc.a(lib_a-isattyr.o)
 .bss           0x00000000100e2cf0        0x0 ../neural_bsp//newlib/nios2-elf/lib\libc.a(lib_a-lseekr.o)
 .bss           0x00000000100e2cf0        0x0 ../neural_bsp//newlib/nios2-elf/lib\libc.a(lib_a-readr.o)
 .bss           0x00000000100e2cf0        0x0 ../neural_bsp//newlib/nios2-elf/lib\libc.a(lib_a-wcrtomb.o)
 .bss           0x00000000100e2cf0        0x0 ../neural_bsp//newlib/nios2-elf/lib\libc.a(lib_a-wctomb_r.o)
 .bss           0x00000000100e2cf0        0x0 c:/altera/16.0/nios2eds/bin/gnu/h-x86_64-mingw32/bin/../lib/gcc/nios2-elf/5.2.0/mno-hw-mul\libgcc.a(_udivdi3.o)
 .bss           0x00000000100e2cf0        0x0 c:/altera/16.0/nios2eds/bin/gnu/h-x86_64-mingw32/bin/../lib/gcc/nios2-elf/5.2.0/mno-hw-mul\libgcc.a(_umoddi3.o)
 .bss           0x00000000100e2cf0        0x0 c:/altera/16.0/nios2eds/bin/gnu/h-x86_64-mingw32/bin/../lib/gcc/nios2-elf/5.2.0/mno-hw-mul\libgcc.a(eqdf2.o)
 .bss           0x00000000100e2cf0        0x0 c:/altera/16.0/nios2eds/bin/gnu/h-x86_64-mingw32/bin/../lib/gcc/nios2-elf/5.2.0/mno-hw-mul\libgcc.a(gedf2.o)
 .bss           0x00000000100e2cf0        0x0 c:/altera/16.0/nios2eds/bin/gnu/h-x86_64-mingw32/bin/../lib/gcc/nios2-elf/5.2.0/mno-hw-mul\libgcc.a(fixdfsi.o)
 .bss           0x00000000100e2cf0        0x0 c:/altera/16.0/nios2eds/bin/gnu/h-x86_64-mingw32/bin/../lib/gcc/nios2-elf/5.2.0/mno-hw-mul\libgcc.a(floatsidf.o)
 .bss           0x00000000100e2cf0        0x0 c:/altera/16.0/nios2eds/bin/gnu/h-x86_64-mingw32/bin/../lib/gcc/nios2-elf/5.2.0/mno-hw-mul\libgcc.a(floatunsidf.o)
 .bss           0x00000000100e2cf0        0x0 ../neural_bsp/\libhal_bsp.a(alt_close.o)
 .bss           0x00000000100e2cf0        0x0 ../neural_bsp/\libhal_bsp.a(alt_dev.o)
 .bss           0x00000000100e2cf0        0x0 ../neural_bsp/\libhal_bsp.a(alt_errno.o)
 .bss           0x00000000100e2cf0        0x0 ../neural_bsp/\libhal_bsp.a(alt_fstat.o)
 .bss           0x00000000100e2cf0        0x0 ../neural_bsp/\libhal_bsp.a(alt_gettod.o)
 .bss           0x00000000100e2cf0        0x0 ../neural_bsp/\libhal_bsp.a(alt_isatty.o)
 .bss           0x00000000100e2cf0        0x0 ../neural_bsp/\libhal_bsp.a(alt_load.o)
 .bss           0x00000000100e2cf0        0x0 ../neural_bsp/\libhal_bsp.a(alt_lseek.o)
 .bss           0x00000000100e2cf0        0x0 ../neural_bsp/\libhal_bsp.a(alt_main.o)
 .bss           0x00000000100e2cf0        0x0 ../neural_bsp/\libhal_bsp.a(alt_malloc_lock.o)
 .bss           0x00000000100e2cf0        0x0 ../neural_bsp/\libhal_bsp.a(alt_read.o)